2026-09-13 16:03:58,367 : INFO : root : Loading config.
2026-09-13 16:03:58,434 : INFO : ConfigProcessor : Config spec file cache created: /var/folders/k0/j_dpx55x4kndbs36pl2nt9l00000gn/T/config_spec.mpf_cache
2026-09-13 16:03:58,434 : INFO : YamlMultifileConfigLoader : Machine config file #1: config.yaml
2026-09-13 16:03:58,435 : INFO : ConfigProcessor : Loading config from file /Users/samhughes/mpf/lib/python3.13/site-packages/mpf/mpfconfig.yaml.
2026-09-13 16:03:58,450 : INFO : ConfigProcessor : Loading config: /Users/samhughes/mpf/lib/python3.13/site-packages/mpf/mpfconfig.yaml
2026-09-13 16:03:58,450 : INFO : ConfigProcessor : Loading config from file /Users/samhughes/Desktop/Hollow-Knight-Pinball/config/config.yaml.
2026-09-13 16:03:58,452 : INFO : ConfigProcessor : Loading config: /Users/samhughes/Desktop/Hollow-Knight-Pinball/config/config.yaml
2026-09-13 16:03:58,455 : INFO : ConfigProcessor : Loading config: /Users/samhughes/Desktop/Hollow-Knight-Pinball/config/config_switches.yaml
2026-09-13 16:03:58,456 : INFO : ConfigProcessor : Loading config: /Users/samhughes/Desktop/Hollow-Knight-Pinball/config/config_coils.yaml
2026-09-13 16:03:58,457 : INFO : ConfigProcessor : Loading config: /Users/samhughes/Desktop/Hollow-Knight-Pinball/config/config_lights.yaml
2026-09-13 16:03:58,458 : INFO : ConfigProcessor : Loading config: /Users/samhughes/Desktop/Hollow-Knight-Pinball/config/config_ball_devices.yaml
2026-09-13 16:03:58,460 : INFO : ConfigProcessor : Loading config: /Users/samhughes/Desktop/Hollow-Knight-Pinball/config/config_player_variables.yaml
2026-09-13 16:03:58,460 : INFO : ConfigProcessor : Config file cache created: /var/folders/k0/j_dpx55x4kndbs36pl2nt9l00000gn/T/92f7f295141fbdde09e201e7fd0f1349.mpf_cache
2026-09-13 16:03:58,490 : INFO : ConfigProcessor : Loading config from file /Users/samhughes/mpf/lib/python3.13/site-packages/mpf/modes/attract/config/attract.yaml.
2026-09-13 16:03:58,491 : INFO : ConfigProcessor : Loading config: /Users/samhughes/mpf/lib/python3.13/site-packages/mpf/modes/attract/config/attract.yaml
2026-09-13 16:03:58,491 : INFO : ConfigProcessor : Loading config from file /Users/samhughes/Desktop/Hollow-Knight-Pinball/modes/attract/config/attract.yaml.
2026-09-13 16:03:58,493 : INFO : ConfigProcessor : Loading config: /Users/samhughes/Desktop/Hollow-Knight-Pinball/modes/attract/config/attract.yaml
2026-09-13 16:03:58,493 : INFO : ConfigProcessor : Config file cache created: /var/folders/k0/j_dpx55x4kndbs36pl2nt9l00000gn/T/7b77bdcd1da4c54cc720d492bab55a0d.mpf_cache
2026-09-13 16:03:58,493 : INFO : ConfigProcessor : Loading config from file /Users/samhughes/mpf/lib/python3.13/site-packages/mpf/modes/game/config/game.yaml.
2026-09-13 16:03:58,494 : INFO : ConfigProcessor : Loading config: /Users/samhughes/mpf/lib/python3.13/site-packages/mpf/modes/game/config/game.yaml
2026-09-13 16:03:58,494 : INFO : ConfigProcessor : Config file cache created: /var/folders/k0/j_dpx55x4kndbs36pl2nt9l00000gn/T/501e18c1625d42f1ba9bf53b020c49c5.mpf_cache
2026-09-13 16:03:58,494 : INFO : ConfigProcessor : Loading config from cache: /var/folders/k0/j_dpx55x4kndbs36pl2nt9l00000gn/T/7b77bdcd1da4c54cc720d492bab55a0d.mpf_cache
2026-09-13 16:03:58,494 : INFO : ConfigProcessor : Loading config from file /Users/samhughes/Desktop/Hollow-Knight-Pinball/modes/base/config/base.yaml.
2026-09-13 16:03:58,497 : INFO : ConfigProcessor : Loading config: /Users/samhughes/Desktop/Hollow-Knight-Pinball/modes/base/config/base.yaml
2026-09-13 16:03:58,498 : INFO : ConfigProcessor : Config file cache created: /var/folders/k0/j_dpx55x4kndbs36pl2nt9l00000gn/T/dda6f4da00898f9f0a4796a41d9a2ef0.mpf_cache
2026-09-13 16:03:58,498 : INFO : ConfigProcessor : Loading config from file /Users/samhughes/Desktop/Hollow-Knight-Pinball/modes/right_orbit/config/right_orbit.yaml.
2026-09-13 16:03:58,499 : INFO : ConfigProcessor : Loading config: /Users/samhughes/Desktop/Hollow-Knight-Pinball/modes/right_orbit/config/right_orbit.yaml
2026-09-13 16:03:58,499 : INFO : ConfigProcessor : Config file cache created: /var/folders/k0/j_dpx55x4kndbs36pl2nt9l00000gn/T/522fc819f659907ecbd91e12554f307a.mpf_cache
2026-09-13 16:03:58,499 : INFO : ConfigProcessor : Loading config from file /Users/samhughes/Desktop/Hollow-Knight-Pinball/modes/slingshots/config/slingshots.yaml.
2026-09-13 16:03:58,501 : INFO : ConfigProcessor : Loading config: /Users/samhughes/Desktop/Hollow-Knight-Pinball/modes/slingshots/config/slingshots.yaml
2026-09-13 16:03:58,501 : INFO : ConfigProcessor : Config file cache created: /var/folders/k0/j_dpx55x4kndbs36pl2nt9l00000gn/T/05e9cee2d62266bbcd3eb3df28f11ba0.mpf_cache
2026-09-13 16:03:58,501 : INFO : ConfigProcessor : Loading config from file /Users/samhughes/Desktop/Hollow-Knight-Pinball/modes/lanes/config/lanes.yaml.
2026-09-13 16:03:58,502 : INFO : ConfigProcessor : Loading config: /Users/samhughes/Desktop/Hollow-Knight-Pinball/modes/lanes/config/lanes.yaml
2026-09-13 16:03:58,502 : INFO : ConfigProcessor : Config file cache created: /var/folders/k0/j_dpx55x4kndbs36pl2nt9l00000gn/T/a751b7622f38b4d73d2da25b66d734b1.mpf_cache
2026-09-13 16:03:58,502 : INFO : ConfigProcessor : Loading config from file /Users/samhughes/Desktop/Hollow-Knight-Pinball/modes/vuk/config/vuk.yaml.
2026-09-13 16:03:58,503 : INFO : ConfigProcessor : Loading config: /Users/samhughes/Desktop/Hollow-Knight-Pinball/modes/vuk/config/vuk.yaml
2026-09-13 16:03:58,503 : INFO : ConfigProcessor : Config file cache created: /var/folders/k0/j_dpx55x4kndbs36pl2nt9l00000gn/T/515d12d22bfc89771946156b9f4733e7.mpf_cache
2026-09-13 16:03:58,503 : INFO : ConfigProcessor : Loading config from file /Users/samhughes/Desktop/Hollow-Knight-Pinball/modes/ramp/config/ramp.yaml.
2026-09-13 16:03:58,504 : INFO : ConfigProcessor : Loading config: /Users/samhughes/Desktop/Hollow-Knight-Pinball/modes/ramp/config/ramp.yaml
2026-09-13 16:03:58,504 : INFO : ConfigProcessor : Config file cache created: /var/folders/k0/j_dpx55x4kndbs36pl2nt9l00000gn/T/3db5df4db04e3e0d951f803bb6fa84e6.mpf_cache
2026-09-13 16:03:58,504 : INFO : ConfigProcessor : Loading config from file /Users/samhughes/Desktop/Hollow-Knight-Pinball/modes/left_orbit/config/left_orbit.yaml.
2026-09-13 16:03:58,505 : INFO : ConfigProcessor : Loading config: /Users/samhughes/Desktop/Hollow-Knight-Pinball/modes/left_orbit/config/left_orbit.yaml
2026-09-13 16:03:58,505 : INFO : ConfigProcessor : Config file cache created: /var/folders/k0/j_dpx55x4kndbs36pl2nt9l00000gn/T/3572cafb19834c572118c1dfbec55588.mpf_cache
2026-09-13 16:03:58,505 : INFO : ConfigProcessor : Loading config from file /Users/samhughes/Desktop/Hollow-Knight-Pinball/modes/lane_to_pop/config/lane_to_pop.yaml.
2026-09-13 16:03:58,506 : INFO : ConfigProcessor : Loading config: /Users/samhughes/Desktop/Hollow-Knight-Pinball/modes/lane_to_pop/config/lane_to_pop.yaml
2026-09-13 16:03:58,506 : INFO : ConfigProcessor : Config file cache created: /var/folders/k0/j_dpx55x4kndbs36pl2nt9l00000gn/T/39b20d9bce0c2f44f75a85f57a0d45f4.mpf_cache
2026-09-13 16:03:58,506 : INFO : ConfigProcessor : Loading config from file /Users/samhughes/Desktop/Hollow-Knight-Pinball/modes/saucer/config/saucer.yaml.
2026-09-13 16:03:58,507 : INFO : ConfigProcessor : Loading config: /Users/samhughes/Desktop/Hollow-Knight-Pinball/modes/saucer/config/saucer.yaml
2026-09-13 16:03:58,507 : INFO : ConfigProcessor : Config file cache created: /var/folders/k0/j_dpx55x4kndbs36pl2nt9l00000gn/T/189edcb2679eb1788c8ca3be3e29f2f1.mpf_cache
2026-09-13 16:03:58,507 : INFO : ConfigProcessor : Loading config from file /Users/samhughes/Desktop/Hollow-Knight-Pinball/modes/targets/config/targets.yaml.
2026-09-13 16:03:58,508 : INFO : ConfigProcessor : Loading config: /Users/samhughes/Desktop/Hollow-Knight-Pinball/modes/targets/config/targets.yaml
2026-09-13 16:03:58,508 : INFO : ConfigProcessor : Config file cache created: /var/folders/k0/j_dpx55x4kndbs36pl2nt9l00000gn/T/f00019ffccce993d2850c9d82b9dc44e.mpf_cache
2026-09-13 16:03:58,509 : INFO : ConfigProcessor : Loading config from file /Users/samhughes/Desktop/Hollow-Knight-Pinball/modes/pop_bumper/config/pop_bumper.yaml.
2026-09-13 16:03:58,509 : INFO : ConfigProcessor : Loading config: /Users/samhughes/Desktop/Hollow-Knight-Pinball/modes/pop_bumper/config/pop_bumper.yaml
2026-09-13 16:03:58,509 : INFO : ConfigProcessor : Config file cache created: /var/folders/k0/j_dpx55x4kndbs36pl2nt9l00000gn/T/14560612c17bb039b05632d29f192033.mpf_cache
2026-09-13 16:03:58,510 : INFO : ConfigProcessor : Loading config from file /Users/samhughes/Desktop/Hollow-Knight-Pinball/modes/dirtmouth/config/dirtmouth.yaml.
2026-09-13 16:03:58,511 : INFO : ConfigProcessor : Loading config: /Users/samhughes/Desktop/Hollow-Knight-Pinball/modes/dirtmouth/config/dirtmouth.yaml
2026-09-13 16:03:58,511 : INFO : ConfigProcessor : Config file cache created: /var/folders/k0/j_dpx55x4kndbs36pl2nt9l00000gn/T/1b88d79160cc8850354d058f9a270569.mpf_cache
2026-09-13 16:03:58,511 : INFO : ConfigProcessor : Loading config from file /Users/samhughes/Desktop/Hollow-Knight-Pinball/modes/false_knight_controller/config/false_knight_controller.yaml.
2026-09-13 16:03:58,512 : INFO : ConfigProcessor : Loading config: /Users/samhughes/Desktop/Hollow-Knight-Pinball/modes/false_knight_controller/config/false_knight_controller.yaml
2026-09-13 16:03:58,512 : INFO : ConfigProcessor : Config file cache created: /var/folders/k0/j_dpx55x4kndbs36pl2nt9l00000gn/T/db143814423fb474166c86cac053d40c.mpf_cache
2026-09-13 16:03:58,513 : INFO : ConfigProcessor : Loading config from file /Users/samhughes/Desktop/Hollow-Knight-Pinball/modes/frogotten_crossroads/config/frogotten_crossroads.yaml.
2026-09-13 16:03:58,514 : INFO : ConfigProcessor : Loading config: /Users/samhughes/Desktop/Hollow-Knight-Pinball/modes/frogotten_crossroads/config/frogotten_crossroads.yaml
2026-09-13 16:03:58,514 : INFO : ConfigProcessor : Config file cache created: /var/folders/k0/j_dpx55x4kndbs36pl2nt9l00000gn/T/77ecd758607ea296c19f456a8642983d.mpf_cache
2026-09-13 16:03:58,514 : INFO : ConfigProcessor : Loading config from file /Users/samhughes/Desktop/Hollow-Knight-Pinball/modes/travel_dirtmouth_to_frogotten_crossroads/config/travel_dirtmouth_to_frogotten_crossroads.yaml.
2026-09-13 16:03:58,517 : INFO : ConfigProcessor : Loading config: /Users/samhughes/Desktop/Hollow-Knight-Pinball/modes/travel_dirtmouth_to_frogotten_crossroads/config/travel_dirtmouth_to_frogotten_crossroads.yaml
2026-09-13 16:03:58,517 : INFO : ConfigProcessor : Config file cache created: /var/folders/k0/j_dpx55x4kndbs36pl2nt9l00000gn/T/7c3641fae2b7003d26f031771405f733.mpf_cache
2026-09-13 16:03:58,518 : INFO : ConfigProcessor : Loading config from file /Users/samhughes/Desktop/Hollow-Knight-Pinball/modes/carousel_mode_select/config/carousel_mode_select.yaml.
2026-09-13 16:03:58,519 : INFO : ConfigProcessor : Loading config: /Users/samhughes/Desktop/Hollow-Knight-Pinball/modes/carousel_mode_select/config/carousel_mode_select.yaml
2026-09-13 16:03:58,519 : INFO : ConfigProcessor : Config file cache created: /var/folders/k0/j_dpx55x4kndbs36pl2nt9l00000gn/T/fb7f263f29c0f8af46e6dfce6099ce86.mpf_cache
2026-09-13 16:03:58,519 : INFO : ConfigProcessor : Loading config from file /Users/samhughes/Desktop/Hollow-Knight-Pinball/modes/mask_controller/config/mask_controller.yaml.
2026-09-13 16:03:58,521 : INFO : ConfigProcessor : Loading config: /Users/samhughes/Desktop/Hollow-Knight-Pinball/modes/mask_controller/config/mask_controller.yaml
2026-09-13 16:03:58,521 : INFO : ConfigProcessor : Config file cache created: /var/folders/k0/j_dpx55x4kndbs36pl2nt9l00000gn/T/8ec02d334e515a6774c1da6355f69b0a.mpf_cache
2026-09-13 16:03:58,521 : INFO : Machine : Mission Pinball Framework Core Engine v0.81.0.dev2
2026-09-13 16:03:58,521 : INFO : Machine : Command line arguments: {'no_load_cache': False, 'create_config_cache': True, 'bcp': True, 'configfile': ['config.yaml'], 'force_assets_load': False, 'platform_integration_test': False, 'jsonlogging': False, 'logfile': 'logs/2026-09-13-16-03-58-mpf-Mac.lan.log', 'pause': False, 'production': False, 'text_ui': True, 'loglevel': 15, 'consoleloglevel': 20, 'force_platform': 'smart_virtual', 'syslog_address': None, 'full_logfile_path': '/Users/samhughes/Desktop/Hollow-Knight-Pinball/logs/2026-09-13-16-03-58-mpf-Mac.lan.log'}
2026-09-13 16:03:58,521 : INFO : Machine : MPF path: /Users/samhughes/mpf/lib/python3.13/site-packages/mpf
2026-09-13 16:03:58,521 : INFO : Machine : Machine path: /Users/samhughes/Desktop/Hollow-Knight-Pinball
2026-09-13 16:03:58,521 : INFO : Machine : Platform: darwin
2026-09-13 16:03:58,521 : INFO : Machine : Python executable location: /Users/samhughes/mpf/bin/python3.13
2026-09-13 16:03:58,521 : INFO : Machine : Python version: 3.13.2 (64-bit)
2026-09-13 16:03:58,521 : INFO : Machine : Initializing MPF...
2026-09-13 16:03:58,618 : INFO : EventManager : Event: ======'machine_var_credits_string'====== Args={'value': 'FREE PLAY', 'prev_value': None, 'change': True}
2026-09-13 16:03:58,627 : INFO : EventManager : Event: ======'machine_var_master_volume'====== Args={'value': 0.5, 'prev_value': None, 'change': True}
2026-09-13 16:03:58,627 : INFO : EventManager : Event: ======'machine_var_player1_score'====== Args={'value': 81940, 'prev_value': None, 'change': True}
2026-09-13 16:03:58,627 : INFO : EventManager : Event: ======'machine_var_mpf_version'====== Args={'value': 'Mission Pinball Framework v0.81.0.dev2', 'prev_value': None, 'change': True}
2026-09-13 16:03:58,627 : INFO : EventManager : Event: ======'machine_var_mpf_extended_version'====== Args={'value': 'Mission Pinball Framework v0.81.0.dev2, Config version:6, Show version: 6, BCP version:1.1', 'prev_value': None, 'change': True}
2026-09-13 16:03:58,628 : INFO : EventManager : Event: ======'machine_var_python_version'====== Args={'value': '3.13.2', 'prev_value': None, 'change': True}
2026-09-13 16:03:58,640 : INFO : EventManager : Event: ======'machine_var_platform'====== Args={'value': 'macOS-26.5.2-arm64-arm-64bit-Mach-O', 'prev_value': None, 'change': True}
2026-09-13 16:03:58,640 : INFO : EventManager : Event: ======'machine_var_platform_system'====== Args={'value': 'Darwin', 'prev_value': None, 'change': True}
2026-09-13 16:03:58,640 : INFO : EventManager : Event: ======'machine_var_platform_release'====== Args={'value': '25.5.0', 'prev_value': None, 'change': True}
2026-09-13 16:03:58,640 : INFO : EventManager : Event: ======'machine_var_platform_version'====== Args={'value': 'Darwin Kernel Version 25.5.0: Tue Jun  9 22:19:21 PDT 2026; root:xnu-12377.121.10~1/RELEASE_ARM64_T8122', 'prev_value': None, 'change': True}
2026-09-13 16:03:58,640 : INFO : EventManager : Event: ======'machine_var_platform_machine'====== Args={'value': 'arm64', 'prev_value': None, 'change': True}
2026-09-13 16:03:58,640 : INFO : EventManager : Event: ======'machine_var_log_file_path'====== Args={'value': '/Users/samhughes/Desktop/Hollow-Knight-Pinball/logs/2026-09-13-16-03-58-mpf-Mac.lan.log', 'prev_value': None, 'change': True}
2026-09-13 16:03:58,640 : INFO : EventManager : Event: ======'init_phase_1'====== Args={}
2026-09-13 16:03:58,651 : INFO : EventManager : Event: ======'init_phase_2'====== Args={}
2026-09-13 16:03:58,653 : INFO : EventManager : Event: ======'bcp_connection_attempt'====== Args={'name': 'local_display', 'host': 'localhost', 'port': 5050}
2026-09-13 16:03:58,654 : INFO : BCPClientSocket : Connecting BCP to 'local_display' at localhost:5050...
2026-09-13 16:04:42,809 : INFO : BCPClientSocket : Connected BCP to 'local_display' localhost:5050
2026-09-13 16:04:42,811 : INFO : EventManager : Event: ======'bcp_clients_connected'====== Args={}
2026-09-13 16:04:42,817 : INFO : ball_device.bd_trough : BCH: Initial count: 0
2026-09-13 16:04:42,818 : INFO : ball_device.bd_trough : State: idle
2026-09-13 16:04:42,818 : INFO : ball_device.bd_plunger : BCH: Initial count: 0
2026-09-13 16:04:42,818 : INFO : ball_device.bd_plunger : State: idle
2026-09-13 16:04:42,841 : INFO : EventManager : Event: ======'init_phase_3'====== Args={}
2026-09-13 16:04:42,844 : INFO : EventManager : Event: ======'init_phase_4'====== Args={}
2026-09-13 16:04:42,844 : INFO : BallController : Initial balls found: 0
2026-09-13 16:04:42,845 : INFO : EventManager : Event: ======'machine_var_audits_events_game_ended'====== Args={'value': 6, 'prev_value': None, 'change': True}
2026-09-13 16:04:42,845 : INFO : EventManager : Event: ======'machine_var_audits_events_game_started'====== Args={'value': 174, 'prev_value': None, 'change': True}
2026-09-13 16:04:42,845 : INFO : EventManager : Event: ======'machine_var_audits_missing_switches_s_back_left_target'====== Args={'value': 46, 'prev_value': None, 'change': True}
2026-09-13 16:04:42,845 : INFO : EventManager : Event: ======'machine_var_audits_missing_switches_s_back_middle_left_target'====== Args={'value': 2, 'prev_value': None, 'change': True}
2026-09-13 16:04:42,845 : INFO : EventManager : Event: ======'machine_var_audits_missing_switches_s_back_middle_right_target'====== Args={'value': 2, 'prev_value': None, 'change': True}
2026-09-13 16:04:42,845 : INFO : EventManager : Event: ======'machine_var_audits_missing_switches_s_back_right_target'====== Args={'value': 136, 'prev_value': None, 'change': True}
2026-09-13 16:04:42,845 : INFO : EventManager : Event: ======'machine_var_audits_missing_switches_s_bottom_left_slingshot'====== Args={'value': 1, 'prev_value': None, 'change': True}
2026-09-13 16:04:42,845 : INFO : EventManager : Event: ======'machine_var_audits_missing_switches_s_bottom_right_slingshot'====== Args={'value': 133, 'prev_value': None, 'change': True}
2026-09-13 16:04:42,845 : INFO : EventManager : Event: ======'machine_var_audits_missing_switches_s_front_left_target'====== Args={'value': 2, 'prev_value': None, 'change': True}
2026-09-13 16:04:42,845 : INFO : EventManager : Event: ======'machine_var_audits_missing_switches_s_front_middle_target'====== Args={'value': 2, 'prev_value': None, 'change': True}
2026-09-13 16:04:42,845 : INFO : EventManager : Event: ======'machine_var_audits_missing_switches_s_front_right_target'====== Args={'value': 3, 'prev_value': None, 'change': True}
2026-09-13 16:04:42,845 : INFO : EventManager : Event: ======'machine_var_audits_missing_switches_s_lane_to_pop'====== Args={'value': 6, 'prev_value': None, 'change': True}
2026-09-13 16:04:42,845 : INFO : EventManager : Event: ======'machine_var_audits_missing_switches_s_left_flipper'====== Args={'value': 1, 'prev_value': None, 'change': True}
2026-09-13 16:04:42,845 : INFO : EventManager : Event: ======'machine_var_audits_missing_switches_s_left_inlane'====== Args={'value': 2, 'prev_value': None, 'change': True}
2026-09-13 16:04:42,845 : INFO : EventManager : Event: ======'machine_var_audits_missing_switches_s_left_orbit'====== Args={'value': 2, 'prev_value': None, 'change': True}
2026-09-13 16:04:42,845 : INFO : EventManager : Event: ======'machine_var_audits_missing_switches_s_left_outlane'====== Args={'value': 143, 'prev_value': None, 'change': True}
2026-09-13 16:04:42,846 : INFO : EventManager : Event: ======'machine_var_audits_missing_switches_s_pop_bumper'====== Args={'value': 1, 'prev_value': None, 'change': True}
2026-09-13 16:04:42,846 : INFO : EventManager : Event: ======'machine_var_audits_missing_switches_s_ramp'====== Args={'value': 1, 'prev_value': None, 'change': True}
2026-09-13 16:04:42,846 : INFO : EventManager : Event: ======'machine_var_audits_missing_switches_s_right_flipper'====== Args={'value': 1, 'prev_value': None, 'change': True}
2026-09-13 16:04:42,846 : INFO : EventManager : Event: ======'machine_var_audits_missing_switches_s_right_inlane'====== Args={'value': 1, 'prev_value': None, 'change': True}
2026-09-13 16:04:42,846 : INFO : EventManager : Event: ======'machine_var_audits_missing_switches_s_right_orbit'====== Args={'value': 28, 'prev_value': None, 'change': True}
2026-09-13 16:04:42,846 : INFO : EventManager : Event: ======'machine_var_audits_missing_switches_s_right_outlane'====== Args={'value': 143, 'prev_value': None, 'change': True}
2026-09-13 16:04:42,846 : INFO : EventManager : Event: ======'machine_var_audits_missing_switches_s_saucer'====== Args={'value': 1, 'prev_value': None, 'change': True}
2026-09-13 16:04:42,846 : INFO : EventManager : Event: ======'machine_var_audits_missing_switches_s_top_left_slingshot'====== Args={'value': 2, 'prev_value': None, 'change': True}
2026-09-13 16:04:42,846 : INFO : EventManager : Event: ======'machine_var_audits_missing_switches_s_top_right_slingshot'====== Args={'value': 131, 'prev_value': None, 'change': True}
2026-09-13 16:04:42,846 : INFO : EventManager : Event: ======'machine_var_audits_missing_switches_s_trough_1'====== Args={'value': 137, 'prev_value': None, 'change': True}
2026-09-13 16:04:42,846 : INFO : EventManager : Event: ======'machine_var_audits_missing_switches_s_trough_2'====== Args={'value': 161, 'prev_value': None, 'change': True}
2026-09-13 16:04:42,846 : INFO : EventManager : Event: ======'machine_var_audits_missing_switches_s_trough_3'====== Args={'value': 159, 'prev_value': None, 'change': True}
2026-09-13 16:04:42,846 : INFO : EventManager : Event: ======'machine_var_audits_missing_switches_s_vuk'====== Args={'value': 1, 'prev_value': None, 'change': True}
2026-09-13 16:04:42,846 : INFO : EventManager : Event: ======'machine_var_audits_player_score'====== Args={'value': {'average': 36284, 'top': [173500, 81940, 45000, 15000, 15000, 15000, 15000, 15000, 15000, 15000], 'total': 12}, 'prev_value': None, 'change': True}
2026-09-13 16:04:42,846 : INFO : EventManager : Event: ======'machine_var_audits_shots_back_left_target'====== Args={'value': 7, 'prev_value': None, 'change': True}
2026-09-13 16:04:42,846 : INFO : EventManager : Event: ======'machine_var_audits_shots_back_middle_left_target_mask'====== Args={'value': 1, 'prev_value': None, 'change': True}
2026-09-13 16:04:42,846 : INFO : EventManager : Event: ======'machine_var_audits_shots_back_middle_right_target'====== Args={'value': 5, 'prev_value': None, 'change': True}
2026-09-13 16:04:42,846 : INFO : EventManager : Event: ======'machine_var_audits_shots_back_middle_right_target_mask'====== Args={'value': 1, 'prev_value': None, 'change': True}
2026-09-13 16:04:42,846 : INFO : EventManager : Event: ======'machine_var_audits_shots_back_right_target'====== Args={'value': 2, 'prev_value': None, 'change': True}
2026-09-13 16:04:42,846 : INFO : EventManager : Event: ======'machine_var_audits_shots_bakc_middle_left_target'====== Args={'value': 4, 'prev_value': None, 'change': True}
2026-09-13 16:04:42,846 : INFO : EventManager : Event: ======'machine_var_audits_shots_bottom_left_slingshot'====== Args={'value': 3, 'prev_value': None, 'change': True}
2026-09-13 16:04:42,846 : INFO : EventManager : Event: ======'machine_var_audits_shots_front_left_target'====== Args={'value': 7, 'prev_value': None, 'change': True}
2026-09-13 16:04:42,846 : INFO : EventManager : Event: ======'machine_var_audits_shots_front_left_target_mask'====== Args={'value': 1, 'prev_value': None, 'change': True}
2026-09-13 16:04:42,846 : INFO : EventManager : Event: ======'machine_var_audits_shots_front_middle_target'====== Args={'value': 9, 'prev_value': None, 'change': True}
2026-09-13 16:04:42,846 : INFO : EventManager : Event: ======'machine_var_audits_shots_front_middle_target_mask'====== Args={'value': 1, 'prev_value': None, 'change': True}
2026-09-13 16:04:42,846 : INFO : EventManager : Event: ======'machine_var_audits_shots_front_right_target'====== Args={'value': 9, 'prev_value': None, 'change': True}
2026-09-13 16:04:42,846 : INFO : EventManager : Event: ======'machine_var_audits_shots_front_right_target_mask'====== Args={'value': 3, 'prev_value': None, 'change': True}
2026-09-13 16:04:42,846 : INFO : EventManager : Event: ======'machine_var_audits_shots_lane_to_pop'====== Args={'value': 102, 'prev_value': None, 'change': True}
2026-09-13 16:04:42,846 : INFO : EventManager : Event: ======'machine_var_audits_shots_left_inlane'====== Args={'value': 9, 'prev_value': None, 'change': True}
2026-09-13 16:04:42,846 : INFO : EventManager : Event: ======'machine_var_audits_shots_left_orbit'====== Args={'value': 187, 'prev_value': None, 'change': True}
2026-09-13 16:04:42,846 : INFO : EventManager : Event: ======'machine_var_audits_shots_left_orbit_mask'====== Args={'value': 9, 'prev_value': None, 'change': True}
2026-09-13 16:04:42,846 : INFO : EventManager : Event: ======'machine_var_audits_shots_left_orbit_travel_dirtmouth_to_frogotten_crossroads'====== Args={'value': 96, 'prev_value': None, 'change': True}
2026-09-13 16:04:42,846 : INFO : EventManager : Event: ======'machine_var_audits_shots_left_outlane'====== Args={'value': 5, 'prev_value': None, 'change': True}
2026-09-13 16:04:42,846 : INFO : EventManager : Event: ======'machine_var_audits_shots_pop_bumper'====== Args={'value': 27, 'prev_value': None, 'change': True}
2026-09-13 16:04:42,847 : INFO : EventManager : Event: ======'machine_var_audits_shots_ramp'====== Args={'value': 81, 'prev_value': None, 'change': True}
2026-09-13 16:04:42,847 : INFO : EventManager : Event: ======'machine_var_audits_shots_ramp_mask'====== Args={'value': 3, 'prev_value': None, 'change': True}
2026-09-13 16:04:42,847 : INFO : EventManager : Event: ======'machine_var_audits_shots_ramp_travel_dirtmouth_to_frogotten_crossroads'====== Args={'value': 10, 'prev_value': None, 'change': True}
2026-09-13 16:04:42,847 : INFO : EventManager : Event: ======'machine_var_audits_shots_right_inlane'====== Args={'value': 15, 'prev_value': None, 'change': True}
2026-09-13 16:04:42,847 : INFO : EventManager : Event: ======'machine_var_audits_shots_right_orbit'====== Args={'value': 267, 'prev_value': None, 'change': True}
2026-09-13 16:04:42,847 : INFO : EventManager : Event: ======'machine_var_audits_shots_right_orbit_travel_dirtmouth_to_frogotten_crossroads'====== Args={'value': 44, 'prev_value': None, 'change': True}
2026-09-13 16:04:42,847 : INFO : EventManager : Event: ======'machine_var_audits_shots_right_outlane'====== Args={'value': 12, 'prev_value': None, 'change': True}
2026-09-13 16:04:42,847 : INFO : EventManager : Event: ======'machine_var_audits_shots_saucer'====== Args={'value': 40, 'prev_value': None, 'change': True}
2026-09-13 16:04:42,847 : INFO : EventManager : Event: ======'machine_var_audits_shots_saucer_dirtmouth'====== Args={'value': 21, 'prev_value': None, 'change': True}
2026-09-13 16:04:42,847 : INFO : EventManager : Event: ======'machine_var_audits_shots_saucer_frogotten_crossroads'====== Args={'value': 4, 'prev_value': None, 'change': True}
2026-09-13 16:04:42,847 : INFO : EventManager : Event: ======'machine_var_audits_shots_saucer_mask'====== Args={'value': 1, 'prev_value': None, 'change': True}
2026-09-13 16:04:42,847 : INFO : EventManager : Event: ======'machine_var_audits_shots_top_left_slingshot'====== Args={'value': 2, 'prev_value': None, 'change': True}
2026-09-13 16:04:42,847 : INFO : EventManager : Event: ======'machine_var_audits_shots_top_right_slingshot'====== Args={'value': 6, 'prev_value': None, 'change': True}
2026-09-13 16:04:42,847 : INFO : EventManager : Event: ======'machine_var_audits_shots_vuk'====== Args={'value': 321, 'prev_value': None, 'change': True}
2026-09-13 16:04:42,847 : INFO : EventManager : Event: ======'machine_var_audits_shots_vuk_dirtmouth'====== Args={'value': 196, 'prev_value': None, 'change': True}
2026-09-13 16:04:42,847 : INFO : EventManager : Event: ======'machine_var_audits_shots_vuk_frogotten_crossroads'====== Args={'value': 45, 'prev_value': None, 'change': True}
2026-09-13 16:04:42,847 : INFO : EventManager : Event: ======'machine_var_audits_switches_s_back_left_target'====== Args={'value': 7, 'prev_value': None, 'change': True}
2026-09-13 16:04:42,847 : INFO : EventManager : Event: ======'machine_var_audits_switches_s_back_middle_left_target'====== Args={'value': 5, 'prev_value': None, 'change': True}
2026-09-13 16:04:42,847 : INFO : EventManager : Event: ======'machine_var_audits_switches_s_back_middle_right_target'====== Args={'value': 6, 'prev_value': None, 'change': True}
2026-09-13 16:04:42,847 : INFO : EventManager : Event: ======'machine_var_audits_switches_s_back_right_target'====== Args={'value': 3, 'prev_value': None, 'change': True}
2026-09-13 16:04:42,847 : INFO : EventManager : Event: ======'machine_var_audits_switches_s_bottom_left_slingshot'====== Args={'value': 29, 'prev_value': None, 'change': True}
2026-09-13 16:04:42,847 : INFO : EventManager : Event: ======'machine_var_audits_switches_s_bottom_right_slingshot'====== Args={'value': 26, 'prev_value': None, 'change': True}
2026-09-13 16:04:42,847 : INFO : EventManager : Event: ======'machine_var_audits_switches_s_front_left_target'====== Args={'value': 7, 'prev_value': None, 'change': True}
2026-09-13 16:04:42,847 : INFO : EventManager : Event: ======'machine_var_audits_switches_s_front_middle_target'====== Args={'value': 10, 'prev_value': None, 'change': True}
2026-09-13 16:04:42,847 : INFO : EventManager : Event: ======'machine_var_audits_switches_s_front_right_target'====== Args={'value': 10, 'prev_value': None, 'change': True}
2026-09-13 16:04:42,847 : INFO : EventManager : Event: ======'machine_var_audits_switches_s_lane_to_pop'====== Args={'value': 104, 'prev_value': None, 'change': True}
2026-09-13 16:04:42,847 : INFO : EventManager : Event: ======'machine_var_audits_switches_s_left_flipper'====== Args={'value': 183, 'prev_value': None, 'change': True}
2026-09-13 16:04:42,847 : INFO : EventManager : Event: ======'machine_var_audits_switches_s_left_inlane'====== Args={'value': 10, 'prev_value': None, 'change': True}
2026-09-13 16:04:42,847 : INFO : EventManager : Event: ======'machine_var_audits_switches_s_left_orbit'====== Args={'value': 189, 'prev_value': None, 'change': True}
2026-09-13 16:04:42,847 : INFO : EventManager : Event: ======'machine_var_audits_switches_s_left_outlane'====== Args={'value': 6, 'prev_value': None, 'change': True}
2026-09-13 16:04:42,847 : INFO : EventManager : Event: ======'machine_var_audits_switches_s_plunger_lane'====== Args={'value': 352, 'prev_value': None, 'change': True}
2026-09-13 16:04:42,847 : INFO : EventManager : Event: ======'machine_var_audits_switches_s_pop_bumper'====== Args={'value': 27, 'prev_value': None, 'change': True}
2026-09-13 16:04:42,848 : INFO : EventManager : Event: ======'machine_var_audits_switches_s_ramp'====== Args={'value': 83, 'prev_value': None, 'change': True}
2026-09-13 16:04:42,848 : INFO : EventManager : Event: ======'machine_var_audits_switches_s_right_flipper'====== Args={'value': 300, 'prev_value': None, 'change': True}
2026-09-13 16:04:42,848 : INFO : EventManager : Event: ======'machine_var_audits_switches_s_right_inlane'====== Args={'value': 16, 'prev_value': None, 'change': True}
2026-09-13 16:04:42,848 : INFO : EventManager : Event: ======'machine_var_audits_switches_s_right_orbit'====== Args={'value': 301, 'prev_value': None, 'change': True}
2026-09-13 16:04:42,848 : INFO : EventManager : Event: ======'machine_var_audits_switches_s_right_outlane'====== Args={'value': 13, 'prev_value': None, 'change': True}
2026-09-13 16:04:42,848 : INFO : EventManager : Event: ======'machine_var_audits_switches_s_saucer'====== Args={'value': 47, 'prev_value': None, 'change': True}
2026-09-13 16:04:42,848 : INFO : EventManager : Event: ======'machine_var_audits_switches_s_start'====== Args={'value': 66, 'prev_value': None, 'change': True}
2026-09-13 16:04:42,848 : INFO : EventManager : Event: ======'machine_var_audits_switches_s_top_left_slingshot'====== Args={'value': 23, 'prev_value': None, 'change': True}
2026-09-13 16:04:42,848 : INFO : EventManager : Event: ======'machine_var_audits_switches_s_top_right_slingshot'====== Args={'value': 25, 'prev_value': None, 'change': True}
2026-09-13 16:04:42,848 : INFO : EventManager : Event: ======'machine_var_audits_switches_s_trough_1'====== Args={'value': 68, 'prev_value': None, 'change': True}
2026-09-13 16:04:42,848 : INFO : EventManager : Event: ======'machine_var_audits_switches_s_trough_2'====== Args={'value': 9, 'prev_value': None, 'change': True}
2026-09-13 16:04:42,848 : INFO : EventManager : Event: ======'machine_var_audits_switches_s_trough_3'====== Args={'value': 52, 'prev_value': None, 'change': True}
2026-09-13 16:04:42,848 : INFO : EventManager : Event: ======'machine_var_audits_switches_s_vuk'====== Args={'value': 341, 'prev_value': None, 'change': True}
2026-09-13 16:04:42,848 : INFO : EventManager : Event: ======'init_phase_5'====== Args={}
2026-09-13 16:04:42,849 : INFO : EventManager : Event: ======'init_done'====== Args={}
2026-09-13 16:04:42,849 : INFO : EventManager : Event: ======'machine_reset_phase_1'====== Args={}
2026-09-13 16:04:42,857 : INFO : EventManager : Event: ======'machine_reset_phase_2'====== Args={}
2026-09-13 16:04:42,857 : INFO : EventManager : Event: ======'machine_reset_phase_3'====== Args={}
2026-09-13 16:04:42,858 : INFO : EventManager : Event: ======'reset_complete'====== Args={}
2026-09-13 16:04:42,858 : INFO : EventManager : Event: ======'mode_attract_will_start'====== Args={}
2026-09-13 16:04:42,858 : INFO : Timer.attract_carousel_timer : Starting Timer.
2026-09-13 16:04:42,858 : INFO : EventManager : Event: ======'timer_attract_carousel_timer_started'====== Args={'ticks': 0, 'ticks_remaining': 1}
2026-09-13 16:04:42,858 : INFO : EventManager : Event: ======'timer_attract_carousel_timer_tick'====== Args={'ticks': 0, 'ticks_remaining': 1}
2026-09-13 16:04:42,858 : INFO : EventManager : Event: ======'mode_attract_starting'====== Args={}
2026-09-13 16:04:42,858 : INFO : Mode.attract : Started. Priority: 10
2026-09-13 16:04:42,859 : INFO : EventManager : Event: ======'modes_active_modes_changed'====== Args={}
2026-09-13 16:04:42,859 : INFO : EventManager : Event: ======'mode_attract_started'====== Args={}
2026-09-13 16:04:42,859 : INFO : EventManager : Event: ======'collecting_balls_complete'====== Args={}
2026-09-13 16:04:42,860 : INFO : EventManager : Event: ======'carousel_item_highlighted'====== Args={'carousel': 'attract', 'direction': None, 'item': 'title'}
2026-09-13 16:04:42,860 : INFO : Machine : Starting the main run loop with active modes: [<Mode.attract>]
2026-09-13 16:04:42,970 : INFO : EventManager : Event: ======'slide_attract_created'====== Args={'_from_bcp': True}
2026-09-13 16:04:42,970 : INFO : EventManager : Event: ======'slide__removed'====== Args={'_from_bcp': True}
2026-09-13 16:04:42,970 : INFO : EventManager : Event: ======'slide_attract_active'====== Args={'original_context': 'attract', 'original_calling_context': 'mode_attract_started', 'priority': 10.0, 'cmd': 'slides_play', '_from_bcp': True}
2026-09-13 16:04:50,359 : INFO : Timer.attract_carousel_timer : Timer Complete
2026-09-13 16:04:50,360 : INFO : Timer.attract_carousel_timer : Stopping Timer
2026-09-13 16:04:50,360 : INFO : EventManager : Event: ======'timer_attract_carousel_timer_stopped'====== Args={'ticks': 1, 'ticks_remaining': 1}
2026-09-13 16:04:50,360 : INFO : EventManager : Event: ======'timer_attract_carousel_timer_complete'====== Args={'ticks': 1, 'ticks_remaining': 1}
2026-09-13 16:04:50,360 : INFO : EventManager : Event: ======'carousel_item_highlighted'====== Args={'carousel': 'attract', 'direction': 'forwards', 'item': 'map'}
2026-09-13 16:04:50,361 : INFO : Timer.attract_carousel_timer : Starting Timer.
2026-09-13 16:04:50,361 : INFO : EventManager : Event: ======'timer_attract_carousel_timer_started'====== Args={'ticks': 0, 'ticks_remaining': 1}
2026-09-13 16:04:50,361 : INFO : EventManager : Event: ======'timer_attract_carousel_timer_tick'====== Args={'ticks': 0, 'ticks_remaining': 1}
2026-09-13 16:04:57,862 : INFO : Timer.attract_carousel_timer : Timer Complete
2026-09-13 16:04:57,862 : INFO : Timer.attract_carousel_timer : Stopping Timer
2026-09-13 16:04:57,862 : INFO : EventManager : Event: ======'timer_attract_carousel_timer_stopped'====== Args={'ticks': 1, 'ticks_remaining': 1}
2026-09-13 16:04:57,862 : INFO : EventManager : Event: ======'timer_attract_carousel_timer_complete'====== Args={'ticks': 1, 'ticks_remaining': 1}
2026-09-13 16:04:57,863 : INFO : EventManager : Event: ======'carousel_item_highlighted'====== Args={'carousel': 'attract', 'direction': 'forwards', 'item': 'credits'}
2026-09-13 16:04:57,863 : INFO : Timer.attract_carousel_timer : Starting Timer.
2026-09-13 16:04:57,864 : INFO : EventManager : Event: ======'timer_attract_carousel_timer_started'====== Args={'ticks': 0, 'ticks_remaining': 1}
2026-09-13 16:04:57,864 : INFO : EventManager : Event: ======'timer_attract_carousel_timer_tick'====== Args={'ticks': 0, 'ticks_remaining': 1}
2026-09-13 16:05:05,365 : INFO : Timer.attract_carousel_timer : Timer Complete
2026-09-13 16:05:05,366 : INFO : Timer.attract_carousel_timer : Stopping Timer
2026-09-13 16:05:05,366 : INFO : EventManager : Event: ======'timer_attract_carousel_timer_stopped'====== Args={'ticks': 1, 'ticks_remaining': 1}
2026-09-13 16:05:05,367 : INFO : EventManager : Event: ======'timer_attract_carousel_timer_complete'====== Args={'ticks': 1, 'ticks_remaining': 1}
2026-09-13 16:05:05,367 : INFO : EventManager : Event: ======'carousel_item_highlighted'====== Args={'carousel': 'attract', 'direction': 'forwards', 'item': 'mpf_and_cobrapin_logo'}
2026-09-13 16:05:05,368 : INFO : Timer.attract_carousel_timer : Starting Timer.
2026-09-13 16:05:05,368 : INFO : EventManager : Event: ======'timer_attract_carousel_timer_started'====== Args={'ticks': 0, 'ticks_remaining': 1}
2026-09-13 16:05:05,368 : INFO : EventManager : Event: ======'timer_attract_carousel_timer_tick'====== Args={'ticks': 0, 'ticks_remaining': 1}
2026-09-13 16:05:12,869 : INFO : Timer.attract_carousel_timer : Timer Complete
2026-09-13 16:05:12,870 : INFO : Timer.attract_carousel_timer : Stopping Timer
2026-09-13 16:05:12,870 : INFO : EventManager : Event: ======'timer_attract_carousel_timer_stopped'====== Args={'ticks': 1, 'ticks_remaining': 1}
2026-09-13 16:05:12,870 : INFO : EventManager : Event: ======'timer_attract_carousel_timer_complete'====== Args={'ticks': 1, 'ticks_remaining': 1}
2026-09-13 16:05:12,870 : INFO : EventManager : Event: ======'carousel_item_highlighted'====== Args={'carousel': 'attract', 'direction': 'forwards', 'item': 'team_cherry'}
2026-09-13 16:05:12,871 : INFO : Timer.attract_carousel_timer : Starting Timer.
2026-09-13 16:05:12,871 : INFO : EventManager : Event: ======'timer_attract_carousel_timer_started'====== Args={'ticks': 0, 'ticks_remaining': 1}
2026-09-13 16:05:12,871 : INFO : EventManager : Event: ======'timer_attract_carousel_timer_tick'====== Args={'ticks': 0, 'ticks_remaining': 1}
2026-09-13 16:05:20,372 : INFO : Timer.attract_carousel_timer : Timer Complete
2026-09-13 16:05:20,372 : INFO : Timer.attract_carousel_timer : Stopping Timer
2026-09-13 16:05:20,372 : INFO : EventManager : Event: ======'timer_attract_carousel_timer_stopped'====== Args={'ticks': 1, 'ticks_remaining': 1}
2026-09-13 16:05:20,372 : INFO : EventManager : Event: ======'timer_attract_carousel_timer_complete'====== Args={'ticks': 1, 'ticks_remaining': 1}
2026-09-13 16:05:20,373 : INFO : EventManager : Event: ======'carousel_item_highlighted'====== Args={'carousel': 'attract', 'direction': 'forwards', 'item': 'last_scores_1p'}
2026-09-13 16:05:20,373 : INFO : Timer.attract_carousel_timer : Starting Timer.
2026-09-13 16:05:20,373 : INFO : EventManager : Event: ======'timer_attract_carousel_timer_started'====== Args={'ticks': 0, 'ticks_remaining': 1}
2026-09-13 16:05:20,373 : INFO : EventManager : Event: ======'timer_attract_carousel_timer_tick'====== Args={'ticks': 0, 'ticks_remaining': 1}
2026-09-13 16:05:27,874 : INFO : Timer.attract_carousel_timer : Timer Complete
2026-09-13 16:05:27,875 : INFO : Timer.attract_carousel_timer : Stopping Timer
2026-09-13 16:05:27,875 : INFO : EventManager : Event: ======'timer_attract_carousel_timer_stopped'====== Args={'ticks': 1, 'ticks_remaining': 1}
2026-09-13 16:05:27,875 : INFO : EventManager : Event: ======'timer_attract_carousel_timer_complete'====== Args={'ticks': 1, 'ticks_remaining': 1}
2026-09-13 16:05:27,876 : INFO : EventManager : Event: ======'carousel_item_highlighted'====== Args={'carousel': 'attract', 'direction': 'forwards', 'item': 'tutorial_slash'}
2026-09-13 16:05:27,876 : INFO : Timer.attract_carousel_timer : Starting Timer.
2026-09-13 16:05:27,876 : INFO : EventManager : Event: ======'timer_attract_carousel_timer_started'====== Args={'ticks': 0, 'ticks_remaining': 1}
2026-09-13 16:05:27,877 : INFO : EventManager : Event: ======'timer_attract_carousel_timer_tick'====== Args={'ticks': 0, 'ticks_remaining': 1}
2026-09-13 16:05:35,377 : INFO : Timer.attract_carousel_timer : Timer Complete
2026-09-13 16:05:35,377 : INFO : Timer.attract_carousel_timer : Stopping Timer
2026-09-13 16:05:35,377 : INFO : EventManager : Event: ======'timer_attract_carousel_timer_stopped'====== Args={'ticks': 1, 'ticks_remaining': 1}
2026-09-13 16:05:35,377 : INFO : EventManager : Event: ======'timer_attract_carousel_timer_complete'====== Args={'ticks': 1, 'ticks_remaining': 1}
2026-09-13 16:05:35,378 : INFO : EventManager : Event: ======'carousel_item_highlighted'====== Args={'carousel': 'attract', 'direction': 'forwards', 'item': 'tutorial_damage'}
2026-09-13 16:05:35,378 : INFO : Timer.attract_carousel_timer : Starting Timer.
2026-09-13 16:05:35,378 : INFO : EventManager : Event: ======'timer_attract_carousel_timer_started'====== Args={'ticks': 0, 'ticks_remaining': 1}
2026-09-13 16:05:35,378 : INFO : EventManager : Event: ======'timer_attract_carousel_timer_tick'====== Args={'ticks': 0, 'ticks_remaining': 1}
2026-09-13 16:05:42,880 : INFO : Timer.attract_carousel_timer : Timer Complete
2026-09-13 16:05:42,880 : INFO : Timer.attract_carousel_timer : Stopping Timer
2026-09-13 16:05:42,880 : INFO : EventManager : Event: ======'timer_attract_carousel_timer_stopped'====== Args={'ticks': 1, 'ticks_remaining': 1}
2026-09-13 16:05:42,880 : INFO : EventManager : Event: ======'timer_attract_carousel_timer_complete'====== Args={'ticks': 1, 'ticks_remaining': 1}
2026-09-13 16:05:42,881 : INFO : EventManager : Event: ======'carousel_item_highlighted'====== Args={'carousel': 'attract', 'direction': 'forwards', 'item': 'tutorial_dodge'}
2026-09-13 16:05:42,881 : INFO : Timer.attract_carousel_timer : Starting Timer.
2026-09-13 16:05:42,881 : INFO : EventManager : Event: ======'timer_attract_carousel_timer_started'====== Args={'ticks': 0, 'ticks_remaining': 1}
2026-09-13 16:05:42,881 : INFO : EventManager : Event: ======'timer_attract_carousel_timer_tick'====== Args={'ticks': 0, 'ticks_remaining': 1}
2026-09-13 16:05:49,764 : INFO : Machine : Shutting down...
2026-09-13 16:05:49,764 : INFO : EventManager : Event: ======'shutdown'====== Args={}
2026-09-13 16:05:49,776 : INFO : root : MPF run loop ended.
