2026-09-13 16:16:22,040 : INFO : root : Loading config.
2026-09-13 16:16:22,041 : INFO : YamlMultifileConfigLoader : Machine config file #1: config.yaml
2026-09-13 16:16:22,041 : INFO : ConfigProcessor : Loading config from cache: /var/folders/k0/j_dpx55x4kndbs36pl2nt9l00000gn/T/92f7f295141fbdde09e201e7fd0f1349.mpf_cache
2026-09-13 16:16:22,071 : INFO : ConfigProcessor : Loading config from cache: /var/folders/k0/j_dpx55x4kndbs36pl2nt9l00000gn/T/7b77bdcd1da4c54cc720d492bab55a0d.mpf_cache
2026-09-13 16:16:22,072 : INFO : ConfigProcessor : Loading config from cache: /var/folders/k0/j_dpx55x4kndbs36pl2nt9l00000gn/T/501e18c1625d42f1ba9bf53b020c49c5.mpf_cache
2026-09-13 16:16:22,072 : INFO : ConfigProcessor : Loading config from cache: /var/folders/k0/j_dpx55x4kndbs36pl2nt9l00000gn/T/7b77bdcd1da4c54cc720d492bab55a0d.mpf_cache
2026-09-13 16:16:22,072 : INFO : ConfigProcessor : Loading config from cache: /var/folders/k0/j_dpx55x4kndbs36pl2nt9l00000gn/T/dda6f4da00898f9f0a4796a41d9a2ef0.mpf_cache
2026-09-13 16:16:22,072 : INFO : ConfigProcessor : Loading config from cache: /var/folders/k0/j_dpx55x4kndbs36pl2nt9l00000gn/T/522fc819f659907ecbd91e12554f307a.mpf_cache
2026-09-13 16:16:22,072 : INFO : ConfigProcessor : Loading config from cache: /var/folders/k0/j_dpx55x4kndbs36pl2nt9l00000gn/T/05e9cee2d62266bbcd3eb3df28f11ba0.mpf_cache
2026-09-13 16:16:22,073 : INFO : ConfigProcessor : Loading config from cache: /var/folders/k0/j_dpx55x4kndbs36pl2nt9l00000gn/T/a751b7622f38b4d73d2da25b66d734b1.mpf_cache
2026-09-13 16:16:22,073 : INFO : ConfigProcessor : Loading config from cache: /var/folders/k0/j_dpx55x4kndbs36pl2nt9l00000gn/T/515d12d22bfc89771946156b9f4733e7.mpf_cache
2026-09-13 16:16:22,074 : INFO : ConfigProcessor : Loading config from cache: /var/folders/k0/j_dpx55x4kndbs36pl2nt9l00000gn/T/3db5df4db04e3e0d951f803bb6fa84e6.mpf_cache
2026-09-13 16:16:22,074 : INFO : ConfigProcessor : Loading config from cache: /var/folders/k0/j_dpx55x4kndbs36pl2nt9l00000gn/T/3572cafb19834c572118c1dfbec55588.mpf_cache
2026-09-13 16:16:22,074 : INFO : ConfigProcessor : Loading config from cache: /var/folders/k0/j_dpx55x4kndbs36pl2nt9l00000gn/T/39b20d9bce0c2f44f75a85f57a0d45f4.mpf_cache
2026-09-13 16:16:22,074 : INFO : ConfigProcessor : Loading config from cache: /var/folders/k0/j_dpx55x4kndbs36pl2nt9l00000gn/T/189edcb2679eb1788c8ca3be3e29f2f1.mpf_cache
2026-09-13 16:16:22,076 : INFO : ConfigProcessor : Loading config from cache: /var/folders/k0/j_dpx55x4kndbs36pl2nt9l00000gn/T/f00019ffccce993d2850c9d82b9dc44e.mpf_cache
2026-09-13 16:16:22,076 : INFO : ConfigProcessor : Loading config from cache: /var/folders/k0/j_dpx55x4kndbs36pl2nt9l00000gn/T/14560612c17bb039b05632d29f192033.mpf_cache
2026-09-13 16:16:22,076 : INFO : ConfigProcessor : Loading config from cache: /var/folders/k0/j_dpx55x4kndbs36pl2nt9l00000gn/T/1b88d79160cc8850354d058f9a270569.mpf_cache
2026-09-13 16:16:22,076 : INFO : ConfigProcessor : Loading config from cache: /var/folders/k0/j_dpx55x4kndbs36pl2nt9l00000gn/T/db143814423fb474166c86cac053d40c.mpf_cache
2026-09-13 16:16:22,076 : INFO : ConfigProcessor : Loading config from cache: /var/folders/k0/j_dpx55x4kndbs36pl2nt9l00000gn/T/77ecd758607ea296c19f456a8642983d.mpf_cache
2026-09-13 16:16:22,076 : INFO : ConfigProcessor : Loading config from cache: /var/folders/k0/j_dpx55x4kndbs36pl2nt9l00000gn/T/7c3641fae2b7003d26f031771405f733.mpf_cache
2026-09-13 16:16:22,076 : INFO : ConfigProcessor : Loading config from cache: /var/folders/k0/j_dpx55x4kndbs36pl2nt9l00000gn/T/fb7f263f29c0f8af46e6dfce6099ce86.mpf_cache
2026-09-13 16:16:22,077 : INFO : ConfigProcessor : Loading config from cache: /var/folders/k0/j_dpx55x4kndbs36pl2nt9l00000gn/T/8ec02d334e515a6774c1da6355f69b0a.mpf_cache
2026-09-13 16:16:22,077 : INFO : Machine : Mission Pinball Framework Core Engine v0.81.0.dev2
2026-09-13 16:16:22,077 : INFO : Machine : Command line arguments: {'no_load_cache': False, 'create_config_cache': True, 'bcp': True, 'configfile': ['config.yaml'], 'force_assets_load': False, 'platform_integration_test': False, 'jsonlogging': False, 'logfile': 'logs/2026-09-13-16-16-22-mpf-Mac.lan.log', 'pause': False, 'production': False, 'text_ui': True, 'loglevel': 15, 'consoleloglevel': 20, 'force_platform': 'virtual', 'syslog_address': None, 'full_logfile_path': '/Users/samhughes/Desktop/Hollow-Knight-Pinball/logs/2026-09-13-16-16-22-mpf-Mac.lan.log'}
2026-09-13 16:16:22,077 : INFO : Machine : MPF path: /Users/samhughes/mpf/lib/python3.13/site-packages/mpf
2026-09-13 16:16:22,077 : INFO : Machine : Machine path: /Users/samhughes/Desktop/Hollow-Knight-Pinball
2026-09-13 16:16:22,077 : INFO : Machine : Platform: darwin
2026-09-13 16:16:22,077 : INFO : Machine : Python executable location: /Users/samhughes/mpf/bin/python3.13
2026-09-13 16:16:22,077 : INFO : Machine : Python version: 3.13.2 (64-bit)
2026-09-13 16:16:22,077 : INFO : Machine : Initializing MPF...
2026-09-13 16:16:22,107 : INFO : EventManager : Event: ======'machine_var_credits_string'====== Args={'value': 'FREE PLAY', 'prev_value': None, 'change': True}
2026-09-13 16:16:22,114 : INFO : EventManager : Event: ======'machine_var_master_volume'====== Args={'value': 0.5, 'prev_value': None, 'change': True}
2026-09-13 16:16:22,114 : INFO : EventManager : Event: ======'machine_var_player1_score'====== Args={'value': 81940, 'prev_value': None, 'change': True}
2026-09-13 16:16:22,114 : INFO : EventManager : Event: ======'machine_var_mpf_version'====== Args={'value': 'Mission Pinball Framework v0.81.0.dev2', 'prev_value': None, 'change': True}
2026-09-13 16:16:22,114 : INFO : EventManager : Event: ======'machine_var_mpf_extended_version'====== Args={'value': 'Mission Pinball Framework v0.81.0.dev2, Config version:6, Show version: 6, BCP version:1.1', 'prev_value': None, 'change': True}
2026-09-13 16:16:22,114 : INFO : EventManager : Event: ======'machine_var_python_version'====== Args={'value': '3.13.2', 'prev_value': None, 'change': True}
2026-09-13 16:16:22,122 : INFO : EventManager : Event: ======'machine_var_platform'====== Args={'value': 'macOS-26.5.2-arm64-arm-64bit-Mach-O', 'prev_value': None, 'change': True}
2026-09-13 16:16:22,123 : INFO : EventManager : Event: ======'machine_var_platform_system'====== Args={'value': 'Darwin', 'prev_value': None, 'change': True}
2026-09-13 16:16:22,123 : INFO : EventManager : Event: ======'machine_var_platform_release'====== Args={'value': '25.5.0', 'prev_value': None, 'change': True}
2026-09-13 16:16:22,123 : INFO : EventManager : Event: ======'machine_var_platform_version'====== Args={'value': 'Darwin Kernel Version 25.5.0: Tue Jun  9 22:19:21 PDT 2026; root:xnu-12377.121.10~1/RELEASE_ARM64_T8122', 'prev_value': None, 'change': True}
2026-09-13 16:16:22,123 : INFO : EventManager : Event: ======'machine_var_platform_machine'====== Args={'value': 'arm64', 'prev_value': None, 'change': True}
2026-09-13 16:16:22,123 : INFO : EventManager : Event: ======'machine_var_log_file_path'====== Args={'value': '/Users/samhughes/Desktop/Hollow-Knight-Pinball/logs/2026-09-13-16-16-22-mpf-Mac.lan.log', 'prev_value': None, 'change': True}
2026-09-13 16:16:22,123 : INFO : EventManager : Event: ======'init_phase_1'====== Args={}
2026-09-13 16:16:22,134 : INFO : EventManager : Event: ======'init_phase_2'====== Args={}
2026-09-13 16:16:22,136 : INFO : EventManager : Event: ======'bcp_connection_attempt'====== Args={'name': 'local_display', 'host': 'localhost', 'port': 5050}
2026-09-13 16:16:22,136 : INFO : BCPClientSocket : Connecting BCP to 'local_display' at localhost:5050...
2026-09-13 16:16:26,325 : INFO : BCPClientSocket : Connected BCP to 'local_display' localhost:5050
2026-09-13 16:16:26,330 : INFO : EventManager : Event: ======'bcp_clients_connected'====== Args={}
2026-09-13 16:16:26,332 : INFO : ball_device.bd_trough : BCH: Initial count: 0
2026-09-13 16:16:26,333 : INFO : ball_device.bd_trough : State: idle
2026-09-13 16:16:26,333 : INFO : ball_device.bd_plunger : BCH: Initial count: 0
2026-09-13 16:16:26,334 : INFO : ball_device.bd_plunger : State: idle
2026-09-13 16:16:26,356 : INFO : EventManager : Event: ======'init_phase_3'====== Args={}
2026-09-13 16:16:26,359 : INFO : EventManager : Event: ======'init_phase_4'====== Args={}
2026-09-13 16:16:26,359 : INFO : BallController : Initial balls found: 0
2026-09-13 16:16:26,360 : INFO : EventManager : Event: ======'machine_var_audits_events_game_ended'====== Args={'value': 6, 'prev_value': None, 'change': True}
2026-09-13 16:16:26,360 : INFO : EventManager : Event: ======'machine_var_audits_events_game_started'====== Args={'value': 174, 'prev_value': None, 'change': True}
2026-09-13 16:16:26,360 : INFO : EventManager : Event: ======'machine_var_audits_missing_switches_s_back_left_target'====== Args={'value': 46, 'prev_value': None, 'change': True}
2026-09-13 16:16:26,360 : INFO : EventManager : Event: ======'machine_var_audits_missing_switches_s_back_middle_left_target'====== Args={'value': 2, 'prev_value': None, 'change': True}
2026-09-13 16:16:26,360 : INFO : EventManager : Event: ======'machine_var_audits_missing_switches_s_back_middle_right_target'====== Args={'value': 2, 'prev_value': None, 'change': True}
2026-09-13 16:16:26,360 : INFO : EventManager : Event: ======'machine_var_audits_missing_switches_s_back_right_target'====== Args={'value': 136, 'prev_value': None, 'change': True}
2026-09-13 16:16:26,360 : INFO : EventManager : Event: ======'machine_var_audits_missing_switches_s_bottom_left_slingshot'====== Args={'value': 1, 'prev_value': None, 'change': True}
2026-09-13 16:16:26,360 : INFO : EventManager : Event: ======'machine_var_audits_missing_switches_s_bottom_right_slingshot'====== Args={'value': 133, 'prev_value': None, 'change': True}
2026-09-13 16:16:26,360 : INFO : EventManager : Event: ======'machine_var_audits_missing_switches_s_front_left_target'====== Args={'value': 2, 'prev_value': None, 'change': True}
2026-09-13 16:16:26,360 : INFO : EventManager : Event: ======'machine_var_audits_missing_switches_s_front_middle_target'====== Args={'value': 2, 'prev_value': None, 'change': True}
2026-09-13 16:16:26,360 : INFO : EventManager : Event: ======'machine_var_audits_missing_switches_s_front_right_target'====== Args={'value': 3, 'prev_value': None, 'change': True}
2026-09-13 16:16:26,360 : INFO : EventManager : Event: ======'machine_var_audits_missing_switches_s_lane_to_pop'====== Args={'value': 6, 'prev_value': None, 'change': True}
2026-09-13 16:16:26,360 : INFO : EventManager : Event: ======'machine_var_audits_missing_switches_s_left_flipper'====== Args={'value': 1, 'prev_value': None, 'change': True}
2026-09-13 16:16:26,360 : INFO : EventManager : Event: ======'machine_var_audits_missing_switches_s_left_inlane'====== Args={'value': 2, 'prev_value': None, 'change': True}
2026-09-13 16:16:26,360 : INFO : EventManager : Event: ======'machine_var_audits_missing_switches_s_left_orbit'====== Args={'value': 2, 'prev_value': None, 'change': True}
2026-09-13 16:16:26,360 : INFO : EventManager : Event: ======'machine_var_audits_missing_switches_s_left_outlane'====== Args={'value': 143, 'prev_value': None, 'change': True}
2026-09-13 16:16:26,360 : INFO : EventManager : Event: ======'machine_var_audits_missing_switches_s_pop_bumper'====== Args={'value': 1, 'prev_value': None, 'change': True}
2026-09-13 16:16:26,360 : INFO : EventManager : Event: ======'machine_var_audits_missing_switches_s_ramp'====== Args={'value': 1, 'prev_value': None, 'change': True}
2026-09-13 16:16:26,360 : INFO : EventManager : Event: ======'machine_var_audits_missing_switches_s_right_flipper'====== Args={'value': 1, 'prev_value': None, 'change': True}
2026-09-13 16:16:26,360 : INFO : EventManager : Event: ======'machine_var_audits_missing_switches_s_right_inlane'====== Args={'value': 1, 'prev_value': None, 'change': True}
2026-09-13 16:16:26,360 : INFO : EventManager : Event: ======'machine_var_audits_missing_switches_s_right_orbit'====== Args={'value': 28, 'prev_value': None, 'change': True}
2026-09-13 16:16:26,360 : INFO : EventManager : Event: ======'machine_var_audits_missing_switches_s_right_outlane'====== Args={'value': 143, 'prev_value': None, 'change': True}
2026-09-13 16:16:26,360 : INFO : EventManager : Event: ======'machine_var_audits_missing_switches_s_saucer'====== Args={'value': 1, 'prev_value': None, 'change': True}
2026-09-13 16:16:26,360 : INFO : EventManager : Event: ======'machine_var_audits_missing_switches_s_top_left_slingshot'====== Args={'value': 2, 'prev_value': None, 'change': True}
2026-09-13 16:16:26,360 : INFO : EventManager : Event: ======'machine_var_audits_missing_switches_s_top_right_slingshot'====== Args={'value': 131, 'prev_value': None, 'change': True}
2026-09-13 16:16:26,360 : INFO : EventManager : Event: ======'machine_var_audits_missing_switches_s_trough_1'====== Args={'value': 137, 'prev_value': None, 'change': True}
2026-09-13 16:16:26,360 : INFO : EventManager : Event: ======'machine_var_audits_missing_switches_s_trough_2'====== Args={'value': 161, 'prev_value': None, 'change': True}
2026-09-13 16:16:26,361 : INFO : EventManager : Event: ======'machine_var_audits_missing_switches_s_trough_3'====== Args={'value': 159, 'prev_value': None, 'change': True}
2026-09-13 16:16:26,361 : INFO : EventManager : Event: ======'machine_var_audits_missing_switches_s_vuk'====== Args={'value': 1, 'prev_value': None, 'change': True}
2026-09-13 16:16:26,361 : INFO : EventManager : Event: ======'machine_var_audits_player_score'====== Args={'value': {'average': 36284, 'top': [173500, 81940, 45000, 15000, 15000, 15000, 15000, 15000, 15000, 15000], 'total': 12}, 'prev_value': None, 'change': True}
2026-09-13 16:16:26,361 : INFO : EventManager : Event: ======'machine_var_audits_shots_back_left_target'====== Args={'value': 7, 'prev_value': None, 'change': True}
2026-09-13 16:16:26,361 : INFO : EventManager : Event: ======'machine_var_audits_shots_back_middle_left_target_mask'====== Args={'value': 1, 'prev_value': None, 'change': True}
2026-09-13 16:16:26,361 : INFO : EventManager : Event: ======'machine_var_audits_shots_back_middle_right_target'====== Args={'value': 5, 'prev_value': None, 'change': True}
2026-09-13 16:16:26,361 : INFO : EventManager : Event: ======'machine_var_audits_shots_back_middle_right_target_mask'====== Args={'value': 1, 'prev_value': None, 'change': True}
2026-09-13 16:16:26,361 : INFO : EventManager : Event: ======'machine_var_audits_shots_back_right_target'====== Args={'value': 2, 'prev_value': None, 'change': True}
2026-09-13 16:16:26,361 : INFO : EventManager : Event: ======'machine_var_audits_shots_bakc_middle_left_target'====== Args={'value': 4, 'prev_value': None, 'change': True}
2026-09-13 16:16:26,361 : INFO : EventManager : Event: ======'machine_var_audits_shots_bottom_left_slingshot'====== Args={'value': 3, 'prev_value': None, 'change': True}
2026-09-13 16:16:26,361 : INFO : EventManager : Event: ======'machine_var_audits_shots_front_left_target'====== Args={'value': 7, 'prev_value': None, 'change': True}
2026-09-13 16:16:26,361 : INFO : EventManager : Event: ======'machine_var_audits_shots_front_left_target_mask'====== Args={'value': 1, 'prev_value': None, 'change': True}
2026-09-13 16:16:26,361 : INFO : EventManager : Event: ======'machine_var_audits_shots_front_middle_target'====== Args={'value': 9, 'prev_value': None, 'change': True}
2026-09-13 16:16:26,361 : INFO : EventManager : Event: ======'machine_var_audits_shots_front_middle_target_mask'====== Args={'value': 1, 'prev_value': None, 'change': True}
2026-09-13 16:16:26,361 : INFO : EventManager : Event: ======'machine_var_audits_shots_front_right_target'====== Args={'value': 9, 'prev_value': None, 'change': True}
2026-09-13 16:16:26,361 : INFO : EventManager : Event: ======'machine_var_audits_shots_front_right_target_mask'====== Args={'value': 3, 'prev_value': None, 'change': True}
2026-09-13 16:16:26,361 : INFO : EventManager : Event: ======'machine_var_audits_shots_lane_to_pop'====== Args={'value': 102, 'prev_value': None, 'change': True}
2026-09-13 16:16:26,361 : INFO : EventManager : Event: ======'machine_var_audits_shots_left_inlane'====== Args={'value': 9, 'prev_value': None, 'change': True}
2026-09-13 16:16:26,361 : INFO : EventManager : Event: ======'machine_var_audits_shots_left_orbit'====== Args={'value': 187, 'prev_value': None, 'change': True}
2026-09-13 16:16:26,361 : INFO : EventManager : Event: ======'machine_var_audits_shots_left_orbit_mask'====== Args={'value': 9, 'prev_value': None, 'change': True}
2026-09-13 16:16:26,361 : INFO : EventManager : Event: ======'machine_var_audits_shots_left_orbit_travel_dirtmouth_to_frogotten_crossroads'====== Args={'value': 96, 'prev_value': None, 'change': True}
2026-09-13 16:16:26,361 : INFO : EventManager : Event: ======'machine_var_audits_shots_left_outlane'====== Args={'value': 5, 'prev_value': None, 'change': True}
2026-09-13 16:16:26,361 : INFO : EventManager : Event: ======'machine_var_audits_shots_pop_bumper'====== Args={'value': 27, 'prev_value': None, 'change': True}
2026-09-13 16:16:26,361 : INFO : EventManager : Event: ======'machine_var_audits_shots_ramp'====== Args={'value': 81, 'prev_value': None, 'change': True}
2026-09-13 16:16:26,361 : INFO : EventManager : Event: ======'machine_var_audits_shots_ramp_mask'====== Args={'value': 3, 'prev_value': None, 'change': True}
2026-09-13 16:16:26,361 : INFO : EventManager : Event: ======'machine_var_audits_shots_ramp_travel_dirtmouth_to_frogotten_crossroads'====== Args={'value': 10, 'prev_value': None, 'change': True}
2026-09-13 16:16:26,361 : INFO : EventManager : Event: ======'machine_var_audits_shots_right_inlane'====== Args={'value': 15, 'prev_value': None, 'change': True}
2026-09-13 16:16:26,361 : INFO : EventManager : Event: ======'machine_var_audits_shots_right_orbit'====== Args={'value': 267, 'prev_value': None, 'change': True}
2026-09-13 16:16:26,361 : INFO : EventManager : Event: ======'machine_var_audits_shots_right_orbit_travel_dirtmouth_to_frogotten_crossroads'====== Args={'value': 44, 'prev_value': None, 'change': True}
2026-09-13 16:16:26,361 : INFO : EventManager : Event: ======'machine_var_audits_shots_right_outlane'====== Args={'value': 12, 'prev_value': None, 'change': True}
2026-09-13 16:16:26,361 : INFO : EventManager : Event: ======'machine_var_audits_shots_saucer'====== Args={'value': 40, 'prev_value': None, 'change': True}
2026-09-13 16:16:26,361 : INFO : EventManager : Event: ======'machine_var_audits_shots_saucer_dirtmouth'====== Args={'value': 21, 'prev_value': None, 'change': True}
2026-09-13 16:16:26,361 : INFO : EventManager : Event: ======'machine_var_audits_shots_saucer_frogotten_crossroads'====== Args={'value': 4, 'prev_value': None, 'change': True}
2026-09-13 16:16:26,361 : INFO : EventManager : Event: ======'machine_var_audits_shots_saucer_mask'====== Args={'value': 1, 'prev_value': None, 'change': True}
2026-09-13 16:16:26,361 : INFO : EventManager : Event: ======'machine_var_audits_shots_top_left_slingshot'====== Args={'value': 2, 'prev_value': None, 'change': True}
2026-09-13 16:16:26,361 : INFO : EventManager : Event: ======'machine_var_audits_shots_top_right_slingshot'====== Args={'value': 6, 'prev_value': None, 'change': True}
2026-09-13 16:16:26,361 : INFO : EventManager : Event: ======'machine_var_audits_shots_vuk'====== Args={'value': 321, 'prev_value': None, 'change': True}
2026-09-13 16:16:26,361 : INFO : EventManager : Event: ======'machine_var_audits_shots_vuk_dirtmouth'====== Args={'value': 196, 'prev_value': None, 'change': True}
2026-09-13 16:16:26,361 : INFO : EventManager : Event: ======'machine_var_audits_shots_vuk_frogotten_crossroads'====== Args={'value': 45, 'prev_value': None, 'change': True}
2026-09-13 16:16:26,361 : INFO : EventManager : Event: ======'machine_var_audits_switches_s_back_left_target'====== Args={'value': 7, 'prev_value': None, 'change': True}
2026-09-13 16:16:26,361 : INFO : EventManager : Event: ======'machine_var_audits_switches_s_back_middle_left_target'====== Args={'value': 5, 'prev_value': None, 'change': True}
2026-09-13 16:16:26,361 : INFO : EventManager : Event: ======'machine_var_audits_switches_s_back_middle_right_target'====== Args={'value': 6, 'prev_value': None, 'change': True}
2026-09-13 16:16:26,361 : INFO : EventManager : Event: ======'machine_var_audits_switches_s_back_right_target'====== Args={'value': 3, 'prev_value': None, 'change': True}
2026-09-13 16:16:26,361 : INFO : EventManager : Event: ======'machine_var_audits_switches_s_bottom_left_slingshot'====== Args={'value': 29, 'prev_value': None, 'change': True}
2026-09-13 16:16:26,361 : INFO : EventManager : Event: ======'machine_var_audits_switches_s_bottom_right_slingshot'====== Args={'value': 26, 'prev_value': None, 'change': True}
2026-09-13 16:16:26,361 : INFO : EventManager : Event: ======'machine_var_audits_switches_s_front_left_target'====== Args={'value': 7, 'prev_value': None, 'change': True}
2026-09-13 16:16:26,361 : INFO : EventManager : Event: ======'machine_var_audits_switches_s_front_middle_target'====== Args={'value': 10, 'prev_value': None, 'change': True}
2026-09-13 16:16:26,361 : INFO : EventManager : Event: ======'machine_var_audits_switches_s_front_right_target'====== Args={'value': 10, 'prev_value': None, 'change': True}
2026-09-13 16:16:26,361 : INFO : EventManager : Event: ======'machine_var_audits_switches_s_lane_to_pop'====== Args={'value': 104, 'prev_value': None, 'change': True}
2026-09-13 16:16:26,361 : INFO : EventManager : Event: ======'machine_var_audits_switches_s_left_flipper'====== Args={'value': 183, 'prev_value': None, 'change': True}
2026-09-13 16:16:26,361 : INFO : EventManager : Event: ======'machine_var_audits_switches_s_left_inlane'====== Args={'value': 10, 'prev_value': None, 'change': True}
2026-09-13 16:16:26,361 : INFO : EventManager : Event: ======'machine_var_audits_switches_s_left_orbit'====== Args={'value': 189, 'prev_value': None, 'change': True}
2026-09-13 16:16:26,361 : INFO : EventManager : Event: ======'machine_var_audits_switches_s_left_outlane'====== Args={'value': 6, 'prev_value': None, 'change': True}
2026-09-13 16:16:26,361 : INFO : EventManager : Event: ======'machine_var_audits_switches_s_plunger_lane'====== Args={'value': 352, 'prev_value': None, 'change': True}
2026-09-13 16:16:26,361 : INFO : EventManager : Event: ======'machine_var_audits_switches_s_pop_bumper'====== Args={'value': 27, 'prev_value': None, 'change': True}
2026-09-13 16:16:26,361 : INFO : EventManager : Event: ======'machine_var_audits_switches_s_ramp'====== Args={'value': 83, 'prev_value': None, 'change': True}
2026-09-13 16:16:26,361 : INFO : EventManager : Event: ======'machine_var_audits_switches_s_right_flipper'====== Args={'value': 300, 'prev_value': None, 'change': True}
2026-09-13 16:16:26,361 : INFO : EventManager : Event: ======'machine_var_audits_switches_s_right_inlane'====== Args={'value': 16, 'prev_value': None, 'change': True}
2026-09-13 16:16:26,361 : INFO : EventManager : Event: ======'machine_var_audits_switches_s_right_orbit'====== Args={'value': 301, 'prev_value': None, 'change': True}
2026-09-13 16:16:26,361 : INFO : EventManager : Event: ======'machine_var_audits_switches_s_right_outlane'====== Args={'value': 13, 'prev_value': None, 'change': True}
2026-09-13 16:16:26,362 : INFO : EventManager : Event: ======'machine_var_audits_switches_s_saucer'====== Args={'value': 47, 'prev_value': None, 'change': True}
2026-09-13 16:16:26,362 : INFO : EventManager : Event: ======'machine_var_audits_switches_s_start'====== Args={'value': 66, 'prev_value': None, 'change': True}
2026-09-13 16:16:26,362 : INFO : EventManager : Event: ======'machine_var_audits_switches_s_top_left_slingshot'====== Args={'value': 23, 'prev_value': None, 'change': True}
2026-09-13 16:16:26,362 : INFO : EventManager : Event: ======'machine_var_audits_switches_s_top_right_slingshot'====== Args={'value': 25, 'prev_value': None, 'change': True}
2026-09-13 16:16:26,362 : INFO : EventManager : Event: ======'machine_var_audits_switches_s_trough_1'====== Args={'value': 68, 'prev_value': None, 'change': True}
2026-09-13 16:16:26,362 : INFO : EventManager : Event: ======'machine_var_audits_switches_s_trough_2'====== Args={'value': 9, 'prev_value': None, 'change': True}
2026-09-13 16:16:26,362 : INFO : EventManager : Event: ======'machine_var_audits_switches_s_trough_3'====== Args={'value': 52, 'prev_value': None, 'change': True}
2026-09-13 16:16:26,362 : INFO : EventManager : Event: ======'machine_var_audits_switches_s_vuk'====== Args={'value': 341, 'prev_value': None, 'change': True}
2026-09-13 16:16:26,362 : INFO : EventManager : Event: ======'init_phase_5'====== Args={}
2026-09-13 16:16:26,362 : INFO : EventManager : Event: ======'init_done'====== Args={}
2026-09-13 16:16:26,362 : INFO : EventManager : Event: ======'machine_reset_phase_1'====== Args={}
2026-09-13 16:16:26,371 : INFO : EventManager : Event: ======'machine_reset_phase_2'====== Args={}
2026-09-13 16:16:26,373 : INFO : EventManager : Event: ======'machine_reset_phase_3'====== Args={}
2026-09-13 16:16:26,373 : INFO : EventManager : Event: ======'reset_complete'====== Args={}
2026-09-13 16:16:26,373 : INFO : EventManager : Event: ======'mode_attract_will_start'====== Args={}
2026-09-13 16:16:26,373 : INFO : Timer.attract_carousel_timer : Starting Timer.
2026-09-13 16:16:26,374 : INFO : EventManager : Event: ======'timer_attract_carousel_timer_started'====== Args={'ticks': 0, 'ticks_remaining': 1}
2026-09-13 16:16:26,374 : INFO : EventManager : Event: ======'timer_attract_carousel_timer_tick'====== Args={'ticks': 0, 'ticks_remaining': 1}
2026-09-13 16:16:26,374 : INFO : EventManager : Event: ======'mode_attract_starting'====== Args={}
2026-09-13 16:16:26,374 : INFO : Mode.attract : Started. Priority: 10
2026-09-13 16:16:26,374 : INFO : EventManager : Event: ======'modes_active_modes_changed'====== Args={}
2026-09-13 16:16:26,374 : INFO : EventManager : Event: ======'mode_attract_started'====== Args={}
2026-09-13 16:16:26,374 : INFO : EventManager : Event: ======'collecting_balls_complete'====== Args={}
2026-09-13 16:16:26,375 : INFO : EventManager : Event: ======'carousel_item_highlighted'====== Args={'carousel': 'attract', 'direction': None, 'item': 'title'}
2026-09-13 16:16:26,375 : INFO : Machine : Starting the main run loop with active modes: [<Mode.attract>]
2026-09-13 16:16:26,508 : INFO : EventManager : Event: ======'slide_attract_created'====== Args={'_from_bcp': True}
2026-09-13 16:16:26,509 : INFO : EventManager : Event: ======'slide__removed'====== Args={'_from_bcp': True}
2026-09-13 16:16:26,509 : INFO : EventManager : Event: ======'slide_attract_active'====== Args={'original_context': 'attract', 'original_calling_context': 'mode_attract_started', 'priority': 10.0, 'cmd': 'slides_play', '_from_bcp': True}
2026-09-13 16:16:33,875 : INFO : Timer.attract_carousel_timer : Timer Complete
2026-09-13 16:16:33,875 : INFO : Timer.attract_carousel_timer : Stopping Timer
2026-09-13 16:16:33,875 : INFO : EventManager : Event: ======'timer_attract_carousel_timer_stopped'====== Args={'ticks': 1, 'ticks_remaining': 1}
2026-09-13 16:16:33,875 : INFO : EventManager : Event: ======'timer_attract_carousel_timer_complete'====== Args={'ticks': 1, 'ticks_remaining': 1}
2026-09-13 16:16:33,876 : INFO : EventManager : Event: ======'carousel_item_highlighted'====== Args={'carousel': 'attract', 'direction': 'forwards', 'item': 'map'}
2026-09-13 16:16:33,876 : INFO : Timer.attract_carousel_timer : Starting Timer.
2026-09-13 16:16:33,876 : INFO : EventManager : Event: ======'timer_attract_carousel_timer_started'====== Args={'ticks': 0, 'ticks_remaining': 1}
2026-09-13 16:16:33,876 : INFO : EventManager : Event: ======'timer_attract_carousel_timer_tick'====== Args={'ticks': 0, 'ticks_remaining': 1}
2026-09-13 16:16:41,377 : INFO : Timer.attract_carousel_timer : Timer Complete
2026-09-13 16:16:41,378 : INFO : Timer.attract_carousel_timer : Stopping Timer
2026-09-13 16:16:41,378 : INFO : EventManager : Event: ======'timer_attract_carousel_timer_stopped'====== Args={'ticks': 1, 'ticks_remaining': 1}
2026-09-13 16:16:41,378 : INFO : EventManager : Event: ======'timer_attract_carousel_timer_complete'====== Args={'ticks': 1, 'ticks_remaining': 1}
2026-09-13 16:16:41,379 : INFO : EventManager : Event: ======'carousel_item_highlighted'====== Args={'carousel': 'attract', 'direction': 'forwards', 'item': 'credits'}
2026-09-13 16:16:41,379 : INFO : Timer.attract_carousel_timer : Starting Timer.
2026-09-13 16:16:41,379 : INFO : EventManager : Event: ======'timer_attract_carousel_timer_started'====== Args={'ticks': 0, 'ticks_remaining': 1}
2026-09-13 16:16:41,379 : INFO : EventManager : Event: ======'timer_attract_carousel_timer_tick'====== Args={'ticks': 0, 'ticks_remaining': 1}
2026-09-13 16:16:48,881 : INFO : Timer.attract_carousel_timer : Timer Complete
2026-09-13 16:16:48,881 : INFO : Timer.attract_carousel_timer : Stopping Timer
2026-09-13 16:16:48,882 : INFO : EventManager : Event: ======'timer_attract_carousel_timer_stopped'====== Args={'ticks': 1, 'ticks_remaining': 1}
2026-09-13 16:16:48,882 : INFO : EventManager : Event: ======'timer_attract_carousel_timer_complete'====== Args={'ticks': 1, 'ticks_remaining': 1}
2026-09-13 16:16:48,882 : INFO : EventManager : Event: ======'carousel_item_highlighted'====== Args={'carousel': 'attract', 'direction': 'forwards', 'item': 'mpf_and_cobrapin_logo'}
2026-09-13 16:16:48,882 : INFO : Timer.attract_carousel_timer : Starting Timer.
2026-09-13 16:16:48,883 : INFO : EventManager : Event: ======'timer_attract_carousel_timer_started'====== Args={'ticks': 0, 'ticks_remaining': 1}
2026-09-13 16:16:48,883 : INFO : EventManager : Event: ======'timer_attract_carousel_timer_tick'====== Args={'ticks': 0, 'ticks_remaining': 1}
2026-09-13 16:16:56,384 : INFO : Timer.attract_carousel_timer : Timer Complete
2026-09-13 16:16:56,384 : INFO : Timer.attract_carousel_timer : Stopping Timer
2026-09-13 16:16:56,384 : INFO : EventManager : Event: ======'timer_attract_carousel_timer_stopped'====== Args={'ticks': 1, 'ticks_remaining': 1}
2026-09-13 16:16:56,384 : INFO : EventManager : Event: ======'timer_attract_carousel_timer_complete'====== Args={'ticks': 1, 'ticks_remaining': 1}
2026-09-13 16:16:56,385 : INFO : EventManager : Event: ======'carousel_item_highlighted'====== Args={'carousel': 'attract', 'direction': 'forwards', 'item': 'team_cherry'}
2026-09-13 16:16:56,385 : INFO : Timer.attract_carousel_timer : Starting Timer.
2026-09-13 16:16:56,385 : INFO : EventManager : Event: ======'timer_attract_carousel_timer_started'====== Args={'ticks': 0, 'ticks_remaining': 1}
2026-09-13 16:16:56,385 : INFO : EventManager : Event: ======'timer_attract_carousel_timer_tick'====== Args={'ticks': 0, 'ticks_remaining': 1}
2026-09-13 16:17:03,887 : INFO : Timer.attract_carousel_timer : Timer Complete
2026-09-13 16:17:03,887 : INFO : Timer.attract_carousel_timer : Stopping Timer
2026-09-13 16:17:03,887 : INFO : EventManager : Event: ======'timer_attract_carousel_timer_stopped'====== Args={'ticks': 1, 'ticks_remaining': 1}
2026-09-13 16:17:03,887 : INFO : EventManager : Event: ======'timer_attract_carousel_timer_complete'====== Args={'ticks': 1, 'ticks_remaining': 1}
2026-09-13 16:17:03,887 : INFO : EventManager : Event: ======'carousel_item_highlighted'====== Args={'carousel': 'attract', 'direction': 'forwards', 'item': 'last_scores_1p'}
2026-09-13 16:17:03,888 : INFO : Timer.attract_carousel_timer : Starting Timer.
2026-09-13 16:17:03,888 : INFO : EventManager : Event: ======'timer_attract_carousel_timer_started'====== Args={'ticks': 0, 'ticks_remaining': 1}
2026-09-13 16:17:03,888 : INFO : EventManager : Event: ======'timer_attract_carousel_timer_tick'====== Args={'ticks': 0, 'ticks_remaining': 1}
2026-09-13 16:17:11,389 : INFO : Timer.attract_carousel_timer : Timer Complete
2026-09-13 16:17:11,389 : INFO : Timer.attract_carousel_timer : Stopping Timer
2026-09-13 16:17:11,389 : INFO : EventManager : Event: ======'timer_attract_carousel_timer_stopped'====== Args={'ticks': 1, 'ticks_remaining': 1}
2026-09-13 16:17:11,389 : INFO : EventManager : Event: ======'timer_attract_carousel_timer_complete'====== Args={'ticks': 1, 'ticks_remaining': 1}
2026-09-13 16:17:11,390 : INFO : EventManager : Event: ======'carousel_item_highlighted'====== Args={'carousel': 'attract', 'direction': 'forwards', 'item': 'tutorial_slash'}
2026-09-13 16:17:11,390 : INFO : Timer.attract_carousel_timer : Starting Timer.
2026-09-13 16:17:11,390 : INFO : EventManager : Event: ======'timer_attract_carousel_timer_started'====== Args={'ticks': 0, 'ticks_remaining': 1}
2026-09-13 16:17:11,390 : INFO : EventManager : Event: ======'timer_attract_carousel_timer_tick'====== Args={'ticks': 0, 'ticks_remaining': 1}
2026-09-13 16:17:18,891 : INFO : Timer.attract_carousel_timer : Timer Complete
2026-09-13 16:17:18,892 : INFO : Timer.attract_carousel_timer : Stopping Timer
2026-09-13 16:17:18,892 : INFO : EventManager : Event: ======'timer_attract_carousel_timer_stopped'====== Args={'ticks': 1, 'ticks_remaining': 1}
2026-09-13 16:17:18,892 : INFO : EventManager : Event: ======'timer_attract_carousel_timer_complete'====== Args={'ticks': 1, 'ticks_remaining': 1}
2026-09-13 16:17:18,893 : INFO : EventManager : Event: ======'carousel_item_highlighted'====== Args={'carousel': 'attract', 'direction': 'forwards', 'item': 'tutorial_damage'}
2026-09-13 16:17:18,893 : INFO : Timer.attract_carousel_timer : Starting Timer.
2026-09-13 16:17:18,893 : INFO : EventManager : Event: ======'timer_attract_carousel_timer_started'====== Args={'ticks': 0, 'ticks_remaining': 1}
2026-09-13 16:17:18,893 : INFO : EventManager : Event: ======'timer_attract_carousel_timer_tick'====== Args={'ticks': 0, 'ticks_remaining': 1}
2026-09-13 16:17:26,394 : INFO : Timer.attract_carousel_timer : Timer Complete
2026-09-13 16:17:26,395 : INFO : Timer.attract_carousel_timer : Stopping Timer
2026-09-13 16:17:26,395 : INFO : EventManager : Event: ======'timer_attract_carousel_timer_stopped'====== Args={'ticks': 1, 'ticks_remaining': 1}
2026-09-13 16:17:26,395 : INFO : EventManager : Event: ======'timer_attract_carousel_timer_complete'====== Args={'ticks': 1, 'ticks_remaining': 1}
2026-09-13 16:17:26,395 : INFO : EventManager : Event: ======'carousel_item_highlighted'====== Args={'carousel': 'attract', 'direction': 'forwards', 'item': 'tutorial_dodge'}
2026-09-13 16:17:26,396 : INFO : Timer.attract_carousel_timer : Starting Timer.
2026-09-13 16:17:26,396 : INFO : EventManager : Event: ======'timer_attract_carousel_timer_started'====== Args={'ticks': 0, 'ticks_remaining': 1}
2026-09-13 16:17:26,396 : INFO : EventManager : Event: ======'timer_attract_carousel_timer_tick'====== Args={'ticks': 0, 'ticks_remaining': 1}
2026-09-13 16:17:33,897 : INFO : Timer.attract_carousel_timer : Timer Complete
2026-09-13 16:17:33,898 : INFO : Timer.attract_carousel_timer : Stopping Timer
2026-09-13 16:17:33,898 : INFO : EventManager : Event: ======'timer_attract_carousel_timer_stopped'====== Args={'ticks': 1, 'ticks_remaining': 1}
2026-09-13 16:17:33,898 : INFO : EventManager : Event: ======'timer_attract_carousel_timer_complete'====== Args={'ticks': 1, 'ticks_remaining': 1}
2026-09-13 16:17:33,899 : INFO : EventManager : Event: ======'carousel_item_highlighted'====== Args={'carousel': 'attract', 'direction': 'forwards', 'item': 'tutorial_heal'}
2026-09-13 16:17:33,899 : INFO : Timer.attract_carousel_timer : Starting Timer.
2026-09-13 16:17:33,899 : INFO : EventManager : Event: ======'timer_attract_carousel_timer_started'====== Args={'ticks': 0, 'ticks_remaining': 1}
2026-09-13 16:17:33,899 : INFO : EventManager : Event: ======'timer_attract_carousel_timer_tick'====== Args={'ticks': 0, 'ticks_remaining': 1}
2026-09-13 16:17:41,400 : INFO : Timer.attract_carousel_timer : Timer Complete
2026-09-13 16:17:41,400 : INFO : Timer.attract_carousel_timer : Stopping Timer
2026-09-13 16:17:41,401 : INFO : EventManager : Event: ======'timer_attract_carousel_timer_stopped'====== Args={'ticks': 1, 'ticks_remaining': 1}
2026-09-13 16:17:41,401 : INFO : EventManager : Event: ======'timer_attract_carousel_timer_complete'====== Args={'ticks': 1, 'ticks_remaining': 1}
2026-09-13 16:17:41,401 : INFO : EventManager : Event: ======'carousel_item_highlighted'====== Args={'carousel': 'attract', 'direction': 'forwards', 'item': 'title'}
2026-09-13 16:17:41,401 : INFO : Timer.attract_carousel_timer : Starting Timer.
2026-09-13 16:17:41,402 : INFO : EventManager : Event: ======'timer_attract_carousel_timer_started'====== Args={'ticks': 0, 'ticks_remaining': 1}
2026-09-13 16:17:41,402 : INFO : EventManager : Event: ======'timer_attract_carousel_timer_tick'====== Args={'ticks': 0, 'ticks_remaining': 1}
2026-09-13 16:17:48,902 : INFO : Timer.attract_carousel_timer : Timer Complete
2026-09-13 16:17:48,903 : INFO : Timer.attract_carousel_timer : Stopping Timer
2026-09-13 16:17:48,903 : INFO : EventManager : Event: ======'timer_attract_carousel_timer_stopped'====== Args={'ticks': 1, 'ticks_remaining': 1}
2026-09-13 16:17:48,903 : INFO : EventManager : Event: ======'timer_attract_carousel_timer_complete'====== Args={'ticks': 1, 'ticks_remaining': 1}
2026-09-13 16:17:48,903 : INFO : EventManager : Event: ======'carousel_item_highlighted'====== Args={'carousel': 'attract', 'direction': 'forwards', 'item': 'map'}
2026-09-13 16:17:48,903 : INFO : Timer.attract_carousel_timer : Starting Timer.
2026-09-13 16:17:48,904 : INFO : EventManager : Event: ======'timer_attract_carousel_timer_started'====== Args={'ticks': 0, 'ticks_remaining': 1}
2026-09-13 16:17:48,904 : INFO : EventManager : Event: ======'timer_attract_carousel_timer_tick'====== Args={'ticks': 0, 'ticks_remaining': 1}
2026-09-13 16:17:56,405 : INFO : Timer.attract_carousel_timer : Timer Complete
2026-09-13 16:17:56,405 : INFO : Timer.attract_carousel_timer : Stopping Timer
2026-09-13 16:17:56,405 : INFO : EventManager : Event: ======'timer_attract_carousel_timer_stopped'====== Args={'ticks': 1, 'ticks_remaining': 1}
2026-09-13 16:17:56,405 : INFO : EventManager : Event: ======'timer_attract_carousel_timer_complete'====== Args={'ticks': 1, 'ticks_remaining': 1}
2026-09-13 16:17:56,406 : INFO : EventManager : Event: ======'carousel_item_highlighted'====== Args={'carousel': 'attract', 'direction': 'forwards', 'item': 'credits'}
2026-09-13 16:17:56,406 : INFO : Timer.attract_carousel_timer : Starting Timer.
2026-09-13 16:17:56,406 : INFO : EventManager : Event: ======'timer_attract_carousel_timer_started'====== Args={'ticks': 0, 'ticks_remaining': 1}
2026-09-13 16:17:56,406 : INFO : EventManager : Event: ======'timer_attract_carousel_timer_tick'====== Args={'ticks': 0, 'ticks_remaining': 1}
2026-09-13 16:18:03,908 : INFO : Timer.attract_carousel_timer : Timer Complete
2026-09-13 16:18:03,908 : INFO : Timer.attract_carousel_timer : Stopping Timer
2026-09-13 16:18:03,908 : INFO : EventManager : Event: ======'timer_attract_carousel_timer_stopped'====== Args={'ticks': 1, 'ticks_remaining': 1}
2026-09-13 16:18:03,908 : INFO : EventManager : Event: ======'timer_attract_carousel_timer_complete'====== Args={'ticks': 1, 'ticks_remaining': 1}
2026-09-13 16:18:03,909 : INFO : EventManager : Event: ======'carousel_item_highlighted'====== Args={'carousel': 'attract', 'direction': 'forwards', 'item': 'mpf_and_cobrapin_logo'}
2026-09-13 16:18:03,909 : INFO : Timer.attract_carousel_timer : Starting Timer.
2026-09-13 16:18:03,909 : INFO : EventManager : Event: ======'timer_attract_carousel_timer_started'====== Args={'ticks': 0, 'ticks_remaining': 1}
2026-09-13 16:18:03,909 : INFO : EventManager : Event: ======'timer_attract_carousel_timer_tick'====== Args={'ticks': 0, 'ticks_remaining': 1}
2026-09-13 16:18:11,410 : INFO : Timer.attract_carousel_timer : Timer Complete
2026-09-13 16:18:11,411 : INFO : Timer.attract_carousel_timer : Stopping Timer
2026-09-13 16:18:11,411 : INFO : EventManager : Event: ======'timer_attract_carousel_timer_stopped'====== Args={'ticks': 1, 'ticks_remaining': 1}
2026-09-13 16:18:11,411 : INFO : EventManager : Event: ======'timer_attract_carousel_timer_complete'====== Args={'ticks': 1, 'ticks_remaining': 1}
2026-09-13 16:18:11,412 : INFO : EventManager : Event: ======'carousel_item_highlighted'====== Args={'carousel': 'attract', 'direction': 'forwards', 'item': 'team_cherry'}
2026-09-13 16:18:11,412 : INFO : Timer.attract_carousel_timer : Starting Timer.
2026-09-13 16:18:11,412 : INFO : EventManager : Event: ======'timer_attract_carousel_timer_started'====== Args={'ticks': 0, 'ticks_remaining': 1}
2026-09-13 16:18:11,412 : INFO : EventManager : Event: ======'timer_attract_carousel_timer_tick'====== Args={'ticks': 0, 'ticks_remaining': 1}
2026-09-13 16:18:18,913 : INFO : Timer.attract_carousel_timer : Timer Complete
2026-09-13 16:18:18,914 : INFO : Timer.attract_carousel_timer : Stopping Timer
2026-09-13 16:18:18,914 : INFO : EventManager : Event: ======'timer_attract_carousel_timer_stopped'====== Args={'ticks': 1, 'ticks_remaining': 1}
2026-09-13 16:18:18,914 : INFO : EventManager : Event: ======'timer_attract_carousel_timer_complete'====== Args={'ticks': 1, 'ticks_remaining': 1}
2026-09-13 16:18:18,915 : INFO : EventManager : Event: ======'carousel_item_highlighted'====== Args={'carousel': 'attract', 'direction': 'forwards', 'item': 'last_scores_1p'}
2026-09-13 16:18:18,915 : INFO : Timer.attract_carousel_timer : Starting Timer.
2026-09-13 16:18:18,915 : INFO : EventManager : Event: ======'timer_attract_carousel_timer_started'====== Args={'ticks': 0, 'ticks_remaining': 1}
2026-09-13 16:18:18,915 : INFO : EventManager : Event: ======'timer_attract_carousel_timer_tick'====== Args={'ticks': 0, 'ticks_remaining': 1}
2026-09-13 16:18:26,417 : INFO : Timer.attract_carousel_timer : Timer Complete
2026-09-13 16:18:26,417 : INFO : Timer.attract_carousel_timer : Stopping Timer
2026-09-13 16:18:26,417 : INFO : EventManager : Event: ======'timer_attract_carousel_timer_stopped'====== Args={'ticks': 1, 'ticks_remaining': 1}
2026-09-13 16:18:26,417 : INFO : EventManager : Event: ======'timer_attract_carousel_timer_complete'====== Args={'ticks': 1, 'ticks_remaining': 1}
2026-09-13 16:18:26,418 : INFO : EventManager : Event: ======'carousel_item_highlighted'====== Args={'carousel': 'attract', 'direction': 'forwards', 'item': 'tutorial_slash'}
2026-09-13 16:18:26,418 : INFO : Timer.attract_carousel_timer : Starting Timer.
2026-09-13 16:18:26,418 : INFO : EventManager : Event: ======'timer_attract_carousel_timer_started'====== Args={'ticks': 0, 'ticks_remaining': 1}
2026-09-13 16:18:26,418 : INFO : EventManager : Event: ======'timer_attract_carousel_timer_tick'====== Args={'ticks': 0, 'ticks_remaining': 1}
2026-09-13 16:18:33,919 : INFO : Timer.attract_carousel_timer : Timer Complete
2026-09-13 16:18:33,919 : INFO : Timer.attract_carousel_timer : Stopping Timer
2026-09-13 16:18:33,919 : INFO : EventManager : Event: ======'timer_attract_carousel_timer_stopped'====== Args={'ticks': 1, 'ticks_remaining': 1}
2026-09-13 16:18:33,919 : INFO : EventManager : Event: ======'timer_attract_carousel_timer_complete'====== Args={'ticks': 1, 'ticks_remaining': 1}
2026-09-13 16:18:33,920 : INFO : EventManager : Event: ======'carousel_item_highlighted'====== Args={'carousel': 'attract', 'direction': 'forwards', 'item': 'tutorial_damage'}
2026-09-13 16:18:33,920 : INFO : Timer.attract_carousel_timer : Starting Timer.
2026-09-13 16:18:33,920 : INFO : EventManager : Event: ======'timer_attract_carousel_timer_started'====== Args={'ticks': 0, 'ticks_remaining': 1}
2026-09-13 16:18:33,920 : INFO : EventManager : Event: ======'timer_attract_carousel_timer_tick'====== Args={'ticks': 0, 'ticks_remaining': 1}
2026-09-13 16:18:41,421 : INFO : Timer.attract_carousel_timer : Timer Complete
2026-09-13 16:18:41,422 : INFO : Timer.attract_carousel_timer : Stopping Timer
2026-09-13 16:18:41,422 : INFO : EventManager : Event: ======'timer_attract_carousel_timer_stopped'====== Args={'ticks': 1, 'ticks_remaining': 1}
2026-09-13 16:18:41,422 : INFO : EventManager : Event: ======'timer_attract_carousel_timer_complete'====== Args={'ticks': 1, 'ticks_remaining': 1}
2026-09-13 16:18:41,422 : INFO : EventManager : Event: ======'carousel_item_highlighted'====== Args={'carousel': 'attract', 'direction': 'forwards', 'item': 'tutorial_dodge'}
2026-09-13 16:18:41,423 : INFO : Timer.attract_carousel_timer : Starting Timer.
2026-09-13 16:18:41,423 : INFO : EventManager : Event: ======'timer_attract_carousel_timer_started'====== Args={'ticks': 0, 'ticks_remaining': 1}
2026-09-13 16:18:41,423 : INFO : EventManager : Event: ======'timer_attract_carousel_timer_tick'====== Args={'ticks': 0, 'ticks_remaining': 1}
2026-09-13 16:18:48,924 : INFO : Timer.attract_carousel_timer : Timer Complete
2026-09-13 16:18:48,924 : INFO : Timer.attract_carousel_timer : Stopping Timer
2026-09-13 16:18:48,924 : INFO : EventManager : Event: ======'timer_attract_carousel_timer_stopped'====== Args={'ticks': 1, 'ticks_remaining': 1}
2026-09-13 16:18:48,925 : INFO : EventManager : Event: ======'timer_attract_carousel_timer_complete'====== Args={'ticks': 1, 'ticks_remaining': 1}
2026-09-13 16:18:48,925 : INFO : EventManager : Event: ======'carousel_item_highlighted'====== Args={'carousel': 'attract', 'direction': 'forwards', 'item': 'tutorial_heal'}
2026-09-13 16:18:48,925 : INFO : Timer.attract_carousel_timer : Starting Timer.
2026-09-13 16:18:48,925 : INFO : EventManager : Event: ======'timer_attract_carousel_timer_started'====== Args={'ticks': 0, 'ticks_remaining': 1}
2026-09-13 16:18:48,925 : INFO : EventManager : Event: ======'timer_attract_carousel_timer_tick'====== Args={'ticks': 0, 'ticks_remaining': 1}
2026-09-13 16:18:56,427 : INFO : Timer.attract_carousel_timer : Timer Complete
2026-09-13 16:18:56,427 : INFO : Timer.attract_carousel_timer : Stopping Timer
2026-09-13 16:18:56,427 : INFO : EventManager : Event: ======'timer_attract_carousel_timer_stopped'====== Args={'ticks': 1, 'ticks_remaining': 1}
2026-09-13 16:18:56,427 : INFO : EventManager : Event: ======'timer_attract_carousel_timer_complete'====== Args={'ticks': 1, 'ticks_remaining': 1}
2026-09-13 16:18:56,428 : INFO : EventManager : Event: ======'carousel_item_highlighted'====== Args={'carousel': 'attract', 'direction': 'forwards', 'item': 'title'}
2026-09-13 16:18:56,429 : INFO : Timer.attract_carousel_timer : Starting Timer.
2026-09-13 16:18:56,429 : INFO : EventManager : Event: ======'timer_attract_carousel_timer_started'====== Args={'ticks': 0, 'ticks_remaining': 1}
2026-09-13 16:18:56,429 : INFO : EventManager : Event: ======'timer_attract_carousel_timer_tick'====== Args={'ticks': 0, 'ticks_remaining': 1}
2026-09-13 16:19:03,930 : INFO : Timer.attract_carousel_timer : Timer Complete
2026-09-13 16:19:03,931 : INFO : Timer.attract_carousel_timer : Stopping Timer
2026-09-13 16:19:03,932 : INFO : EventManager : Event: ======'timer_attract_carousel_timer_stopped'====== Args={'ticks': 1, 'ticks_remaining': 1}
2026-09-13 16:19:03,932 : INFO : EventManager : Event: ======'timer_attract_carousel_timer_complete'====== Args={'ticks': 1, 'ticks_remaining': 1}
2026-09-13 16:19:03,933 : INFO : EventManager : Event: ======'carousel_item_highlighted'====== Args={'carousel': 'attract', 'direction': 'forwards', 'item': 'map'}
2026-09-13 16:19:03,933 : INFO : Timer.attract_carousel_timer : Starting Timer.
2026-09-13 16:19:03,933 : INFO : EventManager : Event: ======'timer_attract_carousel_timer_started'====== Args={'ticks': 0, 'ticks_remaining': 1}
2026-09-13 16:19:03,933 : INFO : EventManager : Event: ======'timer_attract_carousel_timer_tick'====== Args={'ticks': 0, 'ticks_remaining': 1}
2026-09-13 16:19:11,435 : INFO : Timer.attract_carousel_timer : Timer Complete
2026-09-13 16:19:11,435 : INFO : Timer.attract_carousel_timer : Stopping Timer
2026-09-13 16:19:11,435 : INFO : EventManager : Event: ======'timer_attract_carousel_timer_stopped'====== Args={'ticks': 1, 'ticks_remaining': 1}
2026-09-13 16:19:11,435 : INFO : EventManager : Event: ======'timer_attract_carousel_timer_complete'====== Args={'ticks': 1, 'ticks_remaining': 1}
2026-09-13 16:19:11,436 : INFO : EventManager : Event: ======'carousel_item_highlighted'====== Args={'carousel': 'attract', 'direction': 'forwards', 'item': 'credits'}
2026-09-13 16:19:11,436 : INFO : Timer.attract_carousel_timer : Starting Timer.
2026-09-13 16:19:11,437 : INFO : EventManager : Event: ======'timer_attract_carousel_timer_started'====== Args={'ticks': 0, 'ticks_remaining': 1}
2026-09-13 16:19:11,437 : INFO : EventManager : Event: ======'timer_attract_carousel_timer_tick'====== Args={'ticks': 0, 'ticks_remaining': 1}
2026-09-13 16:19:18,938 : INFO : Timer.attract_carousel_timer : Timer Complete
2026-09-13 16:19:18,938 : INFO : Timer.attract_carousel_timer : Stopping Timer
2026-09-13 16:19:18,938 : INFO : EventManager : Event: ======'timer_attract_carousel_timer_stopped'====== Args={'ticks': 1, 'ticks_remaining': 1}
2026-09-13 16:19:18,938 : INFO : EventManager : Event: ======'timer_attract_carousel_timer_complete'====== Args={'ticks': 1, 'ticks_remaining': 1}
2026-09-13 16:19:18,939 : INFO : EventManager : Event: ======'carousel_item_highlighted'====== Args={'carousel': 'attract', 'direction': 'forwards', 'item': 'mpf_and_cobrapin_logo'}
2026-09-13 16:19:18,939 : INFO : Timer.attract_carousel_timer : Starting Timer.
2026-09-13 16:19:18,939 : INFO : EventManager : Event: ======'timer_attract_carousel_timer_started'====== Args={'ticks': 0, 'ticks_remaining': 1}
2026-09-13 16:19:18,939 : INFO : EventManager : Event: ======'timer_attract_carousel_timer_tick'====== Args={'ticks': 0, 'ticks_remaining': 1}
2026-09-13 16:19:26,440 : INFO : Timer.attract_carousel_timer : Timer Complete
2026-09-13 16:19:26,441 : INFO : Timer.attract_carousel_timer : Stopping Timer
2026-09-13 16:19:26,441 : INFO : EventManager : Event: ======'timer_attract_carousel_timer_stopped'====== Args={'ticks': 1, 'ticks_remaining': 1}
2026-09-13 16:19:26,441 : INFO : EventManager : Event: ======'timer_attract_carousel_timer_complete'====== Args={'ticks': 1, 'ticks_remaining': 1}
2026-09-13 16:19:26,442 : INFO : EventManager : Event: ======'carousel_item_highlighted'====== Args={'carousel': 'attract', 'direction': 'forwards', 'item': 'team_cherry'}
2026-09-13 16:19:26,442 : INFO : Timer.attract_carousel_timer : Starting Timer.
2026-09-13 16:19:26,442 : INFO : EventManager : Event: ======'timer_attract_carousel_timer_started'====== Args={'ticks': 0, 'ticks_remaining': 1}
2026-09-13 16:19:26,442 : INFO : EventManager : Event: ======'timer_attract_carousel_timer_tick'====== Args={'ticks': 0, 'ticks_remaining': 1}
2026-09-13 16:19:33,943 : INFO : Timer.attract_carousel_timer : Timer Complete
2026-09-13 16:19:33,944 : INFO : Timer.attract_carousel_timer : Stopping Timer
2026-09-13 16:19:33,944 : INFO : EventManager : Event: ======'timer_attract_carousel_timer_stopped'====== Args={'ticks': 1, 'ticks_remaining': 1}
2026-09-13 16:19:33,945 : INFO : EventManager : Event: ======'timer_attract_carousel_timer_complete'====== Args={'ticks': 1, 'ticks_remaining': 1}
2026-09-13 16:19:33,945 : INFO : EventManager : Event: ======'carousel_item_highlighted'====== Args={'carousel': 'attract', 'direction': 'forwards', 'item': 'last_scores_1p'}
2026-09-13 16:19:33,945 : INFO : Timer.attract_carousel_timer : Starting Timer.
2026-09-13 16:19:33,946 : INFO : EventManager : Event: ======'timer_attract_carousel_timer_started'====== Args={'ticks': 0, 'ticks_remaining': 1}
2026-09-13 16:19:33,946 : INFO : EventManager : Event: ======'timer_attract_carousel_timer_tick'====== Args={'ticks': 0, 'ticks_remaining': 1}
2026-09-13 16:19:41,447 : INFO : Timer.attract_carousel_timer : Timer Complete
2026-09-13 16:19:41,447 : INFO : Timer.attract_carousel_timer : Stopping Timer
2026-09-13 16:19:41,447 : INFO : EventManager : Event: ======'timer_attract_carousel_timer_stopped'====== Args={'ticks': 1, 'ticks_remaining': 1}
2026-09-13 16:19:41,447 : INFO : EventManager : Event: ======'timer_attract_carousel_timer_complete'====== Args={'ticks': 1, 'ticks_remaining': 1}
2026-09-13 16:19:41,448 : INFO : EventManager : Event: ======'carousel_item_highlighted'====== Args={'carousel': 'attract', 'direction': 'forwards', 'item': 'tutorial_slash'}
2026-09-13 16:19:41,448 : INFO : Timer.attract_carousel_timer : Starting Timer.
2026-09-13 16:19:41,448 : INFO : EventManager : Event: ======'timer_attract_carousel_timer_started'====== Args={'ticks': 0, 'ticks_remaining': 1}
2026-09-13 16:19:41,448 : INFO : EventManager : Event: ======'timer_attract_carousel_timer_tick'====== Args={'ticks': 0, 'ticks_remaining': 1}
2026-09-13 16:19:48,950 : INFO : Timer.attract_carousel_timer : Timer Complete
2026-09-13 16:19:48,950 : INFO : Timer.attract_carousel_timer : Stopping Timer
2026-09-13 16:19:48,950 : INFO : EventManager : Event: ======'timer_attract_carousel_timer_stopped'====== Args={'ticks': 1, 'ticks_remaining': 1}
2026-09-13 16:19:48,950 : INFO : EventManager : Event: ======'timer_attract_carousel_timer_complete'====== Args={'ticks': 1, 'ticks_remaining': 1}
2026-09-13 16:19:48,951 : INFO : EventManager : Event: ======'carousel_item_highlighted'====== Args={'carousel': 'attract', 'direction': 'forwards', 'item': 'tutorial_damage'}
2026-09-13 16:19:48,951 : INFO : Timer.attract_carousel_timer : Starting Timer.
2026-09-13 16:19:48,951 : INFO : EventManager : Event: ======'timer_attract_carousel_timer_started'====== Args={'ticks': 0, 'ticks_remaining': 1}
2026-09-13 16:19:48,951 : INFO : EventManager : Event: ======'timer_attract_carousel_timer_tick'====== Args={'ticks': 0, 'ticks_remaining': 1}
2026-09-13 16:19:56,452 : INFO : Timer.attract_carousel_timer : Timer Complete
2026-09-13 16:19:56,452 : INFO : Timer.attract_carousel_timer : Stopping Timer
2026-09-13 16:19:56,453 : INFO : EventManager : Event: ======'timer_attract_carousel_timer_stopped'====== Args={'ticks': 1, 'ticks_remaining': 1}
2026-09-13 16:19:56,453 : INFO : EventManager : Event: ======'timer_attract_carousel_timer_complete'====== Args={'ticks': 1, 'ticks_remaining': 1}
2026-09-13 16:19:56,453 : INFO : EventManager : Event: ======'carousel_item_highlighted'====== Args={'carousel': 'attract', 'direction': 'forwards', 'item': 'tutorial_dodge'}
2026-09-13 16:19:56,453 : INFO : Timer.attract_carousel_timer : Starting Timer.
2026-09-13 16:19:56,453 : INFO : EventManager : Event: ======'timer_attract_carousel_timer_started'====== Args={'ticks': 0, 'ticks_remaining': 1}
2026-09-13 16:19:56,454 : INFO : EventManager : Event: ======'timer_attract_carousel_timer_tick'====== Args={'ticks': 0, 'ticks_remaining': 1}
2026-09-13 16:20:03,955 : INFO : Timer.attract_carousel_timer : Timer Complete
2026-09-13 16:20:03,955 : INFO : Timer.attract_carousel_timer : Stopping Timer
2026-09-13 16:20:03,955 : INFO : EventManager : Event: ======'timer_attract_carousel_timer_stopped'====== Args={'ticks': 1, 'ticks_remaining': 1}
2026-09-13 16:20:03,955 : INFO : EventManager : Event: ======'timer_attract_carousel_timer_complete'====== Args={'ticks': 1, 'ticks_remaining': 1}
2026-09-13 16:20:03,956 : INFO : EventManager : Event: ======'carousel_item_highlighted'====== Args={'carousel': 'attract', 'direction': 'forwards', 'item': 'tutorial_heal'}
2026-09-13 16:20:03,956 : INFO : Timer.attract_carousel_timer : Starting Timer.
2026-09-13 16:20:03,956 : INFO : EventManager : Event: ======'timer_attract_carousel_timer_started'====== Args={'ticks': 0, 'ticks_remaining': 1}
2026-09-13 16:20:03,956 : INFO : EventManager : Event: ======'timer_attract_carousel_timer_tick'====== Args={'ticks': 0, 'ticks_remaining': 1}
2026-09-13 16:20:11,457 : INFO : Timer.attract_carousel_timer : Timer Complete
2026-09-13 16:20:11,458 : INFO : Timer.attract_carousel_timer : Stopping Timer
2026-09-13 16:20:11,458 : INFO : EventManager : Event: ======'timer_attract_carousel_timer_stopped'====== Args={'ticks': 1, 'ticks_remaining': 1}
2026-09-13 16:20:11,458 : INFO : EventManager : Event: ======'timer_attract_carousel_timer_complete'====== Args={'ticks': 1, 'ticks_remaining': 1}
2026-09-13 16:20:11,458 : INFO : EventManager : Event: ======'carousel_item_highlighted'====== Args={'carousel': 'attract', 'direction': 'forwards', 'item': 'title'}
2026-09-13 16:20:11,458 : INFO : Timer.attract_carousel_timer : Starting Timer.
2026-09-13 16:20:11,459 : INFO : EventManager : Event: ======'timer_attract_carousel_timer_started'====== Args={'ticks': 0, 'ticks_remaining': 1}
2026-09-13 16:20:11,459 : INFO : EventManager : Event: ======'timer_attract_carousel_timer_tick'====== Args={'ticks': 0, 'ticks_remaining': 1}
2026-09-13 16:20:18,960 : INFO : Timer.attract_carousel_timer : Timer Complete
2026-09-13 16:20:18,960 : INFO : Timer.attract_carousel_timer : Stopping Timer
2026-09-13 16:20:18,960 : INFO : EventManager : Event: ======'timer_attract_carousel_timer_stopped'====== Args={'ticks': 1, 'ticks_remaining': 1}
2026-09-13 16:20:18,960 : INFO : EventManager : Event: ======'timer_attract_carousel_timer_complete'====== Args={'ticks': 1, 'ticks_remaining': 1}
2026-09-13 16:20:18,961 : INFO : EventManager : Event: ======'carousel_item_highlighted'====== Args={'carousel': 'attract', 'direction': 'forwards', 'item': 'map'}
2026-09-13 16:20:18,961 : INFO : Timer.attract_carousel_timer : Starting Timer.
2026-09-13 16:20:18,961 : INFO : EventManager : Event: ======'timer_attract_carousel_timer_started'====== Args={'ticks': 0, 'ticks_remaining': 1}
2026-09-13 16:20:18,962 : INFO : EventManager : Event: ======'timer_attract_carousel_timer_tick'====== Args={'ticks': 0, 'ticks_remaining': 1}
2026-09-13 16:20:26,463 : INFO : Timer.attract_carousel_timer : Timer Complete
2026-09-13 16:20:26,463 : INFO : Timer.attract_carousel_timer : Stopping Timer
2026-09-13 16:20:26,464 : INFO : EventManager : Event: ======'timer_attract_carousel_timer_stopped'====== Args={'ticks': 1, 'ticks_remaining': 1}
2026-09-13 16:20:26,464 : INFO : EventManager : Event: ======'timer_attract_carousel_timer_complete'====== Args={'ticks': 1, 'ticks_remaining': 1}
2026-09-13 16:20:26,464 : INFO : EventManager : Event: ======'carousel_item_highlighted'====== Args={'carousel': 'attract', 'direction': 'forwards', 'item': 'credits'}
2026-09-13 16:20:26,465 : INFO : Timer.attract_carousel_timer : Starting Timer.
2026-09-13 16:20:26,465 : INFO : EventManager : Event: ======'timer_attract_carousel_timer_started'====== Args={'ticks': 0, 'ticks_remaining': 1}
2026-09-13 16:20:26,465 : INFO : EventManager : Event: ======'timer_attract_carousel_timer_tick'====== Args={'ticks': 0, 'ticks_remaining': 1}
2026-09-13 16:20:33,966 : INFO : Timer.attract_carousel_timer : Timer Complete
2026-09-13 16:20:33,966 : INFO : Timer.attract_carousel_timer : Stopping Timer
2026-09-13 16:20:33,966 : INFO : EventManager : Event: ======'timer_attract_carousel_timer_stopped'====== Args={'ticks': 1, 'ticks_remaining': 1}
2026-09-13 16:20:33,967 : INFO : EventManager : Event: ======'timer_attract_carousel_timer_complete'====== Args={'ticks': 1, 'ticks_remaining': 1}
2026-09-13 16:20:33,967 : INFO : EventManager : Event: ======'carousel_item_highlighted'====== Args={'carousel': 'attract', 'direction': 'forwards', 'item': 'mpf_and_cobrapin_logo'}
2026-09-13 16:20:33,967 : INFO : Timer.attract_carousel_timer : Starting Timer.
2026-09-13 16:20:33,967 : INFO : EventManager : Event: ======'timer_attract_carousel_timer_started'====== Args={'ticks': 0, 'ticks_remaining': 1}
2026-09-13 16:20:33,968 : INFO : EventManager : Event: ======'timer_attract_carousel_timer_tick'====== Args={'ticks': 0, 'ticks_remaining': 1}
2026-09-13 16:20:39,122 : INFO : Machine : Shutting down...
2026-09-13 16:20:39,122 : INFO : EventManager : Event: ======'shutdown'====== Args={}
2026-09-13 16:20:39,128 : INFO : root : MPF run loop ended.
