2026-01-03 15:21:37,475 : INFO : root : Loading config.
2026-01-03 15:21:37,477 : INFO : YamlMultifileConfigLoader : Machine config file #1: config.yaml
2026-01-03 15:21:37,477 : WARNING : ConfigProcessor : Config file in cache changed: /Users/samhughes/Desktop/Hollow-Knight-Pinball/config/config.yaml
2026-01-03 15:21:37,477 : INFO : ConfigProcessor : Loading config from file /Users/samhughes/mpf/lib/python3.13/site-packages/mpf/mpfconfig.yaml.
2026-01-03 15:21:37,492 : INFO : ConfigProcessor : Loading config: /Users/samhughes/mpf/lib/python3.13/site-packages/mpf/mpfconfig.yaml
2026-01-03 15:21:37,492 : INFO : ConfigProcessor : Loading config from file /Users/samhughes/Desktop/Hollow-Knight-Pinball/config/config.yaml.
2026-01-03 15:21:37,494 : INFO : ConfigProcessor : Loading config: /Users/samhughes/Desktop/Hollow-Knight-Pinball/config/config.yaml
2026-01-03 15:21:37,496 : INFO : ConfigProcessor : Loading config: /Users/samhughes/Desktop/Hollow-Knight-Pinball/config/config_switches.yaml
2026-01-03 15:21:37,497 : INFO : ConfigProcessor : Loading config: /Users/samhughes/Desktop/Hollow-Knight-Pinball/config/config_coils.yaml
2026-01-03 15:21:37,497 : INFO : ConfigProcessor : Loading config: /Users/samhughes/Desktop/Hollow-Knight-Pinball/config/config_lights.yaml
2026-01-03 15:21:37,498 : INFO : ConfigProcessor : Loading config: /Users/samhughes/Desktop/Hollow-Knight-Pinball/config/config_ball_devices.yaml
2026-01-03 15:21:37,500 : INFO : ConfigProcessor : Loading config: /Users/samhughes/Desktop/Hollow-Knight-Pinball/config/config_player_variables.yaml
2026-01-03 15:21:37,500 : INFO : ConfigProcessor : Config file cache created: /var/folders/k0/j_dpx55x4kndbs36pl2nt9l00000gn/T/92f7f295141fbdde09e201e7fd0f1349.mpf_cache
2026-01-03 15:21:37,526 : INFO : ConfigProcessor : Loading config from cache: /var/folders/k0/j_dpx55x4kndbs36pl2nt9l00000gn/T/7b77bdcd1da4c54cc720d492bab55a0d.mpf_cache
2026-01-03 15:21:37,526 : INFO : ConfigProcessor : Loading config from cache: /var/folders/k0/j_dpx55x4kndbs36pl2nt9l00000gn/T/501e18c1625d42f1ba9bf53b020c49c5.mpf_cache
2026-01-03 15:21:37,526 : INFO : ConfigProcessor : Loading config from cache: /var/folders/k0/j_dpx55x4kndbs36pl2nt9l00000gn/T/7b77bdcd1da4c54cc720d492bab55a0d.mpf_cache
2026-01-03 15:21:37,526 : INFO : ConfigProcessor : Loading config from cache: /var/folders/k0/j_dpx55x4kndbs36pl2nt9l00000gn/T/dda6f4da00898f9f0a4796a41d9a2ef0.mpf_cache
2026-01-03 15:21:37,527 : INFO : ConfigProcessor : Loading config from cache: /var/folders/k0/j_dpx55x4kndbs36pl2nt9l00000gn/T/522fc819f659907ecbd91e12554f307a.mpf_cache
2026-01-03 15:21:37,528 : INFO : ConfigProcessor : Loading config from cache: /var/folders/k0/j_dpx55x4kndbs36pl2nt9l00000gn/T/05e9cee2d62266bbcd3eb3df28f11ba0.mpf_cache
2026-01-03 15:21:37,528 : INFO : ConfigProcessor : Loading config from cache: /var/folders/k0/j_dpx55x4kndbs36pl2nt9l00000gn/T/a751b7622f38b4d73d2da25b66d734b1.mpf_cache
2026-01-03 15:21:37,529 : INFO : ConfigProcessor : Loading config from cache: /var/folders/k0/j_dpx55x4kndbs36pl2nt9l00000gn/T/515d12d22bfc89771946156b9f4733e7.mpf_cache
2026-01-03 15:21:37,529 : INFO : ConfigProcessor : Loading config from cache: /var/folders/k0/j_dpx55x4kndbs36pl2nt9l00000gn/T/3db5df4db04e3e0d951f803bb6fa84e6.mpf_cache
2026-01-03 15:21:37,529 : INFO : ConfigProcessor : Loading config from cache: /var/folders/k0/j_dpx55x4kndbs36pl2nt9l00000gn/T/3572cafb19834c572118c1dfbec55588.mpf_cache
2026-01-03 15:21:37,529 : INFO : ConfigProcessor : Loading config from cache: /var/folders/k0/j_dpx55x4kndbs36pl2nt9l00000gn/T/39b20d9bce0c2f44f75a85f57a0d45f4.mpf_cache
2026-01-03 15:21:37,530 : INFO : ConfigProcessor : Loading config from cache: /var/folders/k0/j_dpx55x4kndbs36pl2nt9l00000gn/T/189edcb2679eb1788c8ca3be3e29f2f1.mpf_cache
2026-01-03 15:21:37,530 : INFO : ConfigProcessor : Loading config from cache: /var/folders/k0/j_dpx55x4kndbs36pl2nt9l00000gn/T/f00019ffccce993d2850c9d82b9dc44e.mpf_cache
2026-01-03 15:21:37,531 : INFO : ConfigProcessor : Loading config from cache: /var/folders/k0/j_dpx55x4kndbs36pl2nt9l00000gn/T/14560612c17bb039b05632d29f192033.mpf_cache
2026-01-03 15:21:37,531 : INFO : ConfigProcessor : Loading config from cache: /var/folders/k0/j_dpx55x4kndbs36pl2nt9l00000gn/T/1b88d79160cc8850354d058f9a270569.mpf_cache
2026-01-03 15:21:37,531 : INFO : ConfigProcessor : Loading config from cache: /var/folders/k0/j_dpx55x4kndbs36pl2nt9l00000gn/T/db143814423fb474166c86cac053d40c.mpf_cache
2026-01-03 15:21:37,531 : INFO : ConfigProcessor : Loading config from cache: /var/folders/k0/j_dpx55x4kndbs36pl2nt9l00000gn/T/77ecd758607ea296c19f456a8642983d.mpf_cache
2026-01-03 15:21:37,532 : INFO : ConfigProcessor : Loading config from cache: /var/folders/k0/j_dpx55x4kndbs36pl2nt9l00000gn/T/7c3641fae2b7003d26f031771405f733.mpf_cache
2026-01-03 15:21:37,532 : INFO : ConfigProcessor : Loading config from cache: /var/folders/k0/j_dpx55x4kndbs36pl2nt9l00000gn/T/fb7f263f29c0f8af46e6dfce6099ce86.mpf_cache
2026-01-03 15:21:37,532 : INFO : ConfigProcessor : Loading config from cache: /var/folders/k0/j_dpx55x4kndbs36pl2nt9l00000gn/T/8ec02d334e515a6774c1da6355f69b0a.mpf_cache
2026-01-03 15:21:37,532 : INFO : Machine : Mission Pinball Framework Core Engine v0.80.0.dev11
2026-01-03 15:21:37,532 : INFO : Machine : Command line arguments: {'no_load_cache': False, 'create_config_cache': True, 'bcp': True, 'configfile': ['config.yaml'], 'force_assets_load': False, 'platform_integration_test': False, 'jsonlogging': False, 'logfile': 'logs/2026-01-03-15-21-37-mpf-Mac.lan.log', 'pause': False, 'production': False, 'text_ui': True, 'loglevel': 15, 'consoleloglevel': 20, 'force_platform': None, 'syslog_address': None, 'full_logfile_path': '/Users/samhughes/Desktop/Hollow-Knight-Pinball/logs/2026-01-03-15-21-37-mpf-Mac.lan.log'}
2026-01-03 15:21:37,532 : INFO : Machine : MPF path: /Users/samhughes/mpf/lib/python3.13/site-packages/mpf
2026-01-03 15:21:37,532 : INFO : Machine : Machine path: /Users/samhughes/Desktop/Hollow-Knight-Pinball
2026-01-03 15:21:37,532 : INFO : Machine : Platform: darwin
2026-01-03 15:21:37,532 : INFO : Machine : Python executable location: /Users/samhughes/mpf/bin/python3.13
2026-01-03 15:21:37,532 : INFO : Machine : Python version: 3.13.2 (64-bit)
2026-01-03 15:21:37,532 : INFO : Machine : Initializing MPF...
2026-01-03 15:21:37,564 : INFO : OPP : Connecting to /dev/cu.usbmodem4E7B377B48001 at 115200bps
2026-01-03 15:21:37,589 : INFO : OPP : Could not set /dev/cu.usbmodem4E7B377B48001 to low latency mode: Low latency not supported on this platform
2026-01-03 15:21:37,613 : INFO : OPP : Init of OPP board 0 done
2026-01-03 15:21:37,613 : INFO : OPP : Connecting to /dev/cu.usbmodem5678485D30001 at 115200bps
2026-01-03 15:21:37,638 : INFO : OPP : Could not set /dev/cu.usbmodem5678485D30001 to low latency mode: Low latency not supported on this platform
2026-01-03 15:21:37,662 : INFO : OPP : Init of OPP board 1 done
2026-01-03 15:21:37,662 : INFO : EventManager : Event: ======'machine_var_credits_string'====== Args={'value': 'FREE PLAY', 'prev_value': None, 'change': True}
2026-01-03 15:21:37,669 : INFO : EventManager : Event: ======'machine_var_master_volume'====== Args={'value': 0.5, 'prev_value': None, 'change': True}
2026-01-03 15:21:37,669 : INFO : EventManager : Event: ======'machine_var_player1_score'====== Args={'value': 81940, 'prev_value': None, 'change': True}
2026-01-03 15:21:37,669 : INFO : EventManager : Event: ======'machine_var_mpf_version'====== Args={'value': 'Mission Pinball Framework v0.80.0.dev11', 'prev_value': None, 'change': True}
2026-01-03 15:21:37,669 : INFO : EventManager : Event: ======'machine_var_mpf_extended_version'====== Args={'value': 'Mission Pinball Framework v0.80.0.dev11, Config version:6, Show version: 6, BCP version:1.1', 'prev_value': None, 'change': True}
2026-01-03 15:21:37,670 : INFO : EventManager : Event: ======'machine_var_python_version'====== Args={'value': '3.13.2', 'prev_value': None, 'change': True}
2026-01-03 15:21:37,679 : INFO : EventManager : Event: ======'machine_var_platform'====== Args={'value': 'macOS-15.6.1-arm64-arm-64bit-Mach-O', 'prev_value': None, 'change': True}
2026-01-03 15:21:37,679 : INFO : EventManager : Event: ======'machine_var_platform_system'====== Args={'value': 'Darwin', 'prev_value': None, 'change': True}
2026-01-03 15:21:37,679 : INFO : EventManager : Event: ======'machine_var_platform_release'====== Args={'value': '24.6.0', 'prev_value': None, 'change': True}
2026-01-03 15:21:37,679 : INFO : EventManager : Event: ======'machine_var_platform_version'====== Args={'value': 'Darwin Kernel Version 24.6.0: Mon Jul 14 11:29:54 PDT 2025; root:xnu-11417.140.69~1/RELEASE_ARM64_T8122', 'prev_value': None, 'change': True}
2026-01-03 15:21:37,679 : INFO : EventManager : Event: ======'machine_var_platform_machine'====== Args={'value': 'arm64', 'prev_value': None, 'change': True}
2026-01-03 15:21:37,679 : INFO : EventManager : Event: ======'machine_var_log_file_path'====== Args={'value': '/Users/samhughes/Desktop/Hollow-Knight-Pinball/logs/2026-01-03-15-21-37-mpf-Mac.lan.log', 'prev_value': None, 'change': True}
2026-01-03 15:21:37,679 : INFO : EventManager : Event: ======'init_phase_1'====== Args={}
2026-01-03 15:21:37,690 : ERROR : asyncio : Task exception was never retrieved
future: <Task finished name='Task-42' coro=<SystemWideDevice.device_added_system_wide() done, defined at /Users/samhughes/mpf/lib/python3.13/site-packages/mpf/core/system_wide_device.py:15> exception=ConfigFileError('Switch must have a number.')>
Traceback (most recent call last):
  File "/Users/samhughes/mpf/lib/python3.13/site-packages/mpf/core/system_wide_device.py", line 17, in device_added_system_wide
    await self._initialize()
  File "/Users/samhughes/mpf/lib/python3.13/site-packages/mpf/devices/switch.py", line 146, in _initialize
    self.raise_config_error("Switch must have a number.", 1)
    ~~~~~~~~~~~~~~~~~~~~~~~^^^^^^^^^^^^^^^^^^^^^^^^^^^^^^^^^
  File "/Users/samhughes/mpf/lib/python3.13/site-packages/mpf/core/logging.py", line 175, in raise_config_error
    raise ConfigFileError(msg, error_no, self.log.name if self.log else "", context, self._url_base) \
        from source_exception
mpf.exceptions.config_file_error.ConfigFileError: Config File Error in switch.s_back_middle_left_target: Switch must have a number. Error Code: CFE-switch-1 (https://missionpinball.org/logs)
2026-01-03 15:21:37,691 : ERROR : asyncio : Task exception was never retrieved
future: <Task finished name='Task-19' coro=<SystemWideDevice.device_added_system_wide() done, defined at /Users/samhughes/mpf/lib/python3.13/site-packages/mpf/core/system_wide_device.py:15> exception=ConfigFileError('Switch must have a number.')>
Traceback (most recent call last):
  File "/Users/samhughes/mpf/lib/python3.13/site-packages/mpf/core/system_wide_device.py", line 17, in device_added_system_wide
    await self._initialize()
  File "/Users/samhughes/mpf/lib/python3.13/site-packages/mpf/devices/switch.py", line 146, in _initialize
    self.raise_config_error("Switch must have a number.", 1)
    ~~~~~~~~~~~~~~~~~~~~~~~^^^^^^^^^^^^^^^^^^^^^^^^^^^^^^^^^
  File "/Users/samhughes/mpf/lib/python3.13/site-packages/mpf/core/logging.py", line 175, in raise_config_error
    raise ConfigFileError(msg, error_no, self.log.name if self.log else "", context, self._url_base) \
        from source_exception
mpf.exceptions.config_file_error.ConfigFileError: Config File Error in switch.s_trough_1: Switch must have a number. Error Code: CFE-switch-1 (https://missionpinball.org/logs)
2026-01-03 15:21:37,691 : ERROR : asyncio : Task exception was never retrieved
future: <Task finished name='Task-31' coro=<SystemWideDevice.device_added_system_wide() done, defined at /Users/samhughes/mpf/lib/python3.13/site-packages/mpf/core/system_wide_device.py:15> exception=ConfigFileError('Switch must have a number.')>
Traceback (most recent call last):
  File "/Users/samhughes/mpf/lib/python3.13/site-packages/mpf/core/system_wide_device.py", line 17, in device_added_system_wide
    await self._initialize()
  File "/Users/samhughes/mpf/lib/python3.13/site-packages/mpf/devices/switch.py", line 146, in _initialize
    self.raise_config_error("Switch must have a number.", 1)
    ~~~~~~~~~~~~~~~~~~~~~~~^^^^^^^^^^^^^^^^^^^^^^^^^^^^^^^^^
  File "/Users/samhughes/mpf/lib/python3.13/site-packages/mpf/core/logging.py", line 175, in raise_config_error
    raise ConfigFileError(msg, error_no, self.log.name if self.log else "", context, self._url_base) \
        from source_exception
mpf.exceptions.config_file_error.ConfigFileError: Config File Error in switch.s_vuk: Switch must have a number. Error Code: CFE-switch-1 (https://missionpinball.org/logs)
2026-01-03 15:21:37,691 : ERROR : asyncio : Task exception was never retrieved
future: <Task finished name='Task-43' coro=<SystemWideDevice.device_added_system_wide() done, defined at /Users/samhughes/mpf/lib/python3.13/site-packages/mpf/core/system_wide_device.py:15> exception=ConfigFileError('Switch must have a number.')>
Traceback (most recent call last):
  File "/Users/samhughes/mpf/lib/python3.13/site-packages/mpf/core/system_wide_device.py", line 17, in device_added_system_wide
    await self._initialize()
  File "/Users/samhughes/mpf/lib/python3.13/site-packages/mpf/devices/switch.py", line 146, in _initialize
    self.raise_config_error("Switch must have a number.", 1)
    ~~~~~~~~~~~~~~~~~~~~~~~^^^^^^^^^^^^^^^^^^^^^^^^^^^^^^^^^
  File "/Users/samhughes/mpf/lib/python3.13/site-packages/mpf/core/logging.py", line 175, in raise_config_error
    raise ConfigFileError(msg, error_no, self.log.name if self.log else "", context, self._url_base) \
        from source_exception
mpf.exceptions.config_file_error.ConfigFileError: Config File Error in switch.s_back_middle_right_target: Switch must have a number. Error Code: CFE-switch-1 (https://missionpinball.org/logs)
2026-01-03 15:21:37,692 : ERROR : asyncio : Task exception was never retrieved
future: <Task finished name='Task-20' coro=<SystemWideDevice.device_added_system_wide() done, defined at /Users/samhughes/mpf/lib/python3.13/site-packages/mpf/core/system_wide_device.py:15> exception=ConfigFileError('Switch must have a number.')>
Traceback (most recent call last):
  File "/Users/samhughes/mpf/lib/python3.13/site-packages/mpf/core/system_wide_device.py", line 17, in device_added_system_wide
    await self._initialize()
  File "/Users/samhughes/mpf/lib/python3.13/site-packages/mpf/devices/switch.py", line 146, in _initialize
    self.raise_config_error("Switch must have a number.", 1)
    ~~~~~~~~~~~~~~~~~~~~~~~^^^^^^^^^^^^^^^^^^^^^^^^^^^^^^^^^
  File "/Users/samhughes/mpf/lib/python3.13/site-packages/mpf/core/logging.py", line 175, in raise_config_error
    raise ConfigFileError(msg, error_no, self.log.name if self.log else "", context, self._url_base) \
        from source_exception
mpf.exceptions.config_file_error.ConfigFileError: Config File Error in switch.s_trough_2: Switch must have a number. Error Code: CFE-switch-1 (https://missionpinball.org/logs)
2026-01-03 15:21:37,692 : ERROR : asyncio : Task exception was never retrieved
future: <Task finished name='Task-32' coro=<SystemWideDevice.device_added_system_wide() done, defined at /Users/samhughes/mpf/lib/python3.13/site-packages/mpf/core/system_wide_device.py:15> exception=ConfigFileError('Switch must have a number.')>
Traceback (most recent call last):
  File "/Users/samhughes/mpf/lib/python3.13/site-packages/mpf/core/system_wide_device.py", line 17, in device_added_system_wide
    await self._initialize()
  File "/Users/samhughes/mpf/lib/python3.13/site-packages/mpf/devices/switch.py", line 146, in _initialize
    self.raise_config_error("Switch must have a number.", 1)
    ~~~~~~~~~~~~~~~~~~~~~~~^^^^^^^^^^^^^^^^^^^^^^^^^^^^^^^^^
  File "/Users/samhughes/mpf/lib/python3.13/site-packages/mpf/core/logging.py", line 175, in raise_config_error
    raise ConfigFileError(msg, error_no, self.log.name if self.log else "", context, self._url_base) \
        from source_exception
mpf.exceptions.config_file_error.ConfigFileError: Config File Error in switch.s_ramp: Switch must have a number. Error Code: CFE-switch-1 (https://missionpinball.org/logs)
2026-01-03 15:21:37,692 : ERROR : asyncio : Task exception was never retrieved
future: <Task finished name='Task-9' coro=<SystemWideDevice.device_added_system_wide() done, defined at /Users/samhughes/mpf/lib/python3.13/site-packages/mpf/core/system_wide_device.py:15> exception=ConfigFileError('Driver must have a number.')>
Traceback (most recent call last):
  File "/Users/samhughes/mpf/lib/python3.13/site-packages/mpf/core/system_wide_device.py", line 17, in device_added_system_wide
    await self._initialize()
  File "/Users/samhughes/mpf/lib/python3.13/site-packages/mpf/devices/driver.py", line 115, in _initialize
    self.raise_config_error("Driver must have a number.", 1)
    ~~~~~~~~~~~~~~~~~~~~~~~^^^^^^^^^^^^^^^^^^^^^^^^^^^^^^^^^
  File "/Users/samhughes/mpf/lib/python3.13/site-packages/mpf/core/logging.py", line 175, in raise_config_error
    raise ConfigFileError(msg, error_no, self.log.name if self.log else "", context, self._url_base) \
        from source_exception
mpf.exceptions.config_file_error.ConfigFileError: Config File Error in coil.c_flipper_left_main: Driver must have a number. Error Code: CFE-coil-1 (https://missionpinball.org/logs)
2026-01-03 15:21:37,693 : ERROR : asyncio : Task exception was never retrieved
future: <Task finished name='Task-44' coro=<SystemWideDevice.device_added_system_wide() done, defined at /Users/samhughes/mpf/lib/python3.13/site-packages/mpf/core/system_wide_device.py:15> exception=ConfigFileError('Switch must have a number.')>
Traceback (most recent call last):
  File "/Users/samhughes/mpf/lib/python3.13/site-packages/mpf/core/system_wide_device.py", line 17, in device_added_system_wide
    await self._initialize()
  File "/Users/samhughes/mpf/lib/python3.13/site-packages/mpf/devices/switch.py", line 146, in _initialize
    self.raise_config_error("Switch must have a number.", 1)
    ~~~~~~~~~~~~~~~~~~~~~~~^^^^^^^^^^^^^^^^^^^^^^^^^^^^^^^^^
  File "/Users/samhughes/mpf/lib/python3.13/site-packages/mpf/core/logging.py", line 175, in raise_config_error
    raise ConfigFileError(msg, error_no, self.log.name if self.log else "", context, self._url_base) \
        from source_exception
mpf.exceptions.config_file_error.ConfigFileError: Config File Error in switch.s_back_right_target: Switch must have a number. Error Code: CFE-switch-1 (https://missionpinball.org/logs)
2026-01-03 15:21:37,693 : ERROR : asyncio : Task exception was never retrieved
future: <Task finished name='Task-21' coro=<SystemWideDevice.device_added_system_wide() done, defined at /Users/samhughes/mpf/lib/python3.13/site-packages/mpf/core/system_wide_device.py:15> exception=ConfigFileError('Switch must have a number.')>
Traceback (most recent call last):
  File "/Users/samhughes/mpf/lib/python3.13/site-packages/mpf/core/system_wide_device.py", line 17, in device_added_system_wide
    await self._initialize()
  File "/Users/samhughes/mpf/lib/python3.13/site-packages/mpf/devices/switch.py", line 146, in _initialize
    self.raise_config_error("Switch must have a number.", 1)
    ~~~~~~~~~~~~~~~~~~~~~~~^^^^^^^^^^^^^^^^^^^^^^^^^^^^^^^^^
  File "/Users/samhughes/mpf/lib/python3.13/site-packages/mpf/core/logging.py", line 175, in raise_config_error
    raise ConfigFileError(msg, error_no, self.log.name if self.log else "", context, self._url_base) \
        from source_exception
mpf.exceptions.config_file_error.ConfigFileError: Config File Error in switch.s_trough_3: Switch must have a number. Error Code: CFE-switch-1 (https://missionpinball.org/logs)
2026-01-03 15:21:37,693 : ERROR : asyncio : Task exception was never retrieved
future: <Task finished name='Task-33' coro=<SystemWideDevice.device_added_system_wide() done, defined at /Users/samhughes/mpf/lib/python3.13/site-packages/mpf/core/system_wide_device.py:15> exception=ConfigFileError('Switch must have a number.')>
Traceback (most recent call last):
  File "/Users/samhughes/mpf/lib/python3.13/site-packages/mpf/core/system_wide_device.py", line 17, in device_added_system_wide
    await self._initialize()
  File "/Users/samhughes/mpf/lib/python3.13/site-packages/mpf/devices/switch.py", line 146, in _initialize
    self.raise_config_error("Switch must have a number.", 1)
    ~~~~~~~~~~~~~~~~~~~~~~~^^^^^^^^^^^^^^^^^^^^^^^^^^^^^^^^^
  File "/Users/samhughes/mpf/lib/python3.13/site-packages/mpf/core/logging.py", line 175, in raise_config_error
    raise ConfigFileError(msg, error_no, self.log.name if self.log else "", context, self._url_base) \
        from source_exception
mpf.exceptions.config_file_error.ConfigFileError: Config File Error in switch.s_left_orbit: Switch must have a number. Error Code: CFE-switch-1 (https://missionpinball.org/logs)
2026-01-03 15:21:37,693 : ERROR : asyncio : Task exception was never retrieved
future: <Task finished name='Task-10' coro=<SystemWideDevice.device_added_system_wide() done, defined at /Users/samhughes/mpf/lib/python3.13/site-packages/mpf/core/system_wide_device.py:15> exception=ConfigFileError('Driver must have a number.')>
Traceback (most recent call last):
  File "/Users/samhughes/mpf/lib/python3.13/site-packages/mpf/core/system_wide_device.py", line 17, in device_added_system_wide
    await self._initialize()
  File "/Users/samhughes/mpf/lib/python3.13/site-packages/mpf/devices/driver.py", line 115, in _initialize
    self.raise_config_error("Driver must have a number.", 1)
    ~~~~~~~~~~~~~~~~~~~~~~~^^^^^^^^^^^^^^^^^^^^^^^^^^^^^^^^^
  File "/Users/samhughes/mpf/lib/python3.13/site-packages/mpf/core/logging.py", line 175, in raise_config_error
    raise ConfigFileError(msg, error_no, self.log.name if self.log else "", context, self._url_base) \
        from source_exception
mpf.exceptions.config_file_error.ConfigFileError: Config File Error in coil.c_flipper_left_hold: Driver must have a number. Error Code: CFE-coil-1 (https://missionpinball.org/logs)
2026-01-03 15:21:37,693 : ERROR : asyncio : Task exception was never retrieved
future: <Task finished name='Task-45' coro=<SystemWideDevice.device_added_system_wide() done, defined at /Users/samhughes/mpf/lib/python3.13/site-packages/mpf/core/system_wide_device.py:15> exception=ConfigFileError('Switch must have a number.')>
Traceback (most recent call last):
  File "/Users/samhughes/mpf/lib/python3.13/site-packages/mpf/core/system_wide_device.py", line 17, in device_added_system_wide
    await self._initialize()
  File "/Users/samhughes/mpf/lib/python3.13/site-packages/mpf/devices/switch.py", line 146, in _initialize
    self.raise_config_error("Switch must have a number.", 1)
    ~~~~~~~~~~~~~~~~~~~~~~~^^^^^^^^^^^^^^^^^^^^^^^^^^^^^^^^^
  File "/Users/samhughes/mpf/lib/python3.13/site-packages/mpf/core/logging.py", line 175, in raise_config_error
    raise ConfigFileError(msg, error_no, self.log.name if self.log else "", context, self._url_base) \
        from source_exception
mpf.exceptions.config_file_error.ConfigFileError: Config File Error in switch.s_start: Switch must have a number. Error Code: CFE-switch-1 (https://missionpinball.org/logs)
2026-01-03 15:21:37,693 : ERROR : asyncio : Task exception was never retrieved
future: <Task finished name='Task-22' coro=<SystemWideDevice.device_added_system_wide() done, defined at /Users/samhughes/mpf/lib/python3.13/site-packages/mpf/core/system_wide_device.py:15> exception=ConfigFileError('Switch must have a number.')>
Traceback (most recent call last):
  File "/Users/samhughes/mpf/lib/python3.13/site-packages/mpf/core/system_wide_device.py", line 17, in device_added_system_wide
    await self._initialize()
  File "/Users/samhughes/mpf/lib/python3.13/site-packages/mpf/devices/switch.py", line 146, in _initialize
    self.raise_config_error("Switch must have a number.", 1)
    ~~~~~~~~~~~~~~~~~~~~~~~^^^^^^^^^^^^^^^^^^^^^^^^^^^^^^^^^
  File "/Users/samhughes/mpf/lib/python3.13/site-packages/mpf/core/logging.py", line 175, in raise_config_error
    raise ConfigFileError(msg, error_no, self.log.name if self.log else "", context, self._url_base) \
        from source_exception
mpf.exceptions.config_file_error.ConfigFileError: Config File Error in switch.s_plunger_lane: Switch must have a number. Error Code: CFE-switch-1 (https://missionpinball.org/logs)
2026-01-03 15:21:37,694 : ERROR : asyncio : Task exception was never retrieved
future: <Task finished name='Task-34' coro=<SystemWideDevice.device_added_system_wide() done, defined at /Users/samhughes/mpf/lib/python3.13/site-packages/mpf/core/system_wide_device.py:15> exception=ConfigFileError('Switch must have a number.')>
Traceback (most recent call last):
  File "/Users/samhughes/mpf/lib/python3.13/site-packages/mpf/core/system_wide_device.py", line 17, in device_added_system_wide
    await self._initialize()
  File "/Users/samhughes/mpf/lib/python3.13/site-packages/mpf/devices/switch.py", line 146, in _initialize
    self.raise_config_error("Switch must have a number.", 1)
    ~~~~~~~~~~~~~~~~~~~~~~~^^^^^^^^^^^^^^^^^^^^^^^^^^^^^^^^^
  File "/Users/samhughes/mpf/lib/python3.13/site-packages/mpf/core/logging.py", line 175, in raise_config_error
    raise ConfigFileError(msg, error_no, self.log.name if self.log else "", context, self._url_base) \
        from source_exception
mpf.exceptions.config_file_error.ConfigFileError: Config File Error in switch.s_lane_to_pop: Switch must have a number. Error Code: CFE-switch-1 (https://missionpinball.org/logs)
2026-01-03 15:21:37,694 : ERROR : asyncio : Task exception was never retrieved
future: <Task finished name='Task-11' coro=<SystemWideDevice.device_added_system_wide() done, defined at /Users/samhughes/mpf/lib/python3.13/site-packages/mpf/core/system_wide_device.py:15> exception=ConfigFileError('Driver must have a number.')>
Traceback (most recent call last):
  File "/Users/samhughes/mpf/lib/python3.13/site-packages/mpf/core/system_wide_device.py", line 17, in device_added_system_wide
    await self._initialize()
  File "/Users/samhughes/mpf/lib/python3.13/site-packages/mpf/devices/driver.py", line 115, in _initialize
    self.raise_config_error("Driver must have a number.", 1)
    ~~~~~~~~~~~~~~~~~~~~~~~^^^^^^^^^^^^^^^^^^^^^^^^^^^^^^^^^
  File "/Users/samhughes/mpf/lib/python3.13/site-packages/mpf/core/logging.py", line 175, in raise_config_error
    raise ConfigFileError(msg, error_no, self.log.name if self.log else "", context, self._url_base) \
        from source_exception
mpf.exceptions.config_file_error.ConfigFileError: Config File Error in coil.c_flipper_right_main: Driver must have a number. Error Code: CFE-coil-1 (https://missionpinball.org/logs)
2026-01-03 15:21:37,694 : ERROR : asyncio : Task exception was never retrieved
future: <Task finished name='Task-23' coro=<SystemWideDevice.device_added_system_wide() done, defined at /Users/samhughes/mpf/lib/python3.13/site-packages/mpf/core/system_wide_device.py:15> exception=ConfigFileError('Switch must have a number.')>
Traceback (most recent call last):
  File "/Users/samhughes/mpf/lib/python3.13/site-packages/mpf/core/system_wide_device.py", line 17, in device_added_system_wide
    await self._initialize()
  File "/Users/samhughes/mpf/lib/python3.13/site-packages/mpf/devices/switch.py", line 146, in _initialize
    self.raise_config_error("Switch must have a number.", 1)
    ~~~~~~~~~~~~~~~~~~~~~~~^^^^^^^^^^^^^^^^^^^^^^^^^^^^^^^^^
  File "/Users/samhughes/mpf/lib/python3.13/site-packages/mpf/core/logging.py", line 175, in raise_config_error
    raise ConfigFileError(msg, error_no, self.log.name if self.log else "", context, self._url_base) \
        from source_exception
mpf.exceptions.config_file_error.ConfigFileError: Config File Error in switch.s_right_outlane: Switch must have a number. Error Code: CFE-switch-1 (https://missionpinball.org/logs)
2026-01-03 15:21:37,694 : ERROR : asyncio : Task exception was never retrieved
future: <Task finished name='Task-35' coro=<SystemWideDevice.device_added_system_wide() done, defined at /Users/samhughes/mpf/lib/python3.13/site-packages/mpf/core/system_wide_device.py:15> exception=ConfigFileError('Switch must have a number.')>
Traceback (most recent call last):
  File "/Users/samhughes/mpf/lib/python3.13/site-packages/mpf/core/system_wide_device.py", line 17, in device_added_system_wide
    await self._initialize()
  File "/Users/samhughes/mpf/lib/python3.13/site-packages/mpf/devices/switch.py", line 146, in _initialize
    self.raise_config_error("Switch must have a number.", 1)
    ~~~~~~~~~~~~~~~~~~~~~~~^^^^^^^^^^^^^^^^^^^^^^^^^^^^^^^^^
  File "/Users/samhughes/mpf/lib/python3.13/site-packages/mpf/core/logging.py", line 175, in raise_config_error
    raise ConfigFileError(msg, error_no, self.log.name if self.log else "", context, self._url_base) \
        from source_exception
mpf.exceptions.config_file_error.ConfigFileError: Config File Error in switch.s_right_orbit: Switch must have a number. Error Code: CFE-switch-1 (https://missionpinball.org/logs)
2026-01-03 15:21:37,694 : ERROR : asyncio : Task exception was never retrieved
future: <Task finished name='Task-12' coro=<SystemWideDevice.device_added_system_wide() done, defined at /Users/samhughes/mpf/lib/python3.13/site-packages/mpf/core/system_wide_device.py:15> exception=ConfigFileError('Driver must have a number.')>
Traceback (most recent call last):
  File "/Users/samhughes/mpf/lib/python3.13/site-packages/mpf/core/system_wide_device.py", line 17, in device_added_system_wide
    await self._initialize()
  File "/Users/samhughes/mpf/lib/python3.13/site-packages/mpf/devices/driver.py", line 115, in _initialize
    self.raise_config_error("Driver must have a number.", 1)
    ~~~~~~~~~~~~~~~~~~~~~~~^^^^^^^^^^^^^^^^^^^^^^^^^^^^^^^^^
  File "/Users/samhughes/mpf/lib/python3.13/site-packages/mpf/core/logging.py", line 175, in raise_config_error
    raise ConfigFileError(msg, error_no, self.log.name if self.log else "", context, self._url_base) \
        from source_exception
mpf.exceptions.config_file_error.ConfigFileError: Config File Error in coil.c_flipper_right_hold: Driver must have a number. Error Code: CFE-coil-1 (https://missionpinball.org/logs)
2026-01-03 15:21:37,695 : ERROR : asyncio : Task exception was never retrieved
future: <Task finished name='Task-24' coro=<SystemWideDevice.device_added_system_wide() done, defined at /Users/samhughes/mpf/lib/python3.13/site-packages/mpf/core/system_wide_device.py:15> exception=ConfigFileError('Switch must have a number.')>
Traceback (most recent call last):
  File "/Users/samhughes/mpf/lib/python3.13/site-packages/mpf/core/system_wide_device.py", line 17, in device_added_system_wide
    await self._initialize()
  File "/Users/samhughes/mpf/lib/python3.13/site-packages/mpf/devices/switch.py", line 146, in _initialize
    self.raise_config_error("Switch must have a number.", 1)
    ~~~~~~~~~~~~~~~~~~~~~~~^^^^^^^^^^^^^^^^^^^^^^^^^^^^^^^^^
  File "/Users/samhughes/mpf/lib/python3.13/site-packages/mpf/core/logging.py", line 175, in raise_config_error
    raise ConfigFileError(msg, error_no, self.log.name if self.log else "", context, self._url_base) \
        from source_exception
mpf.exceptions.config_file_error.ConfigFileError: Config File Error in switch.s_right_inlane: Switch must have a number. Error Code: CFE-switch-1 (https://missionpinball.org/logs)
2026-01-03 15:21:37,695 : ERROR : asyncio : Task exception was never retrieved
future: <Task finished name='Task-36' coro=<SystemWideDevice.device_added_system_wide() done, defined at /Users/samhughes/mpf/lib/python3.13/site-packages/mpf/core/system_wide_device.py:15> exception=ConfigFileError('Switch must have a number.')>
Traceback (most recent call last):
  File "/Users/samhughes/mpf/lib/python3.13/site-packages/mpf/core/system_wide_device.py", line 17, in device_added_system_wide
    await self._initialize()
  File "/Users/samhughes/mpf/lib/python3.13/site-packages/mpf/devices/switch.py", line 146, in _initialize
    self.raise_config_error("Switch must have a number.", 1)
    ~~~~~~~~~~~~~~~~~~~~~~~^^^^^^^^^^^^^^^^^^^^^^^^^^^^^^^^^
  File "/Users/samhughes/mpf/lib/python3.13/site-packages/mpf/core/logging.py", line 175, in raise_config_error
    raise ConfigFileError(msg, error_no, self.log.name if self.log else "", context, self._url_base) \
        from source_exception
mpf.exceptions.config_file_error.ConfigFileError: Config File Error in switch.s_saucer: Switch must have a number. Error Code: CFE-switch-1 (https://missionpinball.org/logs)
2026-01-03 15:21:37,695 : ERROR : asyncio : Task exception was never retrieved
future: <Task finished name='Task-13' coro=<SystemWideDevice.device_added_system_wide() done, defined at /Users/samhughes/mpf/lib/python3.13/site-packages/mpf/core/system_wide_device.py:15> exception=ConfigFileError('Driver must have a number.')>
Traceback (most recent call last):
  File "/Users/samhughes/mpf/lib/python3.13/site-packages/mpf/core/system_wide_device.py", line 17, in device_added_system_wide
    await self._initialize()
  File "/Users/samhughes/mpf/lib/python3.13/site-packages/mpf/devices/driver.py", line 115, in _initialize
    self.raise_config_error("Driver must have a number.", 1)
    ~~~~~~~~~~~~~~~~~~~~~~~^^^^^^^^^^^^^^^^^^^^^^^^^^^^^^^^^
  File "/Users/samhughes/mpf/lib/python3.13/site-packages/mpf/core/logging.py", line 175, in raise_config_error
    raise ConfigFileError(msg, error_no, self.log.name if self.log else "", context, self._url_base) \
        from source_exception
mpf.exceptions.config_file_error.ConfigFileError: Config File Error in coil.c_trough_eject: Driver must have a number. Error Code: CFE-coil-1 (https://missionpinball.org/logs)
2026-01-03 15:21:37,695 : ERROR : asyncio : Task exception was never retrieved
future: <Task finished name='Task-25' coro=<SystemWideDevice.device_added_system_wide() done, defined at /Users/samhughes/mpf/lib/python3.13/site-packages/mpf/core/system_wide_device.py:15> exception=ConfigFileError('Switch must have a number.')>
Traceback (most recent call last):
  File "/Users/samhughes/mpf/lib/python3.13/site-packages/mpf/core/system_wide_device.py", line 17, in device_added_system_wide
    await self._initialize()
  File "/Users/samhughes/mpf/lib/python3.13/site-packages/mpf/devices/switch.py", line 146, in _initialize
    self.raise_config_error("Switch must have a number.", 1)
    ~~~~~~~~~~~~~~~~~~~~~~~^^^^^^^^^^^^^^^^^^^^^^^^^^^^^^^^^
  File "/Users/samhughes/mpf/lib/python3.13/site-packages/mpf/core/logging.py", line 175, in raise_config_error
    raise ConfigFileError(msg, error_no, self.log.name if self.log else "", context, self._url_base) \
        from source_exception
mpf.exceptions.config_file_error.ConfigFileError: Config File Error in switch.s_left_inlane: Switch must have a number. Error Code: CFE-switch-1 (https://missionpinball.org/logs)
2026-01-03 15:21:37,695 : ERROR : asyncio : Task exception was never retrieved
future: <Task finished name='Task-37' coro=<SystemWideDevice.device_added_system_wide() done, defined at /Users/samhughes/mpf/lib/python3.13/site-packages/mpf/core/system_wide_device.py:15> exception=ConfigFileError('Switch must have a number.')>
Traceback (most recent call last):
  File "/Users/samhughes/mpf/lib/python3.13/site-packages/mpf/core/system_wide_device.py", line 17, in device_added_system_wide
    await self._initialize()
  File "/Users/samhughes/mpf/lib/python3.13/site-packages/mpf/devices/switch.py", line 146, in _initialize
    self.raise_config_error("Switch must have a number.", 1)
    ~~~~~~~~~~~~~~~~~~~~~~~^^^^^^^^^^^^^^^^^^^^^^^^^^^^^^^^^
  File "/Users/samhughes/mpf/lib/python3.13/site-packages/mpf/core/logging.py", line 175, in raise_config_error
    raise ConfigFileError(msg, error_no, self.log.name if self.log else "", context, self._url_base) \
        from source_exception
mpf.exceptions.config_file_error.ConfigFileError: Config File Error in switch.s_front_left_target: Switch must have a number. Error Code: CFE-switch-1 (https://missionpinball.org/logs)
2026-01-03 15:21:37,695 : ERROR : asyncio : Task exception was never retrieved
future: <Task finished name='Task-14' coro=<SystemWideDevice.device_added_system_wide() done, defined at /Users/samhughes/mpf/lib/python3.13/site-packages/mpf/core/system_wide_device.py:15> exception=ConfigFileError('Driver must have a number.')>
Traceback (most recent call last):
  File "/Users/samhughes/mpf/lib/python3.13/site-packages/mpf/core/system_wide_device.py", line 17, in device_added_system_wide
    await self._initialize()
  File "/Users/samhughes/mpf/lib/python3.13/site-packages/mpf/devices/driver.py", line 115, in _initialize
    self.raise_config_error("Driver must have a number.", 1)
    ~~~~~~~~~~~~~~~~~~~~~~~^^^^^^^^^^^^^^^^^^^^^^^^^^^^^^^^^
  File "/Users/samhughes/mpf/lib/python3.13/site-packages/mpf/core/logging.py", line 175, in raise_config_error
    raise ConfigFileError(msg, error_no, self.log.name if self.log else "", context, self._url_base) \
        from source_exception
mpf.exceptions.config_file_error.ConfigFileError: Config File Error in coil.c_vuk_eject: Driver must have a number. Error Code: CFE-coil-1 (https://missionpinball.org/logs)
2026-01-03 15:21:37,696 : ERROR : asyncio : Task exception was never retrieved
future: <Task finished name='Task-26' coro=<SystemWideDevice.device_added_system_wide() done, defined at /Users/samhughes/mpf/lib/python3.13/site-packages/mpf/core/system_wide_device.py:15> exception=ConfigFileError('Switch must have a number.')>
Traceback (most recent call last):
  File "/Users/samhughes/mpf/lib/python3.13/site-packages/mpf/core/system_wide_device.py", line 17, in device_added_system_wide
    await self._initialize()
  File "/Users/samhughes/mpf/lib/python3.13/site-packages/mpf/devices/switch.py", line 146, in _initialize
    self.raise_config_error("Switch must have a number.", 1)
    ~~~~~~~~~~~~~~~~~~~~~~~^^^^^^^^^^^^^^^^^^^^^^^^^^^^^^^^^
  File "/Users/samhughes/mpf/lib/python3.13/site-packages/mpf/core/logging.py", line 175, in raise_config_error
    raise ConfigFileError(msg, error_no, self.log.name if self.log else "", context, self._url_base) \
        from source_exception
mpf.exceptions.config_file_error.ConfigFileError: Config File Error in switch.s_left_outlane: Switch must have a number. Error Code: CFE-switch-1 (https://missionpinball.org/logs)
2026-01-03 15:21:37,696 : ERROR : asyncio : Task exception was never retrieved
future: <Task finished name='Task-38' coro=<SystemWideDevice.device_added_system_wide() done, defined at /Users/samhughes/mpf/lib/python3.13/site-packages/mpf/core/system_wide_device.py:15> exception=ConfigFileError('Switch must have a number.')>
Traceback (most recent call last):
  File "/Users/samhughes/mpf/lib/python3.13/site-packages/mpf/core/system_wide_device.py", line 17, in device_added_system_wide
    await self._initialize()
  File "/Users/samhughes/mpf/lib/python3.13/site-packages/mpf/devices/switch.py", line 146, in _initialize
    self.raise_config_error("Switch must have a number.", 1)
    ~~~~~~~~~~~~~~~~~~~~~~~^^^^^^^^^^^^^^^^^^^^^^^^^^^^^^^^^
  File "/Users/samhughes/mpf/lib/python3.13/site-packages/mpf/core/logging.py", line 175, in raise_config_error
    raise ConfigFileError(msg, error_no, self.log.name if self.log else "", context, self._url_base) \
        from source_exception
mpf.exceptions.config_file_error.ConfigFileError: Config File Error in switch.s_front_middle_target: Switch must have a number. Error Code: CFE-switch-1 (https://missionpinball.org/logs)
2026-01-03 15:21:37,696 : ERROR : asyncio : Task exception was never retrieved
future: <Task finished name='Task-15' coro=<SystemWideDevice.device_added_system_wide() done, defined at /Users/samhughes/mpf/lib/python3.13/site-packages/mpf/core/system_wide_device.py:15> exception=ConfigFileError('Driver must have a number.')>
Traceback (most recent call last):
  File "/Users/samhughes/mpf/lib/python3.13/site-packages/mpf/core/system_wide_device.py", line 17, in device_added_system_wide
    await self._initialize()
  File "/Users/samhughes/mpf/lib/python3.13/site-packages/mpf/devices/driver.py", line 115, in _initialize
    self.raise_config_error("Driver must have a number.", 1)
    ~~~~~~~~~~~~~~~~~~~~~~~^^^^^^^^^^^^^^^^^^^^^^^^^^^^^^^^^
  File "/Users/samhughes/mpf/lib/python3.13/site-packages/mpf/core/logging.py", line 175, in raise_config_error
    raise ConfigFileError(msg, error_no, self.log.name if self.log else "", context, self._url_base) \
        from source_exception
mpf.exceptions.config_file_error.ConfigFileError: Config File Error in coil.c_pop_bumper: Driver must have a number. Error Code: CFE-coil-1 (https://missionpinball.org/logs)
2026-01-03 15:21:37,696 : ERROR : asyncio : Task exception was never retrieved
future: <Task finished name='Task-27' coro=<SystemWideDevice.device_added_system_wide() done, defined at /Users/samhughes/mpf/lib/python3.13/site-packages/mpf/core/system_wide_device.py:15> exception=ConfigFileError('Switch must have a number.')>
Traceback (most recent call last):
  File "/Users/samhughes/mpf/lib/python3.13/site-packages/mpf/core/system_wide_device.py", line 17, in device_added_system_wide
    await self._initialize()
  File "/Users/samhughes/mpf/lib/python3.13/site-packages/mpf/devices/switch.py", line 146, in _initialize
    self.raise_config_error("Switch must have a number.", 1)
    ~~~~~~~~~~~~~~~~~~~~~~~^^^^^^^^^^^^^^^^^^^^^^^^^^^^^^^^^
  File "/Users/samhughes/mpf/lib/python3.13/site-packages/mpf/core/logging.py", line 175, in raise_config_error
    raise ConfigFileError(msg, error_no, self.log.name if self.log else "", context, self._url_base) \
        from source_exception
mpf.exceptions.config_file_error.ConfigFileError: Config File Error in switch.s_top_left_slingshot: Switch must have a number. Error Code: CFE-switch-1 (https://missionpinball.org/logs)
2026-01-03 15:21:37,696 : ERROR : asyncio : Task exception was never retrieved
future: <Task finished name='Task-39' coro=<SystemWideDevice.device_added_system_wide() done, defined at /Users/samhughes/mpf/lib/python3.13/site-packages/mpf/core/system_wide_device.py:15> exception=ConfigFileError('Switch must have a number.')>
Traceback (most recent call last):
  File "/Users/samhughes/mpf/lib/python3.13/site-packages/mpf/core/system_wide_device.py", line 17, in device_added_system_wide
    await self._initialize()
  File "/Users/samhughes/mpf/lib/python3.13/site-packages/mpf/devices/switch.py", line 146, in _initialize
    self.raise_config_error("Switch must have a number.", 1)
    ~~~~~~~~~~~~~~~~~~~~~~~^^^^^^^^^^^^^^^^^^^^^^^^^^^^^^^^^
  File "/Users/samhughes/mpf/lib/python3.13/site-packages/mpf/core/logging.py", line 175, in raise_config_error
    raise ConfigFileError(msg, error_no, self.log.name if self.log else "", context, self._url_base) \
        from source_exception
mpf.exceptions.config_file_error.ConfigFileError: Config File Error in switch.s_front_right_target: Switch must have a number. Error Code: CFE-switch-1 (https://missionpinball.org/logs)
2026-01-03 15:21:37,696 : ERROR : asyncio : Task exception was never retrieved
future: <Task finished name='Task-16' coro=<SystemWideDevice.device_added_system_wide() done, defined at /Users/samhughes/mpf/lib/python3.13/site-packages/mpf/core/system_wide_device.py:15> exception=ConfigFileError('Driver must have a number.')>
Traceback (most recent call last):
  File "/Users/samhughes/mpf/lib/python3.13/site-packages/mpf/core/system_wide_device.py", line 17, in device_added_system_wide
    await self._initialize()
  File "/Users/samhughes/mpf/lib/python3.13/site-packages/mpf/devices/driver.py", line 115, in _initialize
    self.raise_config_error("Driver must have a number.", 1)
    ~~~~~~~~~~~~~~~~~~~~~~~^^^^^^^^^^^^^^^^^^^^^^^^^^^^^^^^^
  File "/Users/samhughes/mpf/lib/python3.13/site-packages/mpf/core/logging.py", line 175, in raise_config_error
    raise ConfigFileError(msg, error_no, self.log.name if self.log else "", context, self._url_base) \
        from source_exception
mpf.exceptions.config_file_error.ConfigFileError: Config File Error in coil.c_saucer_eject: Driver must have a number. Error Code: CFE-coil-1 (https://missionpinball.org/logs)
2026-01-03 15:21:37,696 : ERROR : asyncio : Task exception was never retrieved
future: <Task finished name='Task-28' coro=<SystemWideDevice.device_added_system_wide() done, defined at /Users/samhughes/mpf/lib/python3.13/site-packages/mpf/core/system_wide_device.py:15> exception=ConfigFileError('Switch must have a number.')>
Traceback (most recent call last):
  File "/Users/samhughes/mpf/lib/python3.13/site-packages/mpf/core/system_wide_device.py", line 17, in device_added_system_wide
    await self._initialize()
  File "/Users/samhughes/mpf/lib/python3.13/site-packages/mpf/devices/switch.py", line 146, in _initialize
    self.raise_config_error("Switch must have a number.", 1)
    ~~~~~~~~~~~~~~~~~~~~~~~^^^^^^^^^^^^^^^^^^^^^^^^^^^^^^^^^
  File "/Users/samhughes/mpf/lib/python3.13/site-packages/mpf/core/logging.py", line 175, in raise_config_error
    raise ConfigFileError(msg, error_no, self.log.name if self.log else "", context, self._url_base) \
        from source_exception
mpf.exceptions.config_file_error.ConfigFileError: Config File Error in switch.s_bottom_left_slingshot: Switch must have a number. Error Code: CFE-switch-1 (https://missionpinball.org/logs)
2026-01-03 15:21:37,697 : ERROR : asyncio : Task exception was never retrieved
future: <Task finished name='Task-40' coro=<SystemWideDevice.device_added_system_wide() done, defined at /Users/samhughes/mpf/lib/python3.13/site-packages/mpf/core/system_wide_device.py:15> exception=ConfigFileError('Switch must have a number.')>
Traceback (most recent call last):
  File "/Users/samhughes/mpf/lib/python3.13/site-packages/mpf/core/system_wide_device.py", line 17, in device_added_system_wide
    await self._initialize()
  File "/Users/samhughes/mpf/lib/python3.13/site-packages/mpf/devices/switch.py", line 146, in _initialize
    self.raise_config_error("Switch must have a number.", 1)
    ~~~~~~~~~~~~~~~~~~~~~~~^^^^^^^^^^^^^^^^^^^^^^^^^^^^^^^^^
  File "/Users/samhughes/mpf/lib/python3.13/site-packages/mpf/core/logging.py", line 175, in raise_config_error
    raise ConfigFileError(msg, error_no, self.log.name if self.log else "", context, self._url_base) \
        from source_exception
mpf.exceptions.config_file_error.ConfigFileError: Config File Error in switch.s_pop_bumper: Switch must have a number. Error Code: CFE-switch-1 (https://missionpinball.org/logs)
2026-01-03 15:21:37,697 : ERROR : asyncio : Task exception was never retrieved
future: <Task finished name='Task-17' coro=<SystemWideDevice.device_added_system_wide() done, defined at /Users/samhughes/mpf/lib/python3.13/site-packages/mpf/core/system_wide_device.py:15> exception=ConfigFileError('Switch must have a number.')>
Traceback (most recent call last):
  File "/Users/samhughes/mpf/lib/python3.13/site-packages/mpf/core/system_wide_device.py", line 17, in device_added_system_wide
    await self._initialize()
  File "/Users/samhughes/mpf/lib/python3.13/site-packages/mpf/devices/switch.py", line 146, in _initialize
    self.raise_config_error("Switch must have a number.", 1)
    ~~~~~~~~~~~~~~~~~~~~~~~^^^^^^^^^^^^^^^^^^^^^^^^^^^^^^^^^
  File "/Users/samhughes/mpf/lib/python3.13/site-packages/mpf/core/logging.py", line 175, in raise_config_error
    raise ConfigFileError(msg, error_no, self.log.name if self.log else "", context, self._url_base) \
        from source_exception
mpf.exceptions.config_file_error.ConfigFileError: Config File Error in switch.s_left_flipper: Switch must have a number. Error Code: CFE-switch-1 (https://missionpinball.org/logs)
2026-01-03 15:21:37,697 : ERROR : asyncio : Task exception was never retrieved
future: <Task finished name='Task-29' coro=<SystemWideDevice.device_added_system_wide() done, defined at /Users/samhughes/mpf/lib/python3.13/site-packages/mpf/core/system_wide_device.py:15> exception=ConfigFileError('Switch must have a number.')>
Traceback (most recent call last):
  File "/Users/samhughes/mpf/lib/python3.13/site-packages/mpf/core/system_wide_device.py", line 17, in device_added_system_wide
    await self._initialize()
  File "/Users/samhughes/mpf/lib/python3.13/site-packages/mpf/devices/switch.py", line 146, in _initialize
    self.raise_config_error("Switch must have a number.", 1)
    ~~~~~~~~~~~~~~~~~~~~~~~^^^^^^^^^^^^^^^^^^^^^^^^^^^^^^^^^
  File "/Users/samhughes/mpf/lib/python3.13/site-packages/mpf/core/logging.py", line 175, in raise_config_error
    raise ConfigFileError(msg, error_no, self.log.name if self.log else "", context, self._url_base) \
        from source_exception
mpf.exceptions.config_file_error.ConfigFileError: Config File Error in switch.s_top_right_slingshot: Switch must have a number. Error Code: CFE-switch-1 (https://missionpinball.org/logs)
2026-01-03 15:21:37,697 : ERROR : asyncio : Task exception was never retrieved
future: <Task finished name='Task-41' coro=<SystemWideDevice.device_added_system_wide() done, defined at /Users/samhughes/mpf/lib/python3.13/site-packages/mpf/core/system_wide_device.py:15> exception=ConfigFileError('Switch must have a number.')>
Traceback (most recent call last):
  File "/Users/samhughes/mpf/lib/python3.13/site-packages/mpf/core/system_wide_device.py", line 17, in device_added_system_wide
    await self._initialize()
  File "/Users/samhughes/mpf/lib/python3.13/site-packages/mpf/devices/switch.py", line 146, in _initialize
    self.raise_config_error("Switch must have a number.", 1)
    ~~~~~~~~~~~~~~~~~~~~~~~^^^^^^^^^^^^^^^^^^^^^^^^^^^^^^^^^
  File "/Users/samhughes/mpf/lib/python3.13/site-packages/mpf/core/logging.py", line 175, in raise_config_error
    raise ConfigFileError(msg, error_no, self.log.name if self.log else "", context, self._url_base) \
        from source_exception
mpf.exceptions.config_file_error.ConfigFileError: Config File Error in switch.s_back_left_target: Switch must have a number. Error Code: CFE-switch-1 (https://missionpinball.org/logs)
2026-01-03 15:21:37,697 : ERROR : asyncio : Task exception was never retrieved
future: <Task finished name='Task-18' coro=<SystemWideDevice.device_added_system_wide() done, defined at /Users/samhughes/mpf/lib/python3.13/site-packages/mpf/core/system_wide_device.py:15> exception=ConfigFileError('Switch must have a number.')>
Traceback (most recent call last):
  File "/Users/samhughes/mpf/lib/python3.13/site-packages/mpf/core/system_wide_device.py", line 17, in device_added_system_wide
    await self._initialize()
  File "/Users/samhughes/mpf/lib/python3.13/site-packages/mpf/devices/switch.py", line 146, in _initialize
    self.raise_config_error("Switch must have a number.", 1)
    ~~~~~~~~~~~~~~~~~~~~~~~^^^^^^^^^^^^^^^^^^^^^^^^^^^^^^^^^
  File "/Users/samhughes/mpf/lib/python3.13/site-packages/mpf/core/logging.py", line 175, in raise_config_error
    raise ConfigFileError(msg, error_no, self.log.name if self.log else "", context, self._url_base) \
        from source_exception
mpf.exceptions.config_file_error.ConfigFileError: Config File Error in switch.s_right_flipper: Switch must have a number. Error Code: CFE-switch-1 (https://missionpinball.org/logs)
2026-01-03 15:21:37,697 : ERROR : asyncio : Task exception was never retrieved
future: <Task finished name='Task-30' coro=<SystemWideDevice.device_added_system_wide() done, defined at /Users/samhughes/mpf/lib/python3.13/site-packages/mpf/core/system_wide_device.py:15> exception=ConfigFileError('Switch must have a number.')>
Traceback (most recent call last):
  File "/Users/samhughes/mpf/lib/python3.13/site-packages/mpf/core/system_wide_device.py", line 17, in device_added_system_wide
    await self._initialize()
  File "/Users/samhughes/mpf/lib/python3.13/site-packages/mpf/devices/switch.py", line 146, in _initialize
    self.raise_config_error("Switch must have a number.", 1)
    ~~~~~~~~~~~~~~~~~~~~~~~^^^^^^^^^^^^^^^^^^^^^^^^^^^^^^^^^
  File "/Users/samhughes/mpf/lib/python3.13/site-packages/mpf/core/logging.py", line 175, in raise_config_error
    raise ConfigFileError(msg, error_no, self.log.name if self.log else "", context, self._url_base) \
        from source_exception
mpf.exceptions.config_file_error.ConfigFileError: Config File Error in switch.s_bottom_right_slingshot: Switch must have a number. Error Code: CFE-switch-1 (https://missionpinball.org/logs)
2026-01-03 15:21:37,698 : INFO : EventManager : Event: ======'init_phase_2'====== Args={}
2026-01-03 15:21:37,698 : INFO : Machine : Starting the main run loop with active modes: []
2026-01-03 15:21:37,698 : WARNING : Machine : Attract mode is not active, game will not be playable. Please check your attract mode configuration.
2026-01-03 15:21:37,698 : INFO : Machine : Shutting down...
2026-01-03 15:21:37,698 : INFO : EventManager : Event: ======'shutdown'====== Args={}
2026-01-03 15:21:37,698 : ERROR : OPP : Stop called on serial connection /dev/cu.usbmodem4E7B377B48001
2026-01-03 15:21:37,700 : ERROR : asyncio : Exception in callback EventManager._async_handler_done()() at /Users/samhughes/mpf/lib/python3.13/site-packages/mpf/core/events.py:124
handle: <Handle EventManager._async_handler_done()() at /Users/samhughes/mpf/lib/python3.13/site-packages/mpf/core/events.py:124>
Traceback (most recent call last):
  File "/Library/Frameworks/Python.framework/Versions/3.13/lib/python3.13/asyncio/events.py", line 89, in _run
    self._context.run(self._callback, *self._args)
    ~~~~~~~~~~~~~~~~~^^^^^^^^^^^^^^^^^^^^^^^^^^^^^
  File "/Users/samhughes/mpf/lib/python3.13/site-packages/mpf/core/events.py", line 127, in _async_handler_done
    future.result()
    ~~~~~~~~~~~~~^^
  File "/Users/samhughes/mpf/lib/python3.13/site-packages/mpf/core/switch_controller.py", line 84, in _initialize_switches
    await self.update_switches_from_hw()
  File "/Users/samhughes/mpf/lib/python3.13/site-packages/mpf/core/switch_controller.py", line 106, in update_switches_from_hw
    switches.add((switch, switch.hw_switch.number))
                          ^^^^^^^^^^^^^^^^^^^^^^^
AttributeError: 'NoneType' object has no attribute 'number'
2026-01-03 15:21:37,701 : ERROR : OPP : Stop called on serial connection /dev/cu.usbmodem5678485D30001
2026-01-03 15:21:38,704 : ERROR : Machine : Runtime Exception
Traceback (most recent call last):
  File "/Users/samhughes/mpf/lib/python3.13/site-packages/mpf/core/machine.py", line 810, in _run_loop
    raise self._exception['exception']
  File "/Users/samhughes/mpf/lib/python3.13/site-packages/mpf/core/system_wide_device.py", line 17, in device_added_system_wide
    await self._initialize()
  File "/Users/samhughes/mpf/lib/python3.13/site-packages/mpf/devices/switch.py", line 146, in _initialize
    self.raise_config_error("Switch must have a number.", 1)
    ~~~~~~~~~~~~~~~~~~~~~~~^^^^^^^^^^^^^^^^^^^^^^^^^^^^^^^^^
  File "/Users/samhughes/mpf/lib/python3.13/site-packages/mpf/core/logging.py", line 175, in raise_config_error
    raise ConfigFileError(msg, error_no, self.log.name if self.log else "", context, self._url_base) \
        from source_exception
mpf.exceptions.config_file_error.ConfigFileError: Config File Error in switch.s_back_middle_left_target: Switch must have a number. Error Code: CFE-switch-1 (https://missionpinball.org/logs)
2026-01-03 15:21:38,707 : INFO : root : MPF run loop ended.
