2026-01-03 16:50:24,543 : INFO : root : Loading config.
2026-01-03 16:50:24,544 : INFO : YamlMultifileConfigLoader : Machine config file #1: config.yaml
2026-01-03 16:50:24,544 : INFO : ConfigProcessor : Loading config from cache: /var/folders/k0/j_dpx55x4kndbs36pl2nt9l00000gn/T/92f7f295141fbdde09e201e7fd0f1349.mpf_cache
2026-01-03 16:50:24,571 : WARNING : ConfigProcessor : Config file in cache changed: /Users/samhughes/Desktop/Hollow-Knight-Pinball/modes/attract/config/attract.yaml
2026-01-03 16:50:24,571 : INFO : ConfigProcessor : Loading config from file /Users/samhughes/mpf/lib/python3.13/site-packages/mpf/modes/attract/config/attract.yaml.
2026-01-03 16:50:24,572 : INFO : ConfigProcessor : Loading config: /Users/samhughes/mpf/lib/python3.13/site-packages/mpf/modes/attract/config/attract.yaml
2026-01-03 16:50:24,572 : INFO : ConfigProcessor : Loading config from file /Users/samhughes/Desktop/Hollow-Knight-Pinball/modes/attract/config/attract.yaml.
2026-01-03 16:50:24,574 : INFO : ConfigProcessor : Loading config: /Users/samhughes/Desktop/Hollow-Knight-Pinball/modes/attract/config/attract.yaml
2026-01-03 16:50:24,574 : INFO : ConfigProcessor : Config file cache created: /var/folders/k0/j_dpx55x4kndbs36pl2nt9l00000gn/T/7b77bdcd1da4c54cc720d492bab55a0d.mpf_cache
2026-01-03 16:50:24,574 : INFO : ConfigProcessor : Loading config from cache: /var/folders/k0/j_dpx55x4kndbs36pl2nt9l00000gn/T/501e18c1625d42f1ba9bf53b020c49c5.mpf_cache
2026-01-03 16:50:24,575 : INFO : ConfigProcessor : Loading config from cache: /var/folders/k0/j_dpx55x4kndbs36pl2nt9l00000gn/T/7b77bdcd1da4c54cc720d492bab55a0d.mpf_cache
2026-01-03 16:50:24,575 : INFO : ConfigProcessor : Loading config from cache: /var/folders/k0/j_dpx55x4kndbs36pl2nt9l00000gn/T/dda6f4da00898f9f0a4796a41d9a2ef0.mpf_cache
2026-01-03 16:50:24,575 : INFO : ConfigProcessor : Loading config from cache: /var/folders/k0/j_dpx55x4kndbs36pl2nt9l00000gn/T/522fc819f659907ecbd91e12554f307a.mpf_cache
2026-01-03 16:50:24,575 : INFO : ConfigProcessor : Loading config from cache: /var/folders/k0/j_dpx55x4kndbs36pl2nt9l00000gn/T/05e9cee2d62266bbcd3eb3df28f11ba0.mpf_cache
2026-01-03 16:50:24,576 : INFO : ConfigProcessor : Loading config from cache: /var/folders/k0/j_dpx55x4kndbs36pl2nt9l00000gn/T/a751b7622f38b4d73d2da25b66d734b1.mpf_cache
2026-01-03 16:50:24,576 : INFO : ConfigProcessor : Loading config from cache: /var/folders/k0/j_dpx55x4kndbs36pl2nt9l00000gn/T/515d12d22bfc89771946156b9f4733e7.mpf_cache
2026-01-03 16:50:24,577 : INFO : ConfigProcessor : Loading config from cache: /var/folders/k0/j_dpx55x4kndbs36pl2nt9l00000gn/T/3db5df4db04e3e0d951f803bb6fa84e6.mpf_cache
2026-01-03 16:50:24,577 : INFO : ConfigProcessor : Loading config from cache: /var/folders/k0/j_dpx55x4kndbs36pl2nt9l00000gn/T/3572cafb19834c572118c1dfbec55588.mpf_cache
2026-01-03 16:50:24,577 : INFO : ConfigProcessor : Loading config from cache: /var/folders/k0/j_dpx55x4kndbs36pl2nt9l00000gn/T/39b20d9bce0c2f44f75a85f57a0d45f4.mpf_cache
2026-01-03 16:50:24,578 : INFO : ConfigProcessor : Loading config from cache: /var/folders/k0/j_dpx55x4kndbs36pl2nt9l00000gn/T/189edcb2679eb1788c8ca3be3e29f2f1.mpf_cache
2026-01-03 16:50:24,578 : INFO : ConfigProcessor : Loading config from cache: /var/folders/k0/j_dpx55x4kndbs36pl2nt9l00000gn/T/f00019ffccce993d2850c9d82b9dc44e.mpf_cache
2026-01-03 16:50:24,578 : INFO : ConfigProcessor : Loading config from cache: /var/folders/k0/j_dpx55x4kndbs36pl2nt9l00000gn/T/14560612c17bb039b05632d29f192033.mpf_cache
2026-01-03 16:50:24,578 : INFO : ConfigProcessor : Loading config from cache: /var/folders/k0/j_dpx55x4kndbs36pl2nt9l00000gn/T/1b88d79160cc8850354d058f9a270569.mpf_cache
2026-01-03 16:50:24,578 : INFO : ConfigProcessor : Loading config from cache: /var/folders/k0/j_dpx55x4kndbs36pl2nt9l00000gn/T/db143814423fb474166c86cac053d40c.mpf_cache
2026-01-03 16:50:24,578 : INFO : ConfigProcessor : Loading config from cache: /var/folders/k0/j_dpx55x4kndbs36pl2nt9l00000gn/T/77ecd758607ea296c19f456a8642983d.mpf_cache
2026-01-03 16:50:24,579 : INFO : ConfigProcessor : Loading config from cache: /var/folders/k0/j_dpx55x4kndbs36pl2nt9l00000gn/T/7c3641fae2b7003d26f031771405f733.mpf_cache
2026-01-03 16:50:24,579 : INFO : ConfigProcessor : Loading config from cache: /var/folders/k0/j_dpx55x4kndbs36pl2nt9l00000gn/T/fb7f263f29c0f8af46e6dfce6099ce86.mpf_cache
2026-01-03 16:50:24,579 : INFO : ConfigProcessor : Loading config from cache: /var/folders/k0/j_dpx55x4kndbs36pl2nt9l00000gn/T/8ec02d334e515a6774c1da6355f69b0a.mpf_cache
2026-01-03 16:50:24,580 : INFO : Machine : Mission Pinball Framework Core Engine v0.80.0.dev11
2026-01-03 16:50:24,580 : INFO : Machine : Command line arguments: {'no_load_cache': False, 'create_config_cache': True, 'bcp': False, 'configfile': ['config.yaml'], 'force_assets_load': False, 'platform_integration_test': False, 'jsonlogging': False, 'logfile': 'logs/2026-01-03-16-50-24-mpf-Mac.lan.log', 'pause': False, 'production': False, 'text_ui': True, 'loglevel': 15, 'consoleloglevel': 20, 'force_platform': None, 'syslog_address': None, 'full_logfile_path': '/Users/samhughes/Desktop/Hollow-Knight-Pinball/logs/2026-01-03-16-50-24-mpf-Mac.lan.log'}
2026-01-03 16:50:24,580 : INFO : Machine : MPF path: /Users/samhughes/mpf/lib/python3.13/site-packages/mpf
2026-01-03 16:50:24,580 : INFO : Machine : Machine path: /Users/samhughes/Desktop/Hollow-Knight-Pinball
2026-01-03 16:50:24,580 : INFO : Machine : Platform: darwin
2026-01-03 16:50:24,580 : INFO : Machine : Python executable location: /Users/samhughes/mpf/bin/python3.13
2026-01-03 16:50:24,580 : INFO : Machine : Python version: 3.13.2 (64-bit)
2026-01-03 16:50:24,580 : INFO : Machine : Initializing MPF...
2026-01-03 16:50:24,610 : INFO : OPP : Connecting to /dev/cu.usbmodem4E7B377B48001 at 115200bps
2026-01-03 16:50:24,635 : INFO : OPP : Could not set /dev/cu.usbmodem4E7B377B48001 to low latency mode: Low latency not supported on this platform
2026-01-03 16:50:24,658 : INFO : OPP : Init of OPP board 0 done
2026-01-03 16:50:24,658 : INFO : OPP : Connecting to /dev/cu.usbmodem5678485D30001 at 115200bps
2026-01-03 16:50:24,677 : INFO : OPP : Could not set /dev/cu.usbmodem5678485D30001 to low latency mode: Low latency not supported on this platform
2026-01-03 16:50:24,701 : INFO : OPP : Init of OPP board 1 done
2026-01-03 16:50:24,701 : INFO : EventManager : Event: ======'machine_var_credits_string'====== Args={'value': 'FREE PLAY', 'prev_value': None, 'change': True}
2026-01-03 16:50:24,709 : INFO : EventManager : Event: ======'machine_var_master_volume'====== Args={'value': 0.5, 'prev_value': None, 'change': True}
2026-01-03 16:50:24,709 : INFO : EventManager : Event: ======'machine_var_player1_score'====== Args={'value': 81940, 'prev_value': None, 'change': True}
2026-01-03 16:50:24,709 : INFO : EventManager : Event: ======'machine_var_mpf_version'====== Args={'value': 'Mission Pinball Framework v0.80.0.dev11', 'prev_value': None, 'change': True}
2026-01-03 16:50:24,709 : INFO : EventManager : Event: ======'machine_var_mpf_extended_version'====== Args={'value': 'Mission Pinball Framework v0.80.0.dev11, Config version:6, Show version: 6, BCP version:1.1', 'prev_value': None, 'change': True}
2026-01-03 16:50:24,709 : INFO : EventManager : Event: ======'machine_var_python_version'====== Args={'value': '3.13.2', 'prev_value': None, 'change': True}
2026-01-03 16:50:24,717 : INFO : EventManager : Event: ======'machine_var_platform'====== Args={'value': 'macOS-15.6.1-arm64-arm-64bit-Mach-O', 'prev_value': None, 'change': True}
2026-01-03 16:50:24,717 : INFO : EventManager : Event: ======'machine_var_platform_system'====== Args={'value': 'Darwin', 'prev_value': None, 'change': True}
2026-01-03 16:50:24,717 : INFO : EventManager : Event: ======'machine_var_platform_release'====== Args={'value': '24.6.0', 'prev_value': None, 'change': True}
2026-01-03 16:50:24,717 : INFO : EventManager : Event: ======'machine_var_platform_version'====== Args={'value': 'Darwin Kernel Version 24.6.0: Mon Jul 14 11:29:54 PDT 2025; root:xnu-11417.140.69~1/RELEASE_ARM64_T8122', 'prev_value': None, 'change': True}
2026-01-03 16:50:24,717 : INFO : EventManager : Event: ======'machine_var_platform_machine'====== Args={'value': 'arm64', 'prev_value': None, 'change': True}
2026-01-03 16:50:24,717 : INFO : EventManager : Event: ======'machine_var_log_file_path'====== Args={'value': '/Users/samhughes/Desktop/Hollow-Knight-Pinball/logs/2026-01-03-16-50-24-mpf-Mac.lan.log', 'prev_value': None, 'change': True}
2026-01-03 16:50:24,717 : INFO : EventManager : Event: ======'init_phase_1'====== Args={}
2026-01-03 16:50:24,727 : INFO : EventManager : Event: ======'init_phase_2'====== Args={}
2026-01-03 16:50:24,730 : INFO : ball_device.bd_trough : BCH: Initial count: 0
2026-01-03 16:50:24,730 : INFO : ball_device.bd_trough : State: idle
2026-01-03 16:50:24,730 : INFO : ball_device.bd_plunger : BCH: Initial count: 0
2026-01-03 16:50:24,730 : INFO : ball_device.bd_plunger : State: idle
2026-01-03 16:50:24,737 : INFO : EventManager : Event: ======'init_phase_3'====== Args={}
2026-01-03 16:50:24,737 : INFO : EventManager : Event: ======'init_phase_4'====== Args={}
2026-01-03 16:50:24,737 : INFO : BallController : Initial balls found: 0
2026-01-03 16:50:24,737 : INFO : EventManager : Event: ======'machine_var_audits_events_game_ended'====== Args={'value': 6, 'prev_value': None, 'change': True}
2026-01-03 16:50:24,738 : INFO : EventManager : Event: ======'machine_var_audits_events_game_started'====== Args={'value': 173, 'prev_value': None, 'change': True}
2026-01-03 16:50:24,738 : INFO : EventManager : Event: ======'machine_var_audits_missing_switches_s_back_left_target'====== Args={'value': 45, 'prev_value': None, 'change': True}
2026-01-03 16:50:24,738 : INFO : EventManager : Event: ======'machine_var_audits_missing_switches_s_back_middle_left_target'====== Args={'value': 1, 'prev_value': None, 'change': True}
2026-01-03 16:50:24,738 : INFO : EventManager : Event: ======'machine_var_audits_missing_switches_s_back_middle_right_target'====== Args={'value': 1, 'prev_value': None, 'change': True}
2026-01-03 16:50:24,738 : INFO : EventManager : Event: ======'machine_var_audits_missing_switches_s_back_right_target'====== Args={'value': 135, 'prev_value': None, 'change': True}
2026-01-03 16:50:24,738 : INFO : EventManager : Event: ======'machine_var_audits_missing_switches_s_bottom_right_slingshot'====== Args={'value': 132, 'prev_value': None, 'change': True}
2026-01-03 16:50:24,738 : INFO : EventManager : Event: ======'machine_var_audits_missing_switches_s_front_left_target'====== Args={'value': 1, 'prev_value': None, 'change': True}
2026-01-03 16:50:24,738 : INFO : EventManager : Event: ======'machine_var_audits_missing_switches_s_front_middle_target'====== Args={'value': 1, 'prev_value': None, 'change': True}
2026-01-03 16:50:24,738 : INFO : EventManager : Event: ======'machine_var_audits_missing_switches_s_front_right_target'====== Args={'value': 2, 'prev_value': None, 'change': True}
2026-01-03 16:50:24,738 : INFO : EventManager : Event: ======'machine_var_audits_missing_switches_s_lane_to_pop'====== Args={'value': 5, 'prev_value': None, 'change': True}
2026-01-03 16:50:24,738 : INFO : EventManager : Event: ======'machine_var_audits_missing_switches_s_left_inlane'====== Args={'value': 1, 'prev_value': None, 'change': True}
2026-01-03 16:50:24,738 : INFO : EventManager : Event: ======'machine_var_audits_missing_switches_s_left_orbit'====== Args={'value': 1, 'prev_value': None, 'change': True}
2026-01-03 16:50:24,738 : INFO : EventManager : Event: ======'machine_var_audits_missing_switches_s_left_outlane'====== Args={'value': 142, 'prev_value': None, 'change': True}
2026-01-03 16:50:24,738 : INFO : EventManager : Event: ======'machine_var_audits_missing_switches_s_right_orbit'====== Args={'value': 27, 'prev_value': None, 'change': True}
2026-01-03 16:50:24,738 : INFO : EventManager : Event: ======'machine_var_audits_missing_switches_s_right_outlane'====== Args={'value': 142, 'prev_value': None, 'change': True}
2026-01-03 16:50:24,738 : INFO : EventManager : Event: ======'machine_var_audits_missing_switches_s_start'====== Args={'value': 4, 'prev_value': None, 'change': True}
2026-01-03 16:50:24,738 : INFO : EventManager : Event: ======'machine_var_audits_missing_switches_s_top_left_slingshot'====== Args={'value': 1, 'prev_value': None, 'change': True}
2026-01-03 16:50:24,738 : INFO : EventManager : Event: ======'machine_var_audits_missing_switches_s_top_right_slingshot'====== Args={'value': 130, 'prev_value': None, 'change': True}
2026-01-03 16:50:24,738 : INFO : EventManager : Event: ======'machine_var_audits_missing_switches_s_trough_1'====== Args={'value': 136, 'prev_value': None, 'change': True}
2026-01-03 16:50:24,738 : INFO : EventManager : Event: ======'machine_var_audits_missing_switches_s_trough_2'====== Args={'value': 160, 'prev_value': None, 'change': True}
2026-01-03 16:50:24,738 : INFO : EventManager : Event: ======'machine_var_audits_missing_switches_s_trough_3'====== Args={'value': 158, 'prev_value': None, 'change': True}
2026-01-03 16:50:24,738 : INFO : EventManager : Event: ======'machine_var_audits_player_score'====== Args={'value': {'average': 36284, 'top': [173500, 81940, 45000, 15000, 15000, 15000, 15000, 15000, 15000, 15000], 'total': 12}, 'prev_value': None, 'change': True}
2026-01-03 16:50:24,738 : INFO : EventManager : Event: ======'machine_var_audits_shots_back_left_target'====== Args={'value': 7, 'prev_value': None, 'change': True}
2026-01-03 16:50:24,738 : INFO : EventManager : Event: ======'machine_var_audits_shots_back_middle_left_target_mask'====== Args={'value': 1, 'prev_value': None, 'change': True}
2026-01-03 16:50:24,738 : INFO : EventManager : Event: ======'machine_var_audits_shots_back_middle_right_target'====== Args={'value': 5, 'prev_value': None, 'change': True}
2026-01-03 16:50:24,738 : INFO : EventManager : Event: ======'machine_var_audits_shots_back_middle_right_target_mask'====== Args={'value': 1, 'prev_value': None, 'change': True}
2026-01-03 16:50:24,738 : INFO : EventManager : Event: ======'machine_var_audits_shots_back_right_target'====== Args={'value': 2, 'prev_value': None, 'change': True}
2026-01-03 16:50:24,738 : INFO : EventManager : Event: ======'machine_var_audits_shots_bakc_middle_left_target'====== Args={'value': 4, 'prev_value': None, 'change': True}
2026-01-03 16:50:24,738 : INFO : EventManager : Event: ======'machine_var_audits_shots_bottom_left_slingshot'====== Args={'value': 3, 'prev_value': None, 'change': True}
2026-01-03 16:50:24,738 : INFO : EventManager : Event: ======'machine_var_audits_shots_front_left_target'====== Args={'value': 7, 'prev_value': None, 'change': True}
2026-01-03 16:50:24,738 : INFO : EventManager : Event: ======'machine_var_audits_shots_front_left_target_mask'====== Args={'value': 1, 'prev_value': None, 'change': True}
2026-01-03 16:50:24,738 : INFO : EventManager : Event: ======'machine_var_audits_shots_front_middle_target'====== Args={'value': 9, 'prev_value': None, 'change': True}
2026-01-03 16:50:24,738 : INFO : EventManager : Event: ======'machine_var_audits_shots_front_middle_target_mask'====== Args={'value': 1, 'prev_value': None, 'change': True}
2026-01-03 16:50:24,738 : INFO : EventManager : Event: ======'machine_var_audits_shots_front_right_target'====== Args={'value': 9, 'prev_value': None, 'change': True}
2026-01-03 16:50:24,738 : INFO : EventManager : Event: ======'machine_var_audits_shots_front_right_target_mask'====== Args={'value': 3, 'prev_value': None, 'change': True}
2026-01-03 16:50:24,738 : INFO : EventManager : Event: ======'machine_var_audits_shots_lane_to_pop'====== Args={'value': 102, 'prev_value': None, 'change': True}
2026-01-03 16:50:24,738 : INFO : EventManager : Event: ======'machine_var_audits_shots_left_inlane'====== Args={'value': 9, 'prev_value': None, 'change': True}
2026-01-03 16:50:24,738 : INFO : EventManager : Event: ======'machine_var_audits_shots_left_orbit'====== Args={'value': 187, 'prev_value': None, 'change': True}
2026-01-03 16:50:24,738 : INFO : EventManager : Event: ======'machine_var_audits_shots_left_orbit_mask'====== Args={'value': 9, 'prev_value': None, 'change': True}
2026-01-03 16:50:24,738 : INFO : EventManager : Event: ======'machine_var_audits_shots_left_orbit_travel_dirtmouth_to_frogotten_crossroads'====== Args={'value': 96, 'prev_value': None, 'change': True}
2026-01-03 16:50:24,738 : INFO : EventManager : Event: ======'machine_var_audits_shots_left_outlane'====== Args={'value': 5, 'prev_value': None, 'change': True}
2026-01-03 16:50:24,738 : INFO : EventManager : Event: ======'machine_var_audits_shots_pop_bumper'====== Args={'value': 27, 'prev_value': None, 'change': True}
2026-01-03 16:50:24,738 : INFO : EventManager : Event: ======'machine_var_audits_shots_ramp'====== Args={'value': 81, 'prev_value': None, 'change': True}
2026-01-03 16:50:24,738 : INFO : EventManager : Event: ======'machine_var_audits_shots_ramp_mask'====== Args={'value': 3, 'prev_value': None, 'change': True}
2026-01-03 16:50:24,738 : INFO : EventManager : Event: ======'machine_var_audits_shots_ramp_travel_dirtmouth_to_frogotten_crossroads'====== Args={'value': 10, 'prev_value': None, 'change': True}
2026-01-03 16:50:24,738 : INFO : EventManager : Event: ======'machine_var_audits_shots_right_inlane'====== Args={'value': 15, 'prev_value': None, 'change': True}
2026-01-03 16:50:24,738 : INFO : EventManager : Event: ======'machine_var_audits_shots_right_orbit'====== Args={'value': 267, 'prev_value': None, 'change': True}
2026-01-03 16:50:24,738 : INFO : EventManager : Event: ======'machine_var_audits_shots_right_orbit_travel_dirtmouth_to_frogotten_crossroads'====== Args={'value': 44, 'prev_value': None, 'change': True}
2026-01-03 16:50:24,738 : INFO : EventManager : Event: ======'machine_var_audits_shots_right_outlane'====== Args={'value': 12, 'prev_value': None, 'change': True}
2026-01-03 16:50:24,738 : INFO : EventManager : Event: ======'machine_var_audits_shots_saucer'====== Args={'value': 40, 'prev_value': None, 'change': True}
2026-01-03 16:50:24,738 : INFO : EventManager : Event: ======'machine_var_audits_shots_saucer_dirtmouth'====== Args={'value': 21, 'prev_value': None, 'change': True}
2026-01-03 16:50:24,738 : INFO : EventManager : Event: ======'machine_var_audits_shots_saucer_frogotten_crossroads'====== Args={'value': 4, 'prev_value': None, 'change': True}
2026-01-03 16:50:24,738 : INFO : EventManager : Event: ======'machine_var_audits_shots_saucer_mask'====== Args={'value': 1, 'prev_value': None, 'change': True}
2026-01-03 16:50:24,738 : INFO : EventManager : Event: ======'machine_var_audits_shots_top_left_slingshot'====== Args={'value': 2, 'prev_value': None, 'change': True}
2026-01-03 16:50:24,738 : INFO : EventManager : Event: ======'machine_var_audits_shots_top_right_slingshot'====== Args={'value': 6, 'prev_value': None, 'change': True}
2026-01-03 16:50:24,738 : INFO : EventManager : Event: ======'machine_var_audits_shots_vuk'====== Args={'value': 321, 'prev_value': None, 'change': True}
2026-01-03 16:50:24,738 : INFO : EventManager : Event: ======'machine_var_audits_shots_vuk_dirtmouth'====== Args={'value': 196, 'prev_value': None, 'change': True}
2026-01-03 16:50:24,738 : INFO : EventManager : Event: ======'machine_var_audits_shots_vuk_frogotten_crossroads'====== Args={'value': 45, 'prev_value': None, 'change': True}
2026-01-03 16:50:24,738 : INFO : EventManager : Event: ======'machine_var_audits_switches_s_back_left_target'====== Args={'value': 7, 'prev_value': None, 'change': True}
2026-01-03 16:50:24,738 : INFO : EventManager : Event: ======'machine_var_audits_switches_s_back_middle_left_target'====== Args={'value': 5, 'prev_value': None, 'change': True}
2026-01-03 16:50:24,738 : INFO : EventManager : Event: ======'machine_var_audits_switches_s_back_middle_right_target'====== Args={'value': 6, 'prev_value': None, 'change': True}
2026-01-03 16:50:24,738 : INFO : EventManager : Event: ======'machine_var_audits_switches_s_back_right_target'====== Args={'value': 3, 'prev_value': None, 'change': True}
2026-01-03 16:50:24,738 : INFO : EventManager : Event: ======'machine_var_audits_switches_s_bottom_left_slingshot'====== Args={'value': 29, 'prev_value': None, 'change': True}
2026-01-03 16:50:24,739 : INFO : EventManager : Event: ======'machine_var_audits_switches_s_bottom_right_slingshot'====== Args={'value': 26, 'prev_value': None, 'change': True}
2026-01-03 16:50:24,739 : INFO : EventManager : Event: ======'machine_var_audits_switches_s_front_left_target'====== Args={'value': 7, 'prev_value': None, 'change': True}
2026-01-03 16:50:24,739 : INFO : EventManager : Event: ======'machine_var_audits_switches_s_front_middle_target'====== Args={'value': 10, 'prev_value': None, 'change': True}
2026-01-03 16:50:24,739 : INFO : EventManager : Event: ======'machine_var_audits_switches_s_front_right_target'====== Args={'value': 10, 'prev_value': None, 'change': True}
2026-01-03 16:50:24,739 : INFO : EventManager : Event: ======'machine_var_audits_switches_s_lane_to_pop'====== Args={'value': 104, 'prev_value': None, 'change': True}
2026-01-03 16:50:24,739 : INFO : EventManager : Event: ======'machine_var_audits_switches_s_left_flipper'====== Args={'value': 183, 'prev_value': None, 'change': True}
2026-01-03 16:50:24,739 : INFO : EventManager : Event: ======'machine_var_audits_switches_s_left_inlane'====== Args={'value': 10, 'prev_value': None, 'change': True}
2026-01-03 16:50:24,739 : INFO : EventManager : Event: ======'machine_var_audits_switches_s_left_orbit'====== Args={'value': 189, 'prev_value': None, 'change': True}
2026-01-03 16:50:24,739 : INFO : EventManager : Event: ======'machine_var_audits_switches_s_left_outlane'====== Args={'value': 6, 'prev_value': None, 'change': True}
2026-01-03 16:50:24,739 : INFO : EventManager : Event: ======'machine_var_audits_switches_s_plunger_lane'====== Args={'value': 351, 'prev_value': None, 'change': True}
2026-01-03 16:50:24,739 : INFO : EventManager : Event: ======'machine_var_audits_switches_s_pop_bumper'====== Args={'value': 27, 'prev_value': None, 'change': True}
2026-01-03 16:50:24,739 : INFO : EventManager : Event: ======'machine_var_audits_switches_s_ramp'====== Args={'value': 83, 'prev_value': None, 'change': True}
2026-01-03 16:50:24,739 : INFO : EventManager : Event: ======'machine_var_audits_switches_s_right_flipper'====== Args={'value': 300, 'prev_value': None, 'change': True}
2026-01-03 16:50:24,739 : INFO : EventManager : Event: ======'machine_var_audits_switches_s_right_inlane'====== Args={'value': 16, 'prev_value': None, 'change': True}
2026-01-03 16:50:24,739 : INFO : EventManager : Event: ======'machine_var_audits_switches_s_right_orbit'====== Args={'value': 301, 'prev_value': None, 'change': True}
2026-01-03 16:50:24,739 : INFO : EventManager : Event: ======'machine_var_audits_switches_s_right_outlane'====== Args={'value': 13, 'prev_value': None, 'change': True}
2026-01-03 16:50:24,739 : INFO : EventManager : Event: ======'machine_var_audits_switches_s_saucer'====== Args={'value': 47, 'prev_value': None, 'change': True}
2026-01-03 16:50:24,739 : INFO : EventManager : Event: ======'machine_var_audits_switches_s_start'====== Args={'value': 63, 'prev_value': None, 'change': True}
2026-01-03 16:50:24,739 : INFO : EventManager : Event: ======'machine_var_audits_switches_s_top_left_slingshot'====== Args={'value': 23, 'prev_value': None, 'change': True}
2026-01-03 16:50:24,739 : INFO : EventManager : Event: ======'machine_var_audits_switches_s_top_right_slingshot'====== Args={'value': 25, 'prev_value': None, 'change': True}
2026-01-03 16:50:24,739 : INFO : EventManager : Event: ======'machine_var_audits_switches_s_trough_1'====== Args={'value': 68, 'prev_value': None, 'change': True}
2026-01-03 16:50:24,739 : INFO : EventManager : Event: ======'machine_var_audits_switches_s_trough_2'====== Args={'value': 9, 'prev_value': None, 'change': True}
2026-01-03 16:50:24,739 : INFO : EventManager : Event: ======'machine_var_audits_switches_s_trough_3'====== Args={'value': 52, 'prev_value': None, 'change': True}
2026-01-03 16:50:24,739 : INFO : EventManager : Event: ======'machine_var_audits_switches_s_vuk'====== Args={'value': 341, 'prev_value': None, 'change': True}
2026-01-03 16:50:24,739 : INFO : EventManager : Event: ======'init_phase_5'====== Args={}
2026-01-03 16:50:24,740 : INFO : EventManager : Event: ======'init_done'====== Args={}
2026-01-03 16:50:24,740 : INFO : EventManager : Event: ======'machine_reset_phase_1'====== Args={}
2026-01-03 16:50:24,741 : INFO : EventManager : Event: ======'machine_reset_phase_2'====== Args={}
2026-01-03 16:50:24,741 : INFO : EventManager : Event: ======'machine_reset_phase_3'====== Args={}
2026-01-03 16:50:24,741 : INFO : EventManager : Event: ======'reset_complete'====== Args={}
2026-01-03 16:50:24,741 : INFO : EventManager : Event: ======'mode_attract_will_start'====== Args={}
2026-01-03 16:50:24,741 : INFO : Timer.attract_carousel_timer : Starting Timer.
2026-01-03 16:50:24,741 : INFO : EventManager : Event: ======'timer_attract_carousel_timer_started'====== Args={'ticks': 0, 'ticks_remaining': 1}
2026-01-03 16:50:24,741 : INFO : EventManager : Event: ======'timer_attract_carousel_timer_tick'====== Args={'ticks': 0, 'ticks_remaining': 1}
2026-01-03 16:50:24,741 : INFO : EventManager : Event: ======'mode_attract_starting'====== Args={}
2026-01-03 16:50:24,741 : INFO : Mode.attract : Started. Priority: 10
2026-01-03 16:50:24,741 : INFO : EventManager : Event: ======'modes_active_modes_changed'====== Args={}
2026-01-03 16:50:24,741 : INFO : EventManager : Event: ======'mode_attract_started'====== Args={}
2026-01-03 16:50:24,741 : INFO : EventManager : Event: ======'collecting_balls_complete'====== Args={}
2026-01-03 16:50:24,741 : INFO : EventManager : Event: ======'carousel_item_highlighted'====== Args={'carousel': 'attract', 'direction': None, 'item': 'title'}
2026-01-03 16:50:24,741 : INFO : Machine : Starting the main run loop with active modes: [<Mode.attract>]
2026-01-03 16:50:25,635 : INFO : BcpServer : New client connected.
2026-01-03 16:50:32,242 : INFO : Timer.attract_carousel_timer : Timer Complete
2026-01-03 16:50:32,242 : INFO : Timer.attract_carousel_timer : Stopping Timer
2026-01-03 16:50:32,243 : INFO : EventManager : Event: ======'timer_attract_carousel_timer_stopped'====== Args={'ticks': 1, 'ticks_remaining': 1}
2026-01-03 16:50:32,243 : INFO : EventManager : Event: ======'timer_attract_carousel_timer_complete'====== Args={'ticks': 1, 'ticks_remaining': 1}
2026-01-03 16:50:32,244 : INFO : EventManager : Event: ======'carousel_item_highlighted'====== Args={'carousel': 'attract', 'direction': 'forwards', 'item': 'map'}
2026-01-03 16:50:32,244 : INFO : Timer.attract_carousel_timer : Starting Timer.
2026-01-03 16:50:32,244 : INFO : EventManager : Event: ======'timer_attract_carousel_timer_started'====== Args={'ticks': 0, 'ticks_remaining': 1}
2026-01-03 16:50:32,244 : INFO : EventManager : Event: ======'timer_attract_carousel_timer_tick'====== Args={'ticks': 0, 'ticks_remaining': 1}
2026-01-03 16:50:39,745 : INFO : Timer.attract_carousel_timer : Timer Complete
2026-01-03 16:50:39,745 : INFO : Timer.attract_carousel_timer : Stopping Timer
2026-01-03 16:50:39,746 : INFO : EventManager : Event: ======'timer_attract_carousel_timer_stopped'====== Args={'ticks': 1, 'ticks_remaining': 1}
2026-01-03 16:50:39,746 : INFO : EventManager : Event: ======'timer_attract_carousel_timer_complete'====== Args={'ticks': 1, 'ticks_remaining': 1}
2026-01-03 16:50:39,747 : INFO : EventManager : Event: ======'carousel_item_highlighted'====== Args={'carousel': 'attract', 'direction': 'forwards', 'item': 'credits'}
2026-01-03 16:50:39,747 : INFO : Timer.attract_carousel_timer : Starting Timer.
2026-01-03 16:50:39,748 : INFO : EventManager : Event: ======'timer_attract_carousel_timer_started'====== Args={'ticks': 0, 'ticks_remaining': 1}
2026-01-03 16:50:39,748 : INFO : EventManager : Event: ======'timer_attract_carousel_timer_tick'====== Args={'ticks': 0, 'ticks_remaining': 1}
2026-01-03 16:50:47,248 : INFO : Timer.attract_carousel_timer : Timer Complete
2026-01-03 16:50:47,248 : INFO : Timer.attract_carousel_timer : Stopping Timer
2026-01-03 16:50:47,249 : INFO : EventManager : Event: ======'timer_attract_carousel_timer_stopped'====== Args={'ticks': 1, 'ticks_remaining': 1}
2026-01-03 16:50:47,249 : INFO : EventManager : Event: ======'timer_attract_carousel_timer_complete'====== Args={'ticks': 1, 'ticks_remaining': 1}
2026-01-03 16:50:47,249 : INFO : EventManager : Event: ======'carousel_item_highlighted'====== Args={'carousel': 'attract', 'direction': 'forwards', 'item': 'mpf_and_cobrapin_logo'}
2026-01-03 16:50:47,250 : INFO : Timer.attract_carousel_timer : Starting Timer.
2026-01-03 16:50:47,250 : INFO : EventManager : Event: ======'timer_attract_carousel_timer_started'====== Args={'ticks': 0, 'ticks_remaining': 1}
2026-01-03 16:50:47,250 : INFO : EventManager : Event: ======'timer_attract_carousel_timer_tick'====== Args={'ticks': 0, 'ticks_remaining': 1}
2026-01-03 16:50:54,751 : INFO : Timer.attract_carousel_timer : Timer Complete
2026-01-03 16:50:54,751 : INFO : Timer.attract_carousel_timer : Stopping Timer
2026-01-03 16:50:54,751 : INFO : EventManager : Event: ======'timer_attract_carousel_timer_stopped'====== Args={'ticks': 1, 'ticks_remaining': 1}
2026-01-03 16:50:54,752 : INFO : EventManager : Event: ======'timer_attract_carousel_timer_complete'====== Args={'ticks': 1, 'ticks_remaining': 1}
2026-01-03 16:50:54,752 : INFO : EventManager : Event: ======'carousel_item_highlighted'====== Args={'carousel': 'attract', 'direction': 'forwards', 'item': 'team_cherry'}
2026-01-03 16:50:54,753 : INFO : Timer.attract_carousel_timer : Starting Timer.
2026-01-03 16:50:54,753 : INFO : EventManager : Event: ======'timer_attract_carousel_timer_started'====== Args={'ticks': 0, 'ticks_remaining': 1}
2026-01-03 16:50:54,754 : INFO : EventManager : Event: ======'timer_attract_carousel_timer_tick'====== Args={'ticks': 0, 'ticks_remaining': 1}
2026-01-03 16:51:02,254 : INFO : Timer.attract_carousel_timer : Timer Complete
2026-01-03 16:51:02,254 : INFO : Timer.attract_carousel_timer : Stopping Timer
2026-01-03 16:51:02,254 : INFO : EventManager : Event: ======'timer_attract_carousel_timer_stopped'====== Args={'ticks': 1, 'ticks_remaining': 1}
2026-01-03 16:51:02,255 : INFO : EventManager : Event: ======'timer_attract_carousel_timer_complete'====== Args={'ticks': 1, 'ticks_remaining': 1}
2026-01-03 16:51:02,255 : INFO : EventManager : Event: ======'carousel_item_highlighted'====== Args={'carousel': 'attract', 'direction': 'forwards', 'item': 'last_scores_1p'}
2026-01-03 16:51:02,256 : INFO : Timer.attract_carousel_timer : Starting Timer.
2026-01-03 16:51:02,256 : INFO : EventManager : Event: ======'timer_attract_carousel_timer_started'====== Args={'ticks': 0, 'ticks_remaining': 1}
2026-01-03 16:51:02,256 : INFO : EventManager : Event: ======'timer_attract_carousel_timer_tick'====== Args={'ticks': 0, 'ticks_remaining': 1}
2026-01-03 16:51:09,757 : INFO : Timer.attract_carousel_timer : Timer Complete
2026-01-03 16:51:09,757 : INFO : Timer.attract_carousel_timer : Stopping Timer
2026-01-03 16:51:09,757 : INFO : EventManager : Event: ======'timer_attract_carousel_timer_stopped'====== Args={'ticks': 1, 'ticks_remaining': 1}
2026-01-03 16:51:09,758 : INFO : EventManager : Event: ======'timer_attract_carousel_timer_complete'====== Args={'ticks': 1, 'ticks_remaining': 1}
2026-01-03 16:51:09,758 : INFO : EventManager : Event: ======'carousel_item_highlighted'====== Args={'carousel': 'attract', 'direction': 'forwards', 'item': 'tutorial_slash'}
2026-01-03 16:51:09,759 : INFO : Timer.attract_carousel_timer : Starting Timer.
2026-01-03 16:51:09,759 : INFO : EventManager : Event: ======'timer_attract_carousel_timer_started'====== Args={'ticks': 0, 'ticks_remaining': 1}
2026-01-03 16:51:09,759 : INFO : EventManager : Event: ======'timer_attract_carousel_timer_tick'====== Args={'ticks': 0, 'ticks_remaining': 1}
2026-01-03 16:51:17,260 : INFO : Timer.attract_carousel_timer : Timer Complete
2026-01-03 16:51:17,261 : INFO : Timer.attract_carousel_timer : Stopping Timer
2026-01-03 16:51:17,261 : INFO : EventManager : Event: ======'timer_attract_carousel_timer_stopped'====== Args={'ticks': 1, 'ticks_remaining': 1}
2026-01-03 16:51:17,261 : INFO : EventManager : Event: ======'timer_attract_carousel_timer_complete'====== Args={'ticks': 1, 'ticks_remaining': 1}
2026-01-03 16:51:17,262 : INFO : EventManager : Event: ======'carousel_item_highlighted'====== Args={'carousel': 'attract', 'direction': 'forwards', 'item': 'tutorial_damage'}
2026-01-03 16:51:17,262 : INFO : Timer.attract_carousel_timer : Starting Timer.
2026-01-03 16:51:17,262 : INFO : EventManager : Event: ======'timer_attract_carousel_timer_started'====== Args={'ticks': 0, 'ticks_remaining': 1}
2026-01-03 16:51:17,262 : INFO : EventManager : Event: ======'timer_attract_carousel_timer_tick'====== Args={'ticks': 0, 'ticks_remaining': 1}
2026-01-03 16:51:24,764 : INFO : Timer.attract_carousel_timer : Timer Complete
2026-01-03 16:51:24,764 : INFO : Timer.attract_carousel_timer : Stopping Timer
2026-01-03 16:51:24,764 : INFO : EventManager : Event: ======'timer_attract_carousel_timer_stopped'====== Args={'ticks': 1, 'ticks_remaining': 1}
2026-01-03 16:51:24,765 : INFO : EventManager : Event: ======'timer_attract_carousel_timer_complete'====== Args={'ticks': 1, 'ticks_remaining': 1}
2026-01-03 16:51:24,765 : INFO : EventManager : Event: ======'carousel_item_highlighted'====== Args={'carousel': 'attract', 'direction': 'forwards', 'item': 'tutorial_dodge'}
2026-01-03 16:51:24,766 : INFO : Timer.attract_carousel_timer : Starting Timer.
2026-01-03 16:51:24,766 : INFO : EventManager : Event: ======'timer_attract_carousel_timer_started'====== Args={'ticks': 0, 'ticks_remaining': 1}
2026-01-03 16:51:24,766 : INFO : EventManager : Event: ======'timer_attract_carousel_timer_tick'====== Args={'ticks': 0, 'ticks_remaining': 1}
2026-01-03 16:51:32,267 : INFO : Timer.attract_carousel_timer : Timer Complete
2026-01-03 16:51:32,268 : INFO : Timer.attract_carousel_timer : Stopping Timer
2026-01-03 16:51:32,268 : INFO : EventManager : Event: ======'timer_attract_carousel_timer_stopped'====== Args={'ticks': 1, 'ticks_remaining': 1}
2026-01-03 16:51:32,269 : INFO : EventManager : Event: ======'timer_attract_carousel_timer_complete'====== Args={'ticks': 1, 'ticks_remaining': 1}
2026-01-03 16:51:32,269 : INFO : EventManager : Event: ======'carousel_item_highlighted'====== Args={'carousel': 'attract', 'direction': 'forwards', 'item': 'tutorial_heal'}
2026-01-03 16:51:32,270 : INFO : Timer.attract_carousel_timer : Starting Timer.
2026-01-03 16:51:32,270 : INFO : EventManager : Event: ======'timer_attract_carousel_timer_started'====== Args={'ticks': 0, 'ticks_remaining': 1}
2026-01-03 16:51:32,271 : INFO : EventManager : Event: ======'timer_attract_carousel_timer_tick'====== Args={'ticks': 0, 'ticks_remaining': 1}
2026-01-03 16:51:39,771 : INFO : Timer.attract_carousel_timer : Timer Complete
2026-01-03 16:51:39,771 : INFO : Timer.attract_carousel_timer : Stopping Timer
2026-01-03 16:51:39,771 : INFO : EventManager : Event: ======'timer_attract_carousel_timer_stopped'====== Args={'ticks': 1, 'ticks_remaining': 1}
2026-01-03 16:51:39,772 : INFO : EventManager : Event: ======'timer_attract_carousel_timer_complete'====== Args={'ticks': 1, 'ticks_remaining': 1}
2026-01-03 16:51:39,772 : INFO : EventManager : Event: ======'carousel_item_highlighted'====== Args={'carousel': 'attract', 'direction': 'forwards', 'item': 'title'}
2026-01-03 16:51:39,773 : INFO : Timer.attract_carousel_timer : Starting Timer.
2026-01-03 16:51:39,773 : INFO : EventManager : Event: ======'timer_attract_carousel_timer_started'====== Args={'ticks': 0, 'ticks_remaining': 1}
2026-01-03 16:51:39,773 : INFO : EventManager : Event: ======'timer_attract_carousel_timer_tick'====== Args={'ticks': 0, 'ticks_remaining': 1}
2026-01-03 16:51:47,274 : INFO : Timer.attract_carousel_timer : Timer Complete
2026-01-03 16:51:47,274 : INFO : Timer.attract_carousel_timer : Stopping Timer
2026-01-03 16:51:47,274 : INFO : EventManager : Event: ======'timer_attract_carousel_timer_stopped'====== Args={'ticks': 1, 'ticks_remaining': 1}
2026-01-03 16:51:47,275 : INFO : EventManager : Event: ======'timer_attract_carousel_timer_complete'====== Args={'ticks': 1, 'ticks_remaining': 1}
2026-01-03 16:51:47,275 : INFO : EventManager : Event: ======'carousel_item_highlighted'====== Args={'carousel': 'attract', 'direction': 'forwards', 'item': 'map'}
2026-01-03 16:51:47,275 : INFO : Timer.attract_carousel_timer : Starting Timer.
2026-01-03 16:51:47,276 : INFO : EventManager : Event: ======'timer_attract_carousel_timer_started'====== Args={'ticks': 0, 'ticks_remaining': 1}
2026-01-03 16:51:47,276 : INFO : EventManager : Event: ======'timer_attract_carousel_timer_tick'====== Args={'ticks': 0, 'ticks_remaining': 1}
2026-01-03 16:51:54,776 : INFO : Timer.attract_carousel_timer : Timer Complete
2026-01-03 16:51:54,776 : INFO : Timer.attract_carousel_timer : Stopping Timer
2026-01-03 16:51:54,777 : INFO : EventManager : Event: ======'timer_attract_carousel_timer_stopped'====== Args={'ticks': 1, 'ticks_remaining': 1}
2026-01-03 16:51:54,777 : INFO : EventManager : Event: ======'timer_attract_carousel_timer_complete'====== Args={'ticks': 1, 'ticks_remaining': 1}
2026-01-03 16:51:54,778 : INFO : EventManager : Event: ======'carousel_item_highlighted'====== Args={'carousel': 'attract', 'direction': 'forwards', 'item': 'credits'}
2026-01-03 16:51:54,778 : INFO : Timer.attract_carousel_timer : Starting Timer.
2026-01-03 16:51:54,779 : INFO : EventManager : Event: ======'timer_attract_carousel_timer_started'====== Args={'ticks': 0, 'ticks_remaining': 1}
2026-01-03 16:51:54,779 : INFO : EventManager : Event: ======'timer_attract_carousel_timer_tick'====== Args={'ticks': 0, 'ticks_remaining': 1}
2026-01-03 16:52:02,279 : INFO : Timer.attract_carousel_timer : Timer Complete
2026-01-03 16:52:02,280 : INFO : Timer.attract_carousel_timer : Stopping Timer
2026-01-03 16:52:02,280 : INFO : EventManager : Event: ======'timer_attract_carousel_timer_stopped'====== Args={'ticks': 1, 'ticks_remaining': 1}
2026-01-03 16:52:02,281 : INFO : EventManager : Event: ======'timer_attract_carousel_timer_complete'====== Args={'ticks': 1, 'ticks_remaining': 1}
2026-01-03 16:52:02,281 : INFO : EventManager : Event: ======'carousel_item_highlighted'====== Args={'carousel': 'attract', 'direction': 'forwards', 'item': 'mpf_and_cobrapin_logo'}
2026-01-03 16:52:02,282 : INFO : Timer.attract_carousel_timer : Starting Timer.
2026-01-03 16:52:02,282 : INFO : EventManager : Event: ======'timer_attract_carousel_timer_started'====== Args={'ticks': 0, 'ticks_remaining': 1}
2026-01-03 16:52:02,282 : INFO : EventManager : Event: ======'timer_attract_carousel_timer_tick'====== Args={'ticks': 0, 'ticks_remaining': 1}
2026-01-03 16:52:09,783 : INFO : Timer.attract_carousel_timer : Timer Complete
2026-01-03 16:52:09,783 : INFO : Timer.attract_carousel_timer : Stopping Timer
2026-01-03 16:52:09,783 : INFO : EventManager : Event: ======'timer_attract_carousel_timer_stopped'====== Args={'ticks': 1, 'ticks_remaining': 1}
2026-01-03 16:52:09,784 : INFO : EventManager : Event: ======'timer_attract_carousel_timer_complete'====== Args={'ticks': 1, 'ticks_remaining': 1}
2026-01-03 16:52:09,784 : INFO : EventManager : Event: ======'carousel_item_highlighted'====== Args={'carousel': 'attract', 'direction': 'forwards', 'item': 'team_cherry'}
2026-01-03 16:52:09,785 : INFO : Timer.attract_carousel_timer : Starting Timer.
2026-01-03 16:52:09,785 : INFO : EventManager : Event: ======'timer_attract_carousel_timer_started'====== Args={'ticks': 0, 'ticks_remaining': 1}
2026-01-03 16:52:09,785 : INFO : EventManager : Event: ======'timer_attract_carousel_timer_tick'====== Args={'ticks': 0, 'ticks_remaining': 1}
2026-01-03 16:52:13,699 : WARNING : OPP : Serial error: read failed: [Errno 6] Device not configured
2026-01-03 16:52:13,699 : INFO : EventManager : Event: ======'serial_error'====== Args={}
2026-01-03 16:52:13,946 : WARNING : OPP : Poll took more than 250.0ms for 1
2026-01-03 16:52:13,947 : ERROR : asyncio : Exception in callback Util.raise_exceptions() at /Users/samhughes/mpf/lib/python3.13/site-packages/mpf/core/utility_functions.py:789
handle: <Handle Util.raise_exceptions() at /Users/samhughes/mpf/lib/python3.13/site-packages/mpf/core/utility_functions.py:789>
Traceback (most recent call last):
  File "/Users/samhughes/mpf/lib/python3.13/site-packages/serial/serialposix.py", line 575, in read
    buf = os.read(self.fd, size - len(read))
OSError: [Errno 6] Device not configured

During handling of the above exception, another exception occurred:

Traceback (most recent call last):
  File "/Library/Frameworks/Python.framework/Versions/3.13/lib/python3.13/asyncio/events.py", line 89, in _run
    self._context.run(self._callback, *self._args)
    ~~~~~~~~~~~~~~~~~^^^^^^^^^^^^^^^^^^^^^^^^^^^^^
  File "/Users/samhughes/mpf/lib/python3.13/site-packages/mpf/core/utility_functions.py", line 797, in raise_exceptions
    future.result()
    ~~~~~~~~~~~~~^^
  File "/Users/samhughes/mpf/lib/python3.13/site-packages/mpf/platforms/opp/opp.py", line 969, in _poll_sender
    await self.opp_connection[chain_serial].writer.drain()
  File "/Library/Frameworks/Python.framework/Versions/3.13/lib/python3.13/asyncio/streams.py", line 374, in drain
    raise exc
  File "/Users/samhughes/mpf/lib/python3.13/site-packages/mpf/platforms/base_serial_communicator.py", line 117, in read
    resp = await self.reader.read(n)
           ^^^^^^^^^^^^^^^^^^^^^^^^^
  File "/Library/Frameworks/Python.framework/Versions/3.13/lib/python3.13/asyncio/streams.py", line 730, in read
    await self._wait_for_data('read')
  File "/Library/Frameworks/Python.framework/Versions/3.13/lib/python3.13/asyncio/streams.py", line 539, in _wait_for_data
    await self._waiter
  File "/Users/samhughes/mpf/lib/python3.13/site-packages/serial_asyncio/__init__.py", line 115, in _read_ready
    data = self._serial.read(self._max_read_size)
  File "/Users/samhughes/mpf/lib/python3.13/site-packages/serial/serialposix.py", line 581, in read
    raise SerialException('read failed: {}'.format(e))
serial.serialutil.SerialException: read failed: [Errno 6] Device not configured
2026-01-03 16:52:13,957 : INFO : Machine : Shutting down...
2026-01-03 16:52:13,957 : INFO : EventManager : Event: ======'shutdown'====== Args={}
2026-01-03 16:52:13,959 : ERROR : OPP : Stop called on serial connection /dev/cu.usbmodem4E7B377B48001
2026-01-03 16:52:13,961 : ERROR : OPP : Stop called on serial connection /dev/cu.usbmodem5678485D30001
2026-01-03 16:52:13,961 : ERROR : root : read failed: [Errno 6] Device not configured
Traceback (most recent call last):
  File "/Users/samhughes/mpf/lib/python3.13/site-packages/serial/serialposix.py", line 575, in read
    buf = os.read(self.fd, size - len(read))
OSError: [Errno 6] Device not configured

During handling of the above exception, another exception occurred:

Traceback (most recent call last):
  File "/Users/samhughes/mpf/lib/python3.13/site-packages/mpf/commands/game.py", line 229, in __init__
    self.machine.run()
    ~~~~~~~~~~~~~~~~^^
  File "/Users/samhughes/mpf/lib/python3.13/site-packages/mpf/core/machine.py", line 706, in run
    self._run_loop()
    ~~~~~~~~~~~~~~^^
  File "/Users/samhughes/mpf/lib/python3.13/site-packages/mpf/core/machine.py", line 806, in _run_loop
    self._crash_shutdown()
    ~~~~~~~~~~~~~~~~~~~~^^
  File "/Users/samhughes/mpf/lib/python3.13/site-packages/mpf/core/machine.py", line 751, in _crash_shutdown
    self._do_stop()
    ~~~~~~~~~~~~~^^
  File "/Users/samhughes/mpf/lib/python3.13/site-packages/mpf/core/machine.py", line 742, in _do_stop
    self.shutdown()
    ~~~~~~~~~~~~~^^
  File "/Users/samhughes/mpf/lib/python3.13/site-packages/mpf/core/machine.py", line 772, in shutdown
    self._platform_stop()
    ~~~~~~~~~~~~~~~~~~~^^
  File "/Users/samhughes/mpf/lib/python3.13/site-packages/mpf/core/machine.py", line 822, in _platform_stop
    hardware_platform.stop()
    ~~~~~~~~~~~~~~~~~~~~~~^^
  File "/Users/samhughes/mpf/lib/python3.13/site-packages/mpf/platforms/opp/opp.py", line 195, in stop
    connections.stop()
    ~~~~~~~~~~~~~~~~^^
  File "/Users/samhughes/mpf/lib/python3.13/site-packages/mpf/platforms/base_serial_communicator.py", line 149, in stop
    self.machine.clock.loop.run_until_complete(self.writer.wait_closed())
    ~~~~~~~~~~~~~~~~~~~~~~~~~~~~~~~~~~~~~~~~~~^^^^^^^^^^^^^^^^^^^^^^^^^^^
  File "/Library/Frameworks/Python.framework/Versions/3.13/lib/python3.13/asyncio/base_events.py", line 725, in run_until_complete
    return future.result()
           ~~~~~~~~~~~~~^^
  File "/Library/Frameworks/Python.framework/Versions/3.13/lib/python3.13/asyncio/streams.py", line 358, in wait_closed
    await self._protocol._get_close_waiter(self)
  File "/Users/samhughes/mpf/lib/python3.13/site-packages/serial_asyncio/__init__.py", line 115, in _read_ready
    data = self._serial.read(self._max_read_size)
  File "/Users/samhughes/mpf/lib/python3.13/site-packages/serial/serialposix.py", line 581, in read
    raise SerialException('read failed: {}'.format(e))
serial.serialutil.SerialException: read failed: [Errno 6] Device not configured
