2026-07-02 21:24:18,434 : INFO : root : Loading config.
2026-07-02 21:24:18,507 : INFO : ConfigProcessor : Config spec file cache created: /var/folders/k0/j_dpx55x4kndbs36pl2nt9l00000gn/T/config_spec.mpf_cache
2026-07-02 21:24:18,507 : INFO : YamlMultifileConfigLoader : Machine config file #1: config.yaml
2026-07-02 21:24:18,507 : INFO : ConfigProcessor : Loading config from file /Users/samhughes/mpf/lib/python3.13/site-packages/mpf/mpfconfig.yaml.
2026-07-02 21:24:18,523 : INFO : ConfigProcessor : Loading config: /Users/samhughes/mpf/lib/python3.13/site-packages/mpf/mpfconfig.yaml
2026-07-02 21:24:18,523 : INFO : ConfigProcessor : Loading config from file /Users/samhughes/Desktop/Hollow-Knight-Pinball/config/config.yaml.
2026-07-02 21:24:18,525 : INFO : ConfigProcessor : Loading config: /Users/samhughes/Desktop/Hollow-Knight-Pinball/config/config.yaml
2026-07-02 21:24:18,527 : INFO : ConfigProcessor : Loading config: /Users/samhughes/Desktop/Hollow-Knight-Pinball/config/config_switches.yaml
2026-07-02 21:24:18,529 : INFO : ConfigProcessor : Loading config: /Users/samhughes/Desktop/Hollow-Knight-Pinball/config/config_coils.yaml
2026-07-02 21:24:18,530 : INFO : ConfigProcessor : Loading config: /Users/samhughes/Desktop/Hollow-Knight-Pinball/config/config_lights.yaml
2026-07-02 21:24:18,530 : INFO : ConfigProcessor : Loading config: /Users/samhughes/Desktop/Hollow-Knight-Pinball/config/config_ball_devices.yaml
2026-07-02 21:24:18,532 : INFO : ConfigProcessor : Loading config: /Users/samhughes/Desktop/Hollow-Knight-Pinball/config/config_player_variables.yaml
2026-07-02 21:24:18,533 : INFO : ConfigProcessor : Config file cache created: /var/folders/k0/j_dpx55x4kndbs36pl2nt9l00000gn/T/92f7f295141fbdde09e201e7fd0f1349.mpf_cache
2026-07-02 21:24:18,564 : INFO : ConfigProcessor : Loading config from file /Users/samhughes/mpf/lib/python3.13/site-packages/mpf/modes/attract/config/attract.yaml.
2026-07-02 21:24:18,565 : INFO : ConfigProcessor : Loading config: /Users/samhughes/mpf/lib/python3.13/site-packages/mpf/modes/attract/config/attract.yaml
2026-07-02 21:24:18,565 : INFO : ConfigProcessor : Loading config from file /Users/samhughes/Desktop/Hollow-Knight-Pinball/modes/attract/config/attract.yaml.
2026-07-02 21:24:18,566 : INFO : ConfigProcessor : Loading config: /Users/samhughes/Desktop/Hollow-Knight-Pinball/modes/attract/config/attract.yaml
2026-07-02 21:24:18,567 : INFO : ConfigProcessor : Config file cache created: /var/folders/k0/j_dpx55x4kndbs36pl2nt9l00000gn/T/7b77bdcd1da4c54cc720d492bab55a0d.mpf_cache
2026-07-02 21:24:18,567 : INFO : ConfigProcessor : Loading config from file /Users/samhughes/mpf/lib/python3.13/site-packages/mpf/modes/game/config/game.yaml.
2026-07-02 21:24:18,567 : INFO : ConfigProcessor : Loading config: /Users/samhughes/mpf/lib/python3.13/site-packages/mpf/modes/game/config/game.yaml
2026-07-02 21:24:18,567 : INFO : ConfigProcessor : Config file cache created: /var/folders/k0/j_dpx55x4kndbs36pl2nt9l00000gn/T/501e18c1625d42f1ba9bf53b020c49c5.mpf_cache
2026-07-02 21:24:18,568 : INFO : ConfigProcessor : Loading config from cache: /var/folders/k0/j_dpx55x4kndbs36pl2nt9l00000gn/T/7b77bdcd1da4c54cc720d492bab55a0d.mpf_cache
2026-07-02 21:24:18,568 : INFO : ConfigProcessor : Loading config from file /Users/samhughes/Desktop/Hollow-Knight-Pinball/modes/base/config/base.yaml.
2026-07-02 21:24:18,572 : INFO : ConfigProcessor : Loading config: /Users/samhughes/Desktop/Hollow-Knight-Pinball/modes/base/config/base.yaml
2026-07-02 21:24:18,572 : INFO : ConfigProcessor : Config file cache created: /var/folders/k0/j_dpx55x4kndbs36pl2nt9l00000gn/T/dda6f4da00898f9f0a4796a41d9a2ef0.mpf_cache
2026-07-02 21:24:18,572 : INFO : ConfigProcessor : Loading config from file /Users/samhughes/Desktop/Hollow-Knight-Pinball/modes/right_orbit/config/right_orbit.yaml.
2026-07-02 21:24:18,573 : INFO : ConfigProcessor : Loading config: /Users/samhughes/Desktop/Hollow-Knight-Pinball/modes/right_orbit/config/right_orbit.yaml
2026-07-02 21:24:18,573 : INFO : ConfigProcessor : Config file cache created: /var/folders/k0/j_dpx55x4kndbs36pl2nt9l00000gn/T/522fc819f659907ecbd91e12554f307a.mpf_cache
2026-07-02 21:24:18,574 : INFO : ConfigProcessor : Loading config from file /Users/samhughes/Desktop/Hollow-Knight-Pinball/modes/slingshots/config/slingshots.yaml.
2026-07-02 21:24:18,575 : INFO : ConfigProcessor : Loading config: /Users/samhughes/Desktop/Hollow-Knight-Pinball/modes/slingshots/config/slingshots.yaml
2026-07-02 21:24:18,575 : INFO : ConfigProcessor : Config file cache created: /var/folders/k0/j_dpx55x4kndbs36pl2nt9l00000gn/T/05e9cee2d62266bbcd3eb3df28f11ba0.mpf_cache
2026-07-02 21:24:18,575 : INFO : ConfigProcessor : Loading config from file /Users/samhughes/Desktop/Hollow-Knight-Pinball/modes/lanes/config/lanes.yaml.
2026-07-02 21:24:18,576 : INFO : ConfigProcessor : Loading config: /Users/samhughes/Desktop/Hollow-Knight-Pinball/modes/lanes/config/lanes.yaml
2026-07-02 21:24:18,576 : INFO : ConfigProcessor : Config file cache created: /var/folders/k0/j_dpx55x4kndbs36pl2nt9l00000gn/T/a751b7622f38b4d73d2da25b66d734b1.mpf_cache
2026-07-02 21:24:18,576 : INFO : ConfigProcessor : Loading config from file /Users/samhughes/Desktop/Hollow-Knight-Pinball/modes/vuk/config/vuk.yaml.
2026-07-02 21:24:18,577 : INFO : ConfigProcessor : Loading config: /Users/samhughes/Desktop/Hollow-Knight-Pinball/modes/vuk/config/vuk.yaml
2026-07-02 21:24:18,577 : INFO : ConfigProcessor : Config file cache created: /var/folders/k0/j_dpx55x4kndbs36pl2nt9l00000gn/T/515d12d22bfc89771946156b9f4733e7.mpf_cache
2026-07-02 21:24:18,577 : INFO : ConfigProcessor : Loading config from file /Users/samhughes/Desktop/Hollow-Knight-Pinball/modes/ramp/config/ramp.yaml.
2026-07-02 21:24:18,578 : INFO : ConfigProcessor : Loading config: /Users/samhughes/Desktop/Hollow-Knight-Pinball/modes/ramp/config/ramp.yaml
2026-07-02 21:24:18,578 : INFO : ConfigProcessor : Config file cache created: /var/folders/k0/j_dpx55x4kndbs36pl2nt9l00000gn/T/3db5df4db04e3e0d951f803bb6fa84e6.mpf_cache
2026-07-02 21:24:18,578 : INFO : ConfigProcessor : Loading config from file /Users/samhughes/Desktop/Hollow-Knight-Pinball/modes/left_orbit/config/left_orbit.yaml.
2026-07-02 21:24:18,579 : INFO : ConfigProcessor : Loading config: /Users/samhughes/Desktop/Hollow-Knight-Pinball/modes/left_orbit/config/left_orbit.yaml
2026-07-02 21:24:18,579 : INFO : ConfigProcessor : Config file cache created: /var/folders/k0/j_dpx55x4kndbs36pl2nt9l00000gn/T/3572cafb19834c572118c1dfbec55588.mpf_cache
2026-07-02 21:24:18,579 : INFO : ConfigProcessor : Loading config from file /Users/samhughes/Desktop/Hollow-Knight-Pinball/modes/lane_to_pop/config/lane_to_pop.yaml.
2026-07-02 21:24:18,580 : INFO : ConfigProcessor : Loading config: /Users/samhughes/Desktop/Hollow-Knight-Pinball/modes/lane_to_pop/config/lane_to_pop.yaml
2026-07-02 21:24:18,580 : INFO : ConfigProcessor : Config file cache created: /var/folders/k0/j_dpx55x4kndbs36pl2nt9l00000gn/T/39b20d9bce0c2f44f75a85f57a0d45f4.mpf_cache
2026-07-02 21:24:18,580 : INFO : ConfigProcessor : Loading config from file /Users/samhughes/Desktop/Hollow-Knight-Pinball/modes/saucer/config/saucer.yaml.
2026-07-02 21:24:18,581 : INFO : ConfigProcessor : Loading config: /Users/samhughes/Desktop/Hollow-Knight-Pinball/modes/saucer/config/saucer.yaml
2026-07-02 21:24:18,581 : INFO : ConfigProcessor : Config file cache created: /var/folders/k0/j_dpx55x4kndbs36pl2nt9l00000gn/T/189edcb2679eb1788c8ca3be3e29f2f1.mpf_cache
2026-07-02 21:24:18,581 : INFO : ConfigProcessor : Loading config from file /Users/samhughes/Desktop/Hollow-Knight-Pinball/modes/targets/config/targets.yaml.
2026-07-02 21:24:18,582 : INFO : ConfigProcessor : Loading config: /Users/samhughes/Desktop/Hollow-Knight-Pinball/modes/targets/config/targets.yaml
2026-07-02 21:24:18,582 : INFO : ConfigProcessor : Config file cache created: /var/folders/k0/j_dpx55x4kndbs36pl2nt9l00000gn/T/f00019ffccce993d2850c9d82b9dc44e.mpf_cache
2026-07-02 21:24:18,582 : INFO : ConfigProcessor : Loading config from file /Users/samhughes/Desktop/Hollow-Knight-Pinball/modes/pop_bumper/config/pop_bumper.yaml.
2026-07-02 21:24:18,583 : INFO : ConfigProcessor : Loading config: /Users/samhughes/Desktop/Hollow-Knight-Pinball/modes/pop_bumper/config/pop_bumper.yaml
2026-07-02 21:24:18,583 : INFO : ConfigProcessor : Config file cache created: /var/folders/k0/j_dpx55x4kndbs36pl2nt9l00000gn/T/14560612c17bb039b05632d29f192033.mpf_cache
2026-07-02 21:24:18,583 : INFO : ConfigProcessor : Loading config from file /Users/samhughes/Desktop/Hollow-Knight-Pinball/modes/dirtmouth/config/dirtmouth.yaml.
2026-07-02 21:24:18,585 : INFO : ConfigProcessor : Loading config: /Users/samhughes/Desktop/Hollow-Knight-Pinball/modes/dirtmouth/config/dirtmouth.yaml
2026-07-02 21:24:18,585 : INFO : ConfigProcessor : Config file cache created: /var/folders/k0/j_dpx55x4kndbs36pl2nt9l00000gn/T/1b88d79160cc8850354d058f9a270569.mpf_cache
2026-07-02 21:24:18,585 : INFO : ConfigProcessor : Loading config from file /Users/samhughes/Desktop/Hollow-Knight-Pinball/modes/false_knight_controller/config/false_knight_controller.yaml.
2026-07-02 21:24:18,586 : INFO : ConfigProcessor : Loading config: /Users/samhughes/Desktop/Hollow-Knight-Pinball/modes/false_knight_controller/config/false_knight_controller.yaml
2026-07-02 21:24:18,586 : INFO : ConfigProcessor : Config file cache created: /var/folders/k0/j_dpx55x4kndbs36pl2nt9l00000gn/T/db143814423fb474166c86cac053d40c.mpf_cache
2026-07-02 21:24:18,586 : INFO : ConfigProcessor : Loading config from file /Users/samhughes/Desktop/Hollow-Knight-Pinball/modes/frogotten_crossroads/config/frogotten_crossroads.yaml.
2026-07-02 21:24:18,588 : INFO : ConfigProcessor : Loading config: /Users/samhughes/Desktop/Hollow-Knight-Pinball/modes/frogotten_crossroads/config/frogotten_crossroads.yaml
2026-07-02 21:24:18,588 : INFO : ConfigProcessor : Config file cache created: /var/folders/k0/j_dpx55x4kndbs36pl2nt9l00000gn/T/77ecd758607ea296c19f456a8642983d.mpf_cache
2026-07-02 21:24:18,588 : INFO : ConfigProcessor : Loading config from file /Users/samhughes/Desktop/Hollow-Knight-Pinball/modes/travel_dirtmouth_to_frogotten_crossroads/config/travel_dirtmouth_to_frogotten_crossroads.yaml.
2026-07-02 21:24:18,591 : INFO : ConfigProcessor : Loading config: /Users/samhughes/Desktop/Hollow-Knight-Pinball/modes/travel_dirtmouth_to_frogotten_crossroads/config/travel_dirtmouth_to_frogotten_crossroads.yaml
2026-07-02 21:24:18,591 : INFO : ConfigProcessor : Config file cache created: /var/folders/k0/j_dpx55x4kndbs36pl2nt9l00000gn/T/7c3641fae2b7003d26f031771405f733.mpf_cache
2026-07-02 21:24:18,591 : INFO : ConfigProcessor : Loading config from file /Users/samhughes/Desktop/Hollow-Knight-Pinball/modes/carousel_mode_select/config/carousel_mode_select.yaml.
2026-07-02 21:24:18,592 : INFO : ConfigProcessor : Loading config: /Users/samhughes/Desktop/Hollow-Knight-Pinball/modes/carousel_mode_select/config/carousel_mode_select.yaml
2026-07-02 21:24:18,593 : INFO : ConfigProcessor : Config file cache created: /var/folders/k0/j_dpx55x4kndbs36pl2nt9l00000gn/T/fb7f263f29c0f8af46e6dfce6099ce86.mpf_cache
2026-07-02 21:24:18,593 : INFO : ConfigProcessor : Loading config from file /Users/samhughes/Desktop/Hollow-Knight-Pinball/modes/mask_controller/config/mask_controller.yaml.
2026-07-02 21:24:18,595 : INFO : ConfigProcessor : Loading config: /Users/samhughes/Desktop/Hollow-Knight-Pinball/modes/mask_controller/config/mask_controller.yaml
2026-07-02 21:24:18,595 : INFO : ConfigProcessor : Config file cache created: /var/folders/k0/j_dpx55x4kndbs36pl2nt9l00000gn/T/8ec02d334e515a6774c1da6355f69b0a.mpf_cache
2026-07-02 21:24:18,597 : INFO : Machine : Mission Pinball Framework Core Engine v0.81.0.dev2
2026-07-02 21:24:18,597 : INFO : Machine : Command line arguments: {'no_load_cache': False, 'create_config_cache': True, 'bcp': True, 'configfile': ['config.yaml'], 'force_assets_load': False, 'platform_integration_test': False, 'jsonlogging': False, 'logfile': 'logs/2026-07-02-21-24-18-mpf-Mac.lan.log', 'pause': False, 'production': False, 'text_ui': True, 'loglevel': 15, 'consoleloglevel': 20, 'force_platform': 'smart_virtual', 'syslog_address': None, 'full_logfile_path': '/Users/samhughes/Desktop/Hollow-Knight-Pinball/logs/2026-07-02-21-24-18-mpf-Mac.lan.log'}
2026-07-02 21:24:18,597 : INFO : Machine : MPF path: /Users/samhughes/mpf/lib/python3.13/site-packages/mpf
2026-07-02 21:24:18,597 : INFO : Machine : Machine path: /Users/samhughes/Desktop/Hollow-Knight-Pinball
2026-07-02 21:24:18,597 : INFO : Machine : Platform: darwin
2026-07-02 21:24:18,597 : INFO : Machine : Python executable location: /Users/samhughes/mpf/bin/python3.13
2026-07-02 21:24:18,597 : INFO : Machine : Python version: 3.13.2 (64-bit)
2026-07-02 21:24:18,597 : INFO : Machine : Initializing MPF...
2026-07-02 21:24:18,690 : INFO : EventManager : Event: ======'machine_var_credits_string'====== Args={'value': 'FREE PLAY', 'prev_value': None, 'change': True}
2026-07-02 21:24:18,699 : INFO : EventManager : Event: ======'machine_var_master_volume'====== Args={'value': 0.5, 'prev_value': None, 'change': True}
2026-07-02 21:24:18,699 : INFO : EventManager : Event: ======'machine_var_player1_score'====== Args={'value': 81940, 'prev_value': None, 'change': True}
2026-07-02 21:24:18,699 : INFO : EventManager : Event: ======'machine_var_mpf_version'====== Args={'value': 'Mission Pinball Framework v0.81.0.dev2', 'prev_value': None, 'change': True}
2026-07-02 21:24:18,699 : INFO : EventManager : Event: ======'machine_var_mpf_extended_version'====== Args={'value': 'Mission Pinball Framework v0.81.0.dev2, Config version:6, Show version: 6, BCP version:1.1', 'prev_value': None, 'change': True}
2026-07-02 21:24:18,699 : INFO : EventManager : Event: ======'machine_var_python_version'====== Args={'value': '3.13.2', 'prev_value': None, 'change': True}
2026-07-02 21:24:18,712 : INFO : EventManager : Event: ======'machine_var_platform'====== Args={'value': 'macOS-26.5.1-arm64-arm-64bit-Mach-O', 'prev_value': None, 'change': True}
2026-07-02 21:24:18,712 : INFO : EventManager : Event: ======'machine_var_platform_system'====== Args={'value': 'Darwin', 'prev_value': None, 'change': True}
2026-07-02 21:24:18,712 : INFO : EventManager : Event: ======'machine_var_platform_release'====== Args={'value': '25.5.0', 'prev_value': None, 'change': True}
2026-07-02 21:24:18,712 : INFO : EventManager : Event: ======'machine_var_platform_version'====== Args={'value': 'Darwin Kernel Version 25.5.0: Mon Apr 27 20:41:19 PDT 2026; root:xnu-12377.121.6~2/RELEASE_ARM64_T8122', 'prev_value': None, 'change': True}
2026-07-02 21:24:18,712 : INFO : EventManager : Event: ======'machine_var_platform_machine'====== Args={'value': 'arm64', 'prev_value': None, 'change': True}
2026-07-02 21:24:18,712 : INFO : EventManager : Event: ======'machine_var_log_file_path'====== Args={'value': '/Users/samhughes/Desktop/Hollow-Knight-Pinball/logs/2026-07-02-21-24-18-mpf-Mac.lan.log', 'prev_value': None, 'change': True}
2026-07-02 21:24:18,712 : INFO : EventManager : Event: ======'init_phase_1'====== Args={}
2026-07-02 21:24:18,723 : INFO : EventManager : Event: ======'init_phase_2'====== Args={}
2026-07-02 21:24:18,725 : INFO : EventManager : Event: ======'bcp_connection_attempt'====== Args={'name': 'local_display', 'host': 'localhost', 'port': 5050}
2026-07-02 21:24:18,725 : INFO : BCPClientSocket : Connecting BCP to 'local_display' at localhost:5050...
2026-07-02 21:24:43,019 : INFO : BCPClientSocket : Connected BCP to 'local_display' localhost:5050
2026-07-02 21:24:43,021 : INFO : EventManager : Event: ======'bcp_clients_connected'====== Args={}
2026-07-02 21:24:43,024 : INFO : ball_device.bd_trough : BCH: Initial count: 0
2026-07-02 21:24:43,025 : INFO : ball_device.bd_trough : State: idle
2026-07-02 21:24:43,025 : INFO : ball_device.bd_plunger : BCH: Initial count: 0
2026-07-02 21:24:43,026 : INFO : ball_device.bd_plunger : State: idle
2026-07-02 21:24:43,047 : INFO : EventManager : Event: ======'init_phase_3'====== Args={}
2026-07-02 21:24:43,050 : INFO : EventManager : Event: ======'init_phase_4'====== Args={}
2026-07-02 21:24:43,051 : INFO : BallController : Initial balls found: 0
2026-07-02 21:24:43,051 : INFO : EventManager : Event: ======'machine_var_audits_events_game_ended'====== Args={'value': 6, 'prev_value': None, 'change': True}
2026-07-02 21:24:43,051 : INFO : EventManager : Event: ======'machine_var_audits_events_game_started'====== Args={'value': 173, 'prev_value': None, 'change': True}
2026-07-02 21:24:43,051 : INFO : EventManager : Event: ======'machine_var_audits_missing_switches_s_back_left_target'====== Args={'value': 45, 'prev_value': None, 'change': True}
2026-07-02 21:24:43,051 : INFO : EventManager : Event: ======'machine_var_audits_missing_switches_s_back_middle_left_target'====== Args={'value': 1, 'prev_value': None, 'change': True}
2026-07-02 21:24:43,051 : INFO : EventManager : Event: ======'machine_var_audits_missing_switches_s_back_middle_right_target'====== Args={'value': 1, 'prev_value': None, 'change': True}
2026-07-02 21:24:43,051 : INFO : EventManager : Event: ======'machine_var_audits_missing_switches_s_back_right_target'====== Args={'value': 135, 'prev_value': None, 'change': True}
2026-07-02 21:24:43,051 : INFO : EventManager : Event: ======'machine_var_audits_missing_switches_s_bottom_right_slingshot'====== Args={'value': 132, 'prev_value': None, 'change': True}
2026-07-02 21:24:43,051 : INFO : EventManager : Event: ======'machine_var_audits_missing_switches_s_front_left_target'====== Args={'value': 1, 'prev_value': None, 'change': True}
2026-07-02 21:24:43,051 : INFO : EventManager : Event: ======'machine_var_audits_missing_switches_s_front_middle_target'====== Args={'value': 1, 'prev_value': None, 'change': True}
2026-07-02 21:24:43,051 : INFO : EventManager : Event: ======'machine_var_audits_missing_switches_s_front_right_target'====== Args={'value': 2, 'prev_value': None, 'change': True}
2026-07-02 21:24:43,051 : INFO : EventManager : Event: ======'machine_var_audits_missing_switches_s_lane_to_pop'====== Args={'value': 5, 'prev_value': None, 'change': True}
2026-07-02 21:24:43,051 : INFO : EventManager : Event: ======'machine_var_audits_missing_switches_s_left_inlane'====== Args={'value': 1, 'prev_value': None, 'change': True}
2026-07-02 21:24:43,051 : INFO : EventManager : Event: ======'machine_var_audits_missing_switches_s_left_orbit'====== Args={'value': 1, 'prev_value': None, 'change': True}
2026-07-02 21:24:43,051 : INFO : EventManager : Event: ======'machine_var_audits_missing_switches_s_left_outlane'====== Args={'value': 142, 'prev_value': None, 'change': True}
2026-07-02 21:24:43,051 : INFO : EventManager : Event: ======'machine_var_audits_missing_switches_s_right_orbit'====== Args={'value': 27, 'prev_value': None, 'change': True}
2026-07-02 21:24:43,051 : INFO : EventManager : Event: ======'machine_var_audits_missing_switches_s_right_outlane'====== Args={'value': 142, 'prev_value': None, 'change': True}
2026-07-02 21:24:43,051 : INFO : EventManager : Event: ======'machine_var_audits_missing_switches_s_start'====== Args={'value': 4, 'prev_value': None, 'change': True}
2026-07-02 21:24:43,052 : INFO : EventManager : Event: ======'machine_var_audits_missing_switches_s_top_left_slingshot'====== Args={'value': 1, 'prev_value': None, 'change': True}
2026-07-02 21:24:43,052 : INFO : EventManager : Event: ======'machine_var_audits_missing_switches_s_top_right_slingshot'====== Args={'value': 130, 'prev_value': None, 'change': True}
2026-07-02 21:24:43,052 : INFO : EventManager : Event: ======'machine_var_audits_missing_switches_s_trough_1'====== Args={'value': 136, 'prev_value': None, 'change': True}
2026-07-02 21:24:43,052 : INFO : EventManager : Event: ======'machine_var_audits_missing_switches_s_trough_2'====== Args={'value': 160, 'prev_value': None, 'change': True}
2026-07-02 21:24:43,052 : INFO : EventManager : Event: ======'machine_var_audits_missing_switches_s_trough_3'====== Args={'value': 158, 'prev_value': None, 'change': True}
2026-07-02 21:24:43,052 : INFO : EventManager : Event: ======'machine_var_audits_player_score'====== Args={'value': {'average': 36284, 'top': [173500, 81940, 45000, 15000, 15000, 15000, 15000, 15000, 15000, 15000], 'total': 12}, 'prev_value': None, 'change': True}
2026-07-02 21:24:43,052 : INFO : EventManager : Event: ======'machine_var_audits_shots_back_left_target'====== Args={'value': 7, 'prev_value': None, 'change': True}
2026-07-02 21:24:43,052 : INFO : EventManager : Event: ======'machine_var_audits_shots_back_middle_left_target_mask'====== Args={'value': 1, 'prev_value': None, 'change': True}
2026-07-02 21:24:43,052 : INFO : EventManager : Event: ======'machine_var_audits_shots_back_middle_right_target'====== Args={'value': 5, 'prev_value': None, 'change': True}
2026-07-02 21:24:43,052 : INFO : EventManager : Event: ======'machine_var_audits_shots_back_middle_right_target_mask'====== Args={'value': 1, 'prev_value': None, 'change': True}
2026-07-02 21:24:43,052 : INFO : EventManager : Event: ======'machine_var_audits_shots_back_right_target'====== Args={'value': 2, 'prev_value': None, 'change': True}
2026-07-02 21:24:43,052 : INFO : EventManager : Event: ======'machine_var_audits_shots_bakc_middle_left_target'====== Args={'value': 4, 'prev_value': None, 'change': True}
2026-07-02 21:24:43,052 : INFO : EventManager : Event: ======'machine_var_audits_shots_bottom_left_slingshot'====== Args={'value': 3, 'prev_value': None, 'change': True}
2026-07-02 21:24:43,052 : INFO : EventManager : Event: ======'machine_var_audits_shots_front_left_target'====== Args={'value': 7, 'prev_value': None, 'change': True}
2026-07-02 21:24:43,052 : INFO : EventManager : Event: ======'machine_var_audits_shots_front_left_target_mask'====== Args={'value': 1, 'prev_value': None, 'change': True}
2026-07-02 21:24:43,052 : INFO : EventManager : Event: ======'machine_var_audits_shots_front_middle_target'====== Args={'value': 9, 'prev_value': None, 'change': True}
2026-07-02 21:24:43,052 : INFO : EventManager : Event: ======'machine_var_audits_shots_front_middle_target_mask'====== Args={'value': 1, 'prev_value': None, 'change': True}
2026-07-02 21:24:43,052 : INFO : EventManager : Event: ======'machine_var_audits_shots_front_right_target'====== Args={'value': 9, 'prev_value': None, 'change': True}
2026-07-02 21:24:43,052 : INFO : EventManager : Event: ======'machine_var_audits_shots_front_right_target_mask'====== Args={'value': 3, 'prev_value': None, 'change': True}
2026-07-02 21:24:43,052 : INFO : EventManager : Event: ======'machine_var_audits_shots_lane_to_pop'====== Args={'value': 102, 'prev_value': None, 'change': True}
2026-07-02 21:24:43,052 : INFO : EventManager : Event: ======'machine_var_audits_shots_left_inlane'====== Args={'value': 9, 'prev_value': None, 'change': True}
2026-07-02 21:24:43,052 : INFO : EventManager : Event: ======'machine_var_audits_shots_left_orbit'====== Args={'value': 187, 'prev_value': None, 'change': True}
2026-07-02 21:24:43,052 : INFO : EventManager : Event: ======'machine_var_audits_shots_left_orbit_mask'====== Args={'value': 9, 'prev_value': None, 'change': True}
2026-07-02 21:24:43,052 : INFO : EventManager : Event: ======'machine_var_audits_shots_left_orbit_travel_dirtmouth_to_frogotten_crossroads'====== Args={'value': 96, 'prev_value': None, 'change': True}
2026-07-02 21:24:43,052 : INFO : EventManager : Event: ======'machine_var_audits_shots_left_outlane'====== Args={'value': 5, 'prev_value': None, 'change': True}
2026-07-02 21:24:43,052 : INFO : EventManager : Event: ======'machine_var_audits_shots_pop_bumper'====== Args={'value': 27, 'prev_value': None, 'change': True}
2026-07-02 21:24:43,052 : INFO : EventManager : Event: ======'machine_var_audits_shots_ramp'====== Args={'value': 81, 'prev_value': None, 'change': True}
2026-07-02 21:24:43,052 : INFO : EventManager : Event: ======'machine_var_audits_shots_ramp_mask'====== Args={'value': 3, 'prev_value': None, 'change': True}
2026-07-02 21:24:43,052 : INFO : EventManager : Event: ======'machine_var_audits_shots_ramp_travel_dirtmouth_to_frogotten_crossroads'====== Args={'value': 10, 'prev_value': None, 'change': True}
2026-07-02 21:24:43,052 : INFO : EventManager : Event: ======'machine_var_audits_shots_right_inlane'====== Args={'value': 15, 'prev_value': None, 'change': True}
2026-07-02 21:24:43,052 : INFO : EventManager : Event: ======'machine_var_audits_shots_right_orbit'====== Args={'value': 267, 'prev_value': None, 'change': True}
2026-07-02 21:24:43,052 : INFO : EventManager : Event: ======'machine_var_audits_shots_right_orbit_travel_dirtmouth_to_frogotten_crossroads'====== Args={'value': 44, 'prev_value': None, 'change': True}
2026-07-02 21:24:43,052 : INFO : EventManager : Event: ======'machine_var_audits_shots_right_outlane'====== Args={'value': 12, 'prev_value': None, 'change': True}
2026-07-02 21:24:43,052 : INFO : EventManager : Event: ======'machine_var_audits_shots_saucer'====== Args={'value': 40, 'prev_value': None, 'change': True}
2026-07-02 21:24:43,052 : INFO : EventManager : Event: ======'machine_var_audits_shots_saucer_dirtmouth'====== Args={'value': 21, 'prev_value': None, 'change': True}
2026-07-02 21:24:43,052 : INFO : EventManager : Event: ======'machine_var_audits_shots_saucer_frogotten_crossroads'====== Args={'value': 4, 'prev_value': None, 'change': True}
2026-07-02 21:24:43,052 : INFO : EventManager : Event: ======'machine_var_audits_shots_saucer_mask'====== Args={'value': 1, 'prev_value': None, 'change': True}
2026-07-02 21:24:43,052 : INFO : EventManager : Event: ======'machine_var_audits_shots_top_left_slingshot'====== Args={'value': 2, 'prev_value': None, 'change': True}
2026-07-02 21:24:43,052 : INFO : EventManager : Event: ======'machine_var_audits_shots_top_right_slingshot'====== Args={'value': 6, 'prev_value': None, 'change': True}
2026-07-02 21:24:43,052 : INFO : EventManager : Event: ======'machine_var_audits_shots_vuk'====== Args={'value': 321, 'prev_value': None, 'change': True}
2026-07-02 21:24:43,052 : INFO : EventManager : Event: ======'machine_var_audits_shots_vuk_dirtmouth'====== Args={'value': 196, 'prev_value': None, 'change': True}
2026-07-02 21:24:43,053 : INFO : EventManager : Event: ======'machine_var_audits_shots_vuk_frogotten_crossroads'====== Args={'value': 45, 'prev_value': None, 'change': True}
2026-07-02 21:24:43,053 : INFO : EventManager : Event: ======'machine_var_audits_switches_s_back_left_target'====== Args={'value': 7, 'prev_value': None, 'change': True}
2026-07-02 21:24:43,053 : INFO : EventManager : Event: ======'machine_var_audits_switches_s_back_middle_left_target'====== Args={'value': 5, 'prev_value': None, 'change': True}
2026-07-02 21:24:43,053 : INFO : EventManager : Event: ======'machine_var_audits_switches_s_back_middle_right_target'====== Args={'value': 6, 'prev_value': None, 'change': True}
2026-07-02 21:24:43,053 : INFO : EventManager : Event: ======'machine_var_audits_switches_s_back_right_target'====== Args={'value': 3, 'prev_value': None, 'change': True}
2026-07-02 21:24:43,053 : INFO : EventManager : Event: ======'machine_var_audits_switches_s_bottom_left_slingshot'====== Args={'value': 29, 'prev_value': None, 'change': True}
2026-07-02 21:24:43,053 : INFO : EventManager : Event: ======'machine_var_audits_switches_s_bottom_right_slingshot'====== Args={'value': 26, 'prev_value': None, 'change': True}
2026-07-02 21:24:43,053 : INFO : EventManager : Event: ======'machine_var_audits_switches_s_front_left_target'====== Args={'value': 7, 'prev_value': None, 'change': True}
2026-07-02 21:24:43,053 : INFO : EventManager : Event: ======'machine_var_audits_switches_s_front_middle_target'====== Args={'value': 10, 'prev_value': None, 'change': True}
2026-07-02 21:24:43,053 : INFO : EventManager : Event: ======'machine_var_audits_switches_s_front_right_target'====== Args={'value': 10, 'prev_value': None, 'change': True}
2026-07-02 21:24:43,053 : INFO : EventManager : Event: ======'machine_var_audits_switches_s_lane_to_pop'====== Args={'value': 104, 'prev_value': None, 'change': True}
2026-07-02 21:24:43,053 : INFO : EventManager : Event: ======'machine_var_audits_switches_s_left_flipper'====== Args={'value': 183, 'prev_value': None, 'change': True}
2026-07-02 21:24:43,053 : INFO : EventManager : Event: ======'machine_var_audits_switches_s_left_inlane'====== Args={'value': 10, 'prev_value': None, 'change': True}
2026-07-02 21:24:43,053 : INFO : EventManager : Event: ======'machine_var_audits_switches_s_left_orbit'====== Args={'value': 189, 'prev_value': None, 'change': True}
2026-07-02 21:24:43,053 : INFO : EventManager : Event: ======'machine_var_audits_switches_s_left_outlane'====== Args={'value': 6, 'prev_value': None, 'change': True}
2026-07-02 21:24:43,053 : INFO : EventManager : Event: ======'machine_var_audits_switches_s_plunger_lane'====== Args={'value': 351, 'prev_value': None, 'change': True}
2026-07-02 21:24:43,053 : INFO : EventManager : Event: ======'machine_var_audits_switches_s_pop_bumper'====== Args={'value': 27, 'prev_value': None, 'change': True}
2026-07-02 21:24:43,053 : INFO : EventManager : Event: ======'machine_var_audits_switches_s_ramp'====== Args={'value': 83, 'prev_value': None, 'change': True}
2026-07-02 21:24:43,053 : INFO : EventManager : Event: ======'machine_var_audits_switches_s_right_flipper'====== Args={'value': 300, 'prev_value': None, 'change': True}
2026-07-02 21:24:43,053 : INFO : EventManager : Event: ======'machine_var_audits_switches_s_right_inlane'====== Args={'value': 16, 'prev_value': None, 'change': True}
2026-07-02 21:24:43,053 : INFO : EventManager : Event: ======'machine_var_audits_switches_s_right_orbit'====== Args={'value': 301, 'prev_value': None, 'change': True}
2026-07-02 21:24:43,053 : INFO : EventManager : Event: ======'machine_var_audits_switches_s_right_outlane'====== Args={'value': 13, 'prev_value': None, 'change': True}
2026-07-02 21:24:43,053 : INFO : EventManager : Event: ======'machine_var_audits_switches_s_saucer'====== Args={'value': 47, 'prev_value': None, 'change': True}
2026-07-02 21:24:43,053 : INFO : EventManager : Event: ======'machine_var_audits_switches_s_start'====== Args={'value': 63, 'prev_value': None, 'change': True}
2026-07-02 21:24:43,053 : INFO : EventManager : Event: ======'machine_var_audits_switches_s_top_left_slingshot'====== Args={'value': 23, 'prev_value': None, 'change': True}
2026-07-02 21:24:43,053 : INFO : EventManager : Event: ======'machine_var_audits_switches_s_top_right_slingshot'====== Args={'value': 25, 'prev_value': None, 'change': True}
2026-07-02 21:24:43,053 : INFO : EventManager : Event: ======'machine_var_audits_switches_s_trough_1'====== Args={'value': 68, 'prev_value': None, 'change': True}
2026-07-02 21:24:43,053 : INFO : EventManager : Event: ======'machine_var_audits_switches_s_trough_2'====== Args={'value': 9, 'prev_value': None, 'change': True}
2026-07-02 21:24:43,053 : INFO : EventManager : Event: ======'machine_var_audits_switches_s_trough_3'====== Args={'value': 52, 'prev_value': None, 'change': True}
2026-07-02 21:24:43,053 : INFO : EventManager : Event: ======'machine_var_audits_switches_s_vuk'====== Args={'value': 341, 'prev_value': None, 'change': True}
2026-07-02 21:24:43,054 : INFO : EventManager : Event: ======'init_phase_5'====== Args={}
2026-07-02 21:24:43,054 : INFO : EventManager : Event: ======'init_done'====== Args={}
2026-07-02 21:24:43,054 : INFO : EventManager : Event: ======'machine_reset_phase_1'====== Args={}
2026-07-02 21:24:43,062 : INFO : EventManager : Event: ======'machine_reset_phase_2'====== Args={}
2026-07-02 21:24:43,065 : INFO : EventManager : Event: ======'machine_reset_phase_3'====== Args={}
2026-07-02 21:24:43,065 : INFO : EventManager : Event: ======'reset_complete'====== Args={}
2026-07-02 21:24:43,065 : INFO : EventManager : Event: ======'mode_attract_will_start'====== Args={}
2026-07-02 21:24:43,065 : INFO : Timer.attract_carousel_timer : Starting Timer.
2026-07-02 21:24:43,065 : INFO : EventManager : Event: ======'timer_attract_carousel_timer_started'====== Args={'ticks': 0, 'ticks_remaining': 1}
2026-07-02 21:24:43,065 : INFO : EventManager : Event: ======'timer_attract_carousel_timer_tick'====== Args={'ticks': 0, 'ticks_remaining': 1}
2026-07-02 21:24:43,066 : INFO : EventManager : Event: ======'mode_attract_starting'====== Args={}
2026-07-02 21:24:43,066 : INFO : Mode.attract : Started. Priority: 10
2026-07-02 21:24:43,066 : INFO : EventManager : Event: ======'modes_active_modes_changed'====== Args={}
2026-07-02 21:24:43,066 : INFO : EventManager : Event: ======'mode_attract_started'====== Args={}
2026-07-02 21:24:43,066 : INFO : EventManager : Event: ======'collecting_balls_complete'====== Args={}
2026-07-02 21:24:43,066 : INFO : EventManager : Event: ======'carousel_item_highlighted'====== Args={'carousel': 'attract', 'direction': None, 'item': 'title'}
2026-07-02 21:24:43,067 : INFO : Machine : Starting the main run loop with active modes: [<Mode.attract>]
2026-07-02 21:24:43,188 : INFO : EventManager : Event: ======'slide_attract_created'====== Args={'_from_bcp': True}
2026-07-02 21:24:43,188 : INFO : EventManager : Event: ======'slide__removed'====== Args={'_from_bcp': True}
2026-07-02 21:24:43,188 : INFO : EventManager : Event: ======'slide_attract_active'====== Args={'original_context': 'attract', 'original_calling_context': 'mode_attract_started', 'priority': 10.0, 'cmd': 'slides_play', '_from_bcp': True}
2026-07-02 21:24:43,835 : INFO : BcpServer : New client connected.
2026-07-02 21:24:50,567 : INFO : Timer.attract_carousel_timer : Timer Complete
2026-07-02 21:24:50,567 : INFO : Timer.attract_carousel_timer : Stopping Timer
2026-07-02 21:24:50,568 : INFO : EventManager : Event: ======'timer_attract_carousel_timer_stopped'====== Args={'ticks': 1, 'ticks_remaining': 1}
2026-07-02 21:24:50,569 : INFO : EventManager : Event: ======'timer_attract_carousel_timer_complete'====== Args={'ticks': 1, 'ticks_remaining': 1}
2026-07-02 21:24:50,569 : INFO : EventManager : Event: ======'carousel_item_highlighted'====== Args={'carousel': 'attract', 'direction': 'forwards', 'item': 'map'}
2026-07-02 21:24:50,569 : INFO : Timer.attract_carousel_timer : Starting Timer.
2026-07-02 21:24:50,570 : INFO : EventManager : Event: ======'timer_attract_carousel_timer_started'====== Args={'ticks': 0, 'ticks_remaining': 1}
2026-07-02 21:24:50,570 : INFO : EventManager : Event: ======'timer_attract_carousel_timer_tick'====== Args={'ticks': 0, 'ticks_remaining': 1}
2026-07-02 21:24:55,692 : INFO : SwitchController : <<<<<<< 's_right_flipper' active >>>>>>>
2026-07-02 21:24:55,692 : INFO : EventManager : Event: ======'s_right_flipper_active'====== Args={}
2026-07-02 21:24:55,692 : INFO : EventManager : Event: ======'carousel_item_highlighted'====== Args={'carousel': 'attract', 'direction': 'forwards', 'item': 'credits'}
2026-07-02 21:24:55,837 : INFO : SwitchController : <<<<<<< 's_right_flipper' inactive >>>>>>>
2026-07-02 21:24:56,086 : INFO : SwitchController : <<<<<<< 's_right_flipper' active >>>>>>>
2026-07-02 21:24:56,086 : INFO : EventManager : Event: ======'s_right_flipper_active'====== Args={}
2026-07-02 21:24:56,087 : INFO : EventManager : Event: ======'carousel_item_highlighted'====== Args={'carousel': 'attract', 'direction': 'forwards', 'item': 'mpf_and_cobrapin_logo'}
2026-07-02 21:24:56,207 : INFO : SwitchController : <<<<<<< 's_right_flipper' inactive >>>>>>>
2026-07-02 21:24:56,505 : INFO : SwitchController : <<<<<<< 's_right_flipper' active >>>>>>>
2026-07-02 21:24:56,506 : INFO : EventManager : Event: ======'s_right_flipper_active'====== Args={}
2026-07-02 21:24:56,506 : INFO : EventManager : Event: ======'carousel_item_highlighted'====== Args={'carousel': 'attract', 'direction': 'forwards', 'item': 'team_cherry'}
2026-07-02 21:24:56,637 : INFO : SwitchController : <<<<<<< 's_right_flipper' inactive >>>>>>>
2026-07-02 21:24:56,905 : INFO : SwitchController : <<<<<<< 's_right_flipper' active >>>>>>>
2026-07-02 21:24:56,906 : INFO : EventManager : Event: ======'s_right_flipper_active'====== Args={}
2026-07-02 21:24:56,906 : INFO : EventManager : Event: ======'carousel_item_highlighted'====== Args={'carousel': 'attract', 'direction': 'forwards', 'item': 'last_scores_1p'}
2026-07-02 21:24:57,019 : INFO : SwitchController : <<<<<<< 's_right_flipper' inactive >>>>>>>
2026-07-02 21:24:57,323 : INFO : SwitchController : <<<<<<< 's_right_flipper' active >>>>>>>
2026-07-02 21:24:57,323 : INFO : EventManager : Event: ======'s_right_flipper_active'====== Args={}
2026-07-02 21:24:57,323 : INFO : EventManager : Event: ======'carousel_item_highlighted'====== Args={'carousel': 'attract', 'direction': 'forwards', 'item': 'tutorial_slash'}
2026-07-02 21:24:57,455 : INFO : SwitchController : <<<<<<< 's_right_flipper' inactive >>>>>>>
2026-07-02 21:24:58,071 : INFO : Timer.attract_carousel_timer : Timer Complete
2026-07-02 21:24:58,071 : INFO : Timer.attract_carousel_timer : Stopping Timer
2026-07-02 21:24:58,072 : INFO : EventManager : Event: ======'timer_attract_carousel_timer_stopped'====== Args={'ticks': 1, 'ticks_remaining': 1}
2026-07-02 21:24:58,072 : INFO : EventManager : Event: ======'timer_attract_carousel_timer_complete'====== Args={'ticks': 1, 'ticks_remaining': 1}
2026-07-02 21:24:58,073 : INFO : EventManager : Event: ======'carousel_item_highlighted'====== Args={'carousel': 'attract', 'direction': 'forwards', 'item': 'tutorial_damage'}
2026-07-02 21:24:58,073 : INFO : Timer.attract_carousel_timer : Starting Timer.
2026-07-02 21:24:58,073 : INFO : EventManager : Event: ======'timer_attract_carousel_timer_started'====== Args={'ticks': 0, 'ticks_remaining': 1}
2026-07-02 21:24:58,073 : INFO : EventManager : Event: ======'timer_attract_carousel_timer_tick'====== Args={'ticks': 0, 'ticks_remaining': 1}
2026-07-02 21:24:58,438 : INFO : SwitchController : <<<<<<< 's_right_flipper' active >>>>>>>
2026-07-02 21:24:58,438 : INFO : EventManager : Event: ======'s_right_flipper_active'====== Args={}
2026-07-02 21:24:58,439 : INFO : EventManager : Event: ======'carousel_item_highlighted'====== Args={'carousel': 'attract', 'direction': 'forwards', 'item': 'tutorial_dodge'}
2026-07-02 21:24:58,554 : INFO : SwitchController : <<<<<<< 's_right_flipper' inactive >>>>>>>
2026-07-02 21:24:58,756 : INFO : SwitchController : <<<<<<< 's_right_flipper' active >>>>>>>
2026-07-02 21:24:58,756 : INFO : EventManager : Event: ======'s_right_flipper_active'====== Args={}
2026-07-02 21:24:58,756 : INFO : EventManager : Event: ======'carousel_item_highlighted'====== Args={'carousel': 'attract', 'direction': 'forwards', 'item': 'tutorial_heal'}
2026-07-02 21:24:58,886 : INFO : SwitchController : <<<<<<< 's_right_flipper' inactive >>>>>>>
2026-07-02 21:24:59,205 : INFO : SwitchController : <<<<<<< 's_right_flipper' active >>>>>>>
2026-07-02 21:24:59,206 : INFO : EventManager : Event: ======'s_right_flipper_active'====== Args={}
2026-07-02 21:24:59,206 : INFO : EventManager : Event: ======'carousel_item_highlighted'====== Args={'carousel': 'attract', 'direction': 'forwards', 'item': 'title'}
2026-07-02 21:24:59,338 : INFO : SwitchController : <<<<<<< 's_right_flipper' inactive >>>>>>>
2026-07-02 21:24:59,708 : INFO : SwitchController : <<<<<<< 's_right_flipper' active >>>>>>>
2026-07-02 21:24:59,708 : INFO : EventManager : Event: ======'s_right_flipper_active'====== Args={}
2026-07-02 21:24:59,708 : INFO : EventManager : Event: ======'carousel_item_highlighted'====== Args={'carousel': 'attract', 'direction': 'forwards', 'item': 'map'}
2026-07-02 21:24:59,855 : INFO : SwitchController : <<<<<<< 's_right_flipper' inactive >>>>>>>
2026-07-02 21:25:02,673 : INFO : SwitchController : <<<<<<< 's_start' active >>>>>>>
2026-07-02 21:25:02,804 : INFO : SwitchController : <<<<<<< 's_start' inactive >>>>>>>
2026-07-02 21:25:02,804 : INFO : EventManager : Event: ======'request_to_start_game'====== Args={}
2026-07-02 21:25:02,805 : INFO : BallController : Known balls: 0
2026-07-02 21:25:02,805 : INFO : BallController : bd_trough contains 0 balls. Tags ['trough', 'home', 'drain']
2026-07-02 21:25:02,805 : INFO : BallController : bd_plunger contains 0 balls. Tags []
2026-07-02 21:25:02,805 : INFO : BallController : playfield contains 0 balls. Tags ['default']
2026-07-02 21:25:02,805 : WARNING : BallController : BallController denies game start. Not enough balls. 0 found. 1 required
2026-07-02 21:25:02,805 : INFO : BallController : Triggering ball search.
2026-07-02 21:25:04,238 : INFO : SwitchController : <<<<<<< 's_start' active >>>>>>>
2026-07-02 21:25:04,354 : INFO : SwitchController : <<<<<<< 's_start' inactive >>>>>>>
2026-07-02 21:25:04,354 : INFO : EventManager : Event: ======'request_to_start_game'====== Args={}
2026-07-02 21:25:04,355 : INFO : BallController : Known balls: 0
2026-07-02 21:25:04,355 : INFO : BallController : bd_trough contains 0 balls. Tags ['trough', 'home', 'drain']
2026-07-02 21:25:04,355 : INFO : BallController : bd_plunger contains 0 balls. Tags []
2026-07-02 21:25:04,355 : INFO : BallController : playfield contains 0 balls. Tags ['default']
2026-07-02 21:25:04,355 : WARNING : BallController : BallController denies game start. Not enough balls. 0 found. 1 required
2026-07-02 21:25:04,355 : INFO : BallController : Triggering ball search.
2026-07-02 21:25:05,574 : INFO : Timer.attract_carousel_timer : Timer Complete
2026-07-02 21:25:05,574 : INFO : Timer.attract_carousel_timer : Stopping Timer
2026-07-02 21:25:05,575 : INFO : EventManager : Event: ======'timer_attract_carousel_timer_stopped'====== Args={'ticks': 1, 'ticks_remaining': 1}
2026-07-02 21:25:05,575 : INFO : EventManager : Event: ======'timer_attract_carousel_timer_complete'====== Args={'ticks': 1, 'ticks_remaining': 1}
2026-07-02 21:25:05,576 : INFO : EventManager : Event: ======'carousel_item_highlighted'====== Args={'carousel': 'attract', 'direction': 'forwards', 'item': 'credits'}
2026-07-02 21:25:05,577 : INFO : Timer.attract_carousel_timer : Starting Timer.
2026-07-02 21:25:05,577 : INFO : EventManager : Event: ======'timer_attract_carousel_timer_started'====== Args={'ticks': 0, 'ticks_remaining': 1}
2026-07-02 21:25:05,577 : INFO : EventManager : Event: ======'timer_attract_carousel_timer_tick'====== Args={'ticks': 0, 'ticks_remaining': 1}
2026-07-02 21:25:09,056 : INFO : SwitchController : <<<<<<< 's_trough_3' active >>>>>>>
2026-07-02 21:25:09,188 : INFO : SwitchController : <<<<<<< 's_trough_3' inactive >>>>>>>
2026-07-02 21:25:09,738 : INFO : SwitchController : <<<<<<< 's_trough_2' active >>>>>>>
2026-07-02 21:25:09,853 : INFO : SwitchController : <<<<<<< 's_trough_2' inactive >>>>>>>
2026-07-02 21:25:10,239 : INFO : SwitchController : <<<<<<< 's_trough_1' active >>>>>>>
2026-07-02 21:25:10,370 : INFO : SwitchController : <<<<<<< 's_trough_1' inactive >>>>>>>
2026-07-02 21:25:12,855 : INFO : SwitchController : <<<<<<< 's_start' active >>>>>>>
2026-07-02 21:25:12,987 : INFO : SwitchController : <<<<<<< 's_start' inactive >>>>>>>
2026-07-02 21:25:12,988 : INFO : EventManager : Event: ======'request_to_start_game'====== Args={}
2026-07-02 21:25:12,988 : INFO : BallController : Known balls: 0
2026-07-02 21:25:12,988 : INFO : BallController : bd_trough contains 0 balls. Tags ['trough', 'home', 'drain']
2026-07-02 21:25:12,988 : INFO : BallController : bd_plunger contains 0 balls. Tags []
2026-07-02 21:25:12,988 : INFO : BallController : playfield contains 0 balls. Tags ['default']
2026-07-02 21:25:12,988 : WARNING : BallController : BallController denies game start. Not enough balls. 0 found. 1 required
2026-07-02 21:25:12,988 : INFO : BallController : Triggering ball search.
2026-07-02 21:25:13,078 : INFO : Timer.attract_carousel_timer : Timer Complete
2026-07-02 21:25:13,078 : INFO : Timer.attract_carousel_timer : Stopping Timer
2026-07-02 21:25:13,079 : INFO : EventManager : Event: ======'timer_attract_carousel_timer_stopped'====== Args={'ticks': 1, 'ticks_remaining': 1}
2026-07-02 21:25:13,079 : INFO : EventManager : Event: ======'timer_attract_carousel_timer_complete'====== Args={'ticks': 1, 'ticks_remaining': 1}
2026-07-02 21:25:13,079 : INFO : EventManager : Event: ======'carousel_item_highlighted'====== Args={'carousel': 'attract', 'direction': 'forwards', 'item': 'mpf_and_cobrapin_logo'}
2026-07-02 21:25:13,079 : INFO : Timer.attract_carousel_timer : Starting Timer.
2026-07-02 21:25:13,080 : INFO : EventManager : Event: ======'timer_attract_carousel_timer_started'====== Args={'ticks': 0, 'ticks_remaining': 1}
2026-07-02 21:25:13,080 : INFO : EventManager : Event: ======'timer_attract_carousel_timer_tick'====== Args={'ticks': 0, 'ticks_remaining': 1}
2026-07-02 21:25:13,186 : INFO : SwitchController : <<<<<<< 's_start' active >>>>>>>
2026-07-02 21:25:13,321 : INFO : SwitchController : <<<<<<< 's_start' inactive >>>>>>>
2026-07-02 21:25:13,322 : INFO : EventManager : Event: ======'request_to_start_game'====== Args={}
2026-07-02 21:25:13,322 : INFO : BallController : Known balls: 0
2026-07-02 21:25:13,323 : INFO : BallController : bd_trough contains 0 balls. Tags ['trough', 'home', 'drain']
2026-07-02 21:25:13,323 : INFO : BallController : bd_plunger contains 0 balls. Tags []
2026-07-02 21:25:13,323 : INFO : BallController : playfield contains 0 balls. Tags ['default']
2026-07-02 21:25:13,323 : WARNING : BallController : BallController denies game start. Not enough balls. 0 found. 1 required
2026-07-02 21:25:13,323 : INFO : BallController : Triggering ball search.
2026-07-02 21:25:13,438 : INFO : SwitchController : <<<<<<< 's_start' active >>>>>>>
2026-07-02 21:25:13,571 : INFO : SwitchController : <<<<<<< 's_start' inactive >>>>>>>
2026-07-02 21:25:13,571 : INFO : EventManager : Event: ======'request_to_start_game'====== Args={}
2026-07-02 21:25:13,571 : INFO : BallController : Known balls: 0
2026-07-02 21:25:13,571 : INFO : BallController : bd_trough contains 0 balls. Tags ['trough', 'home', 'drain']
2026-07-02 21:25:13,571 : INFO : BallController : bd_plunger contains 0 balls. Tags []
2026-07-02 21:25:13,572 : INFO : BallController : playfield contains 0 balls. Tags ['default']
2026-07-02 21:25:13,572 : WARNING : BallController : BallController denies game start. Not enough balls. 0 found. 1 required
2026-07-02 21:25:13,572 : INFO : BallController : Triggering ball search.
2026-07-02 21:25:13,687 : INFO : SwitchController : <<<<<<< 's_start' active >>>>>>>
2026-07-02 21:25:13,805 : INFO : SwitchController : <<<<<<< 's_start' inactive >>>>>>>
2026-07-02 21:25:13,805 : INFO : EventManager : Event: ======'request_to_start_game'====== Args={}
2026-07-02 21:25:13,806 : INFO : BallController : Known balls: 0
2026-07-02 21:25:13,806 : INFO : BallController : bd_trough contains 0 balls. Tags ['trough', 'home', 'drain']
2026-07-02 21:25:13,806 : INFO : BallController : bd_plunger contains 0 balls. Tags []
2026-07-02 21:25:13,806 : INFO : BallController : playfield contains 0 balls. Tags ['default']
2026-07-02 21:25:13,806 : WARNING : BallController : BallController denies game start. Not enough balls. 0 found. 1 required
2026-07-02 21:25:13,806 : INFO : BallController : Triggering ball search.
2026-07-02 21:25:13,885 : INFO : SwitchController : <<<<<<< 's_start' active >>>>>>>
2026-07-02 21:25:14,054 : INFO : SwitchController : <<<<<<< 's_start' inactive >>>>>>>
2026-07-02 21:25:14,055 : INFO : EventManager : Event: ======'request_to_start_game'====== Args={}
2026-07-02 21:25:14,055 : INFO : BallController : Known balls: 0
2026-07-02 21:25:14,055 : INFO : BallController : bd_trough contains 0 balls. Tags ['trough', 'home', 'drain']
2026-07-02 21:25:14,055 : INFO : BallController : bd_plunger contains 0 balls. Tags []
2026-07-02 21:25:14,055 : INFO : BallController : playfield contains 0 balls. Tags ['default']
2026-07-02 21:25:14,056 : WARNING : BallController : BallController denies game start. Not enough balls. 0 found. 1 required
2026-07-02 21:25:14,056 : INFO : BallController : Triggering ball search.
2026-07-02 21:25:14,172 : INFO : SwitchController : <<<<<<< 's_start' active >>>>>>>
2026-07-02 21:25:14,337 : INFO : SwitchController : <<<<<<< 's_start' inactive >>>>>>>
2026-07-02 21:25:14,338 : INFO : EventManager : Event: ======'request_to_start_game'====== Args={}
2026-07-02 21:25:14,338 : INFO : BallController : Known balls: 0
2026-07-02 21:25:14,338 : INFO : BallController : bd_trough contains 0 balls. Tags ['trough', 'home', 'drain']
2026-07-02 21:25:14,338 : INFO : BallController : bd_plunger contains 0 balls. Tags []
2026-07-02 21:25:14,338 : INFO : BallController : playfield contains 0 balls. Tags ['default']
2026-07-02 21:25:14,338 : WARNING : BallController : BallController denies game start. Not enough balls. 0 found. 1 required
2026-07-02 21:25:14,339 : INFO : BallController : Triggering ball search.
2026-07-02 21:25:14,588 : INFO : SwitchController : <<<<<<< 's_start' active >>>>>>>
2026-07-02 21:25:14,788 : INFO : SwitchController : <<<<<<< 's_start' inactive >>>>>>>
2026-07-02 21:25:14,788 : INFO : EventManager : Event: ======'request_to_start_game'====== Args={}
2026-07-02 21:25:14,789 : INFO : BallController : Known balls: 0
2026-07-02 21:25:14,789 : INFO : BallController : bd_trough contains 0 balls. Tags ['trough', 'home', 'drain']
2026-07-02 21:25:14,789 : INFO : BallController : bd_plunger contains 0 balls. Tags []
2026-07-02 21:25:14,789 : INFO : BallController : playfield contains 0 balls. Tags ['default']
2026-07-02 21:25:14,789 : WARNING : BallController : BallController denies game start. Not enough balls. 0 found. 1 required
2026-07-02 21:25:14,789 : INFO : BallController : Triggering ball search.
2026-07-02 21:25:17,288 : INFO : SwitchController : <<<<<<< 's_start' active >>>>>>>
2026-07-02 21:25:17,421 : INFO : SwitchController : <<<<<<< 's_start' inactive >>>>>>>
2026-07-02 21:25:17,421 : INFO : EventManager : Event: ======'request_to_start_game'====== Args={}
2026-07-02 21:25:17,421 : INFO : BallController : Known balls: 0
2026-07-02 21:25:17,422 : INFO : BallController : bd_trough contains 0 balls. Tags ['trough', 'home', 'drain']
2026-07-02 21:25:17,422 : INFO : BallController : bd_plunger contains 0 balls. Tags []
2026-07-02 21:25:17,422 : INFO : BallController : playfield contains 0 balls. Tags ['default']
2026-07-02 21:25:17,422 : WARNING : BallController : BallController denies game start. Not enough balls. 0 found. 1 required
2026-07-02 21:25:17,422 : INFO : BallController : Triggering ball search.
2026-07-02 21:25:17,537 : INFO : SwitchController : <<<<<<< 's_start' active >>>>>>>
2026-07-02 21:25:17,671 : INFO : SwitchController : <<<<<<< 's_start' inactive >>>>>>>
2026-07-02 21:25:17,671 : INFO : EventManager : Event: ======'request_to_start_game'====== Args={}
2026-07-02 21:25:17,671 : INFO : BallController : Known balls: 0
2026-07-02 21:25:17,671 : INFO : BallController : bd_trough contains 0 balls. Tags ['trough', 'home', 'drain']
2026-07-02 21:25:17,671 : INFO : BallController : bd_plunger contains 0 balls. Tags []
2026-07-02 21:25:17,672 : INFO : BallController : playfield contains 0 balls. Tags ['default']
2026-07-02 21:25:17,672 : WARNING : BallController : BallController denies game start. Not enough balls. 0 found. 1 required
2026-07-02 21:25:17,672 : INFO : BallController : Triggering ball search.
2026-07-02 21:25:17,771 : INFO : SwitchController : <<<<<<< 's_start' active >>>>>>>
2026-07-02 21:25:17,887 : INFO : SwitchController : <<<<<<< 's_start' inactive >>>>>>>
2026-07-02 21:25:17,887 : INFO : EventManager : Event: ======'request_to_start_game'====== Args={}
2026-07-02 21:25:17,888 : INFO : BallController : Known balls: 0
2026-07-02 21:25:17,888 : INFO : BallController : bd_trough contains 0 balls. Tags ['trough', 'home', 'drain']
2026-07-02 21:25:17,888 : INFO : BallController : bd_plunger contains 0 balls. Tags []
2026-07-02 21:25:17,888 : INFO : BallController : playfield contains 0 balls. Tags ['default']
2026-07-02 21:25:17,888 : WARNING : BallController : BallController denies game start. Not enough balls. 0 found. 1 required
2026-07-02 21:25:17,888 : INFO : BallController : Triggering ball search.
2026-07-02 21:25:18,004 : INFO : SwitchController : <<<<<<< 's_start' active >>>>>>>
2026-07-02 21:25:18,137 : INFO : SwitchController : <<<<<<< 's_start' inactive >>>>>>>
2026-07-02 21:25:18,138 : INFO : EventManager : Event: ======'request_to_start_game'====== Args={}
2026-07-02 21:25:18,138 : INFO : BallController : Known balls: 0
2026-07-02 21:25:18,138 : INFO : BallController : bd_trough contains 0 balls. Tags ['trough', 'home', 'drain']
2026-07-02 21:25:18,138 : INFO : BallController : bd_plunger contains 0 balls. Tags []
2026-07-02 21:25:18,138 : INFO : BallController : playfield contains 0 balls. Tags ['default']
2026-07-02 21:25:18,138 : WARNING : BallController : BallController denies game start. Not enough balls. 0 found. 1 required
2026-07-02 21:25:18,138 : INFO : BallController : Triggering ball search.
2026-07-02 21:25:18,222 : INFO : SwitchController : <<<<<<< 's_start' active >>>>>>>
2026-07-02 21:25:18,371 : INFO : SwitchController : <<<<<<< 's_start' inactive >>>>>>>
2026-07-02 21:25:18,371 : INFO : EventManager : Event: ======'request_to_start_game'====== Args={}
2026-07-02 21:25:18,372 : INFO : BallController : Known balls: 0
2026-07-02 21:25:18,372 : INFO : BallController : bd_trough contains 0 balls. Tags ['trough', 'home', 'drain']
2026-07-02 21:25:18,372 : INFO : BallController : bd_plunger contains 0 balls. Tags []
2026-07-02 21:25:18,372 : INFO : BallController : playfield contains 0 balls. Tags ['default']
2026-07-02 21:25:18,372 : WARNING : BallController : BallController denies game start. Not enough balls. 0 found. 1 required
2026-07-02 21:25:18,372 : INFO : BallController : Triggering ball search.
2026-07-02 21:25:20,580 : INFO : Timer.attract_carousel_timer : Timer Complete
2026-07-02 21:25:20,580 : INFO : Timer.attract_carousel_timer : Stopping Timer
2026-07-02 21:25:20,580 : INFO : EventManager : Event: ======'timer_attract_carousel_timer_stopped'====== Args={'ticks': 1, 'ticks_remaining': 1}
2026-07-02 21:25:20,580 : INFO : EventManager : Event: ======'timer_attract_carousel_timer_complete'====== Args={'ticks': 1, 'ticks_remaining': 1}
2026-07-02 21:25:20,581 : INFO : EventManager : Event: ======'carousel_item_highlighted'====== Args={'carousel': 'attract', 'direction': 'forwards', 'item': 'team_cherry'}
2026-07-02 21:25:20,581 : INFO : Timer.attract_carousel_timer : Starting Timer.
2026-07-02 21:25:20,581 : INFO : EventManager : Event: ======'timer_attract_carousel_timer_started'====== Args={'ticks': 0, 'ticks_remaining': 1}
2026-07-02 21:25:20,582 : INFO : EventManager : Event: ======'timer_attract_carousel_timer_tick'====== Args={'ticks': 0, 'ticks_remaining': 1}
2026-07-02 21:25:28,083 : INFO : Timer.attract_carousel_timer : Timer Complete
2026-07-02 21:25:28,083 : INFO : Timer.attract_carousel_timer : Stopping Timer
2026-07-02 21:25:28,083 : INFO : EventManager : Event: ======'timer_attract_carousel_timer_stopped'====== Args={'ticks': 1, 'ticks_remaining': 1}
2026-07-02 21:25:28,084 : INFO : EventManager : Event: ======'timer_attract_carousel_timer_complete'====== Args={'ticks': 1, 'ticks_remaining': 1}
2026-07-02 21:25:28,084 : INFO : EventManager : Event: ======'carousel_item_highlighted'====== Args={'carousel': 'attract', 'direction': 'forwards', 'item': 'last_scores_1p'}
2026-07-02 21:25:28,085 : INFO : Timer.attract_carousel_timer : Starting Timer.
2026-07-02 21:25:28,085 : INFO : EventManager : Event: ======'timer_attract_carousel_timer_started'====== Args={'ticks': 0, 'ticks_remaining': 1}
2026-07-02 21:25:28,085 : INFO : EventManager : Event: ======'timer_attract_carousel_timer_tick'====== Args={'ticks': 0, 'ticks_remaining': 1}
2026-07-02 21:25:32,196 : INFO : Machine : Shutting down...
2026-07-02 21:25:32,196 : INFO : EventManager : Event: ======'shutdown'====== Args={}
2026-07-02 21:25:32,208 : INFO : root : MPF run loop ended.
