2026-01-03 15:08:07,193 : INFO : root : Loading config.
2026-01-03 15:08:07,275 : INFO : ConfigProcessor : Config spec file cache created: /var/folders/k0/j_dpx55x4kndbs36pl2nt9l00000gn/T/config_spec.mpf_cache
2026-01-03 15:08:07,275 : INFO : YamlMultifileConfigLoader : Machine config file #1: config.yaml
2026-01-03 15:08:07,276 : INFO : ConfigProcessor : Loading config from file /Users/samhughes/mpf/lib/python3.13/site-packages/mpf/mpfconfig.yaml.
2026-01-03 15:08:07,291 : INFO : ConfigProcessor : Loading config: /Users/samhughes/mpf/lib/python3.13/site-packages/mpf/mpfconfig.yaml
2026-01-03 15:08:07,291 : INFO : ConfigProcessor : Loading config from file /Users/samhughes/Desktop/Hollow-Knight-Pinball/config/config.yaml.
2026-01-03 15:08:07,293 : INFO : ConfigProcessor : Loading config: /Users/samhughes/Desktop/Hollow-Knight-Pinball/config/config.yaml
2026-01-03 15:08:07,295 : INFO : ConfigProcessor : Loading config: /Users/samhughes/Desktop/Hollow-Knight-Pinball/config/config_switches.yaml
2026-01-03 15:08:07,296 : INFO : ConfigProcessor : Loading config: /Users/samhughes/Desktop/Hollow-Knight-Pinball/config/config_coils.yaml
2026-01-03 15:08:07,297 : INFO : ConfigProcessor : Loading config: /Users/samhughes/Desktop/Hollow-Knight-Pinball/config/config_lights.yaml
2026-01-03 15:08:07,298 : INFO : ConfigProcessor : Loading config: /Users/samhughes/Desktop/Hollow-Knight-Pinball/config/config_ball_devices.yaml
2026-01-03 15:08:07,300 : INFO : ConfigProcessor : Loading config: /Users/samhughes/Desktop/Hollow-Knight-Pinball/config/config_player_variables.yaml
2026-01-03 15:08:07,300 : INFO : ConfigProcessor : Config file cache created: /var/folders/k0/j_dpx55x4kndbs36pl2nt9l00000gn/T/92f7f295141fbdde09e201e7fd0f1349.mpf_cache
2026-01-03 15:08:07,329 : INFO : ConfigProcessor : Loading config from file /Users/samhughes/mpf/lib/python3.13/site-packages/mpf/modes/attract/config/attract.yaml.
2026-01-03 15:08:07,329 : INFO : ConfigProcessor : Loading config: /Users/samhughes/mpf/lib/python3.13/site-packages/mpf/modes/attract/config/attract.yaml
2026-01-03 15:08:07,329 : INFO : ConfigProcessor : Loading config from file /Users/samhughes/Desktop/Hollow-Knight-Pinball/modes/attract/config/attract.yaml.
2026-01-03 15:08:07,331 : INFO : ConfigProcessor : Loading config: /Users/samhughes/Desktop/Hollow-Knight-Pinball/modes/attract/config/attract.yaml
2026-01-03 15:08:07,331 : INFO : ConfigProcessor : Config file cache created: /var/folders/k0/j_dpx55x4kndbs36pl2nt9l00000gn/T/7b77bdcd1da4c54cc720d492bab55a0d.mpf_cache
2026-01-03 15:08:07,331 : INFO : ConfigProcessor : Loading config from file /Users/samhughes/mpf/lib/python3.13/site-packages/mpf/modes/game/config/game.yaml.
2026-01-03 15:08:07,332 : INFO : ConfigProcessor : Loading config: /Users/samhughes/mpf/lib/python3.13/site-packages/mpf/modes/game/config/game.yaml
2026-01-03 15:08:07,332 : INFO : ConfigProcessor : Config file cache created: /var/folders/k0/j_dpx55x4kndbs36pl2nt9l00000gn/T/501e18c1625d42f1ba9bf53b020c49c5.mpf_cache
2026-01-03 15:08:07,332 : INFO : ConfigProcessor : Loading config from cache: /var/folders/k0/j_dpx55x4kndbs36pl2nt9l00000gn/T/7b77bdcd1da4c54cc720d492bab55a0d.mpf_cache
2026-01-03 15:08:07,332 : INFO : ConfigProcessor : Loading config from file /Users/samhughes/Desktop/Hollow-Knight-Pinball/modes/base/config/base.yaml.
2026-01-03 15:08:07,336 : INFO : ConfigProcessor : Loading config: /Users/samhughes/Desktop/Hollow-Knight-Pinball/modes/base/config/base.yaml
2026-01-03 15:08:07,336 : INFO : ConfigProcessor : Config file cache created: /var/folders/k0/j_dpx55x4kndbs36pl2nt9l00000gn/T/dda6f4da00898f9f0a4796a41d9a2ef0.mpf_cache
2026-01-03 15:08:07,336 : INFO : ConfigProcessor : Loading config from file /Users/samhughes/Desktop/Hollow-Knight-Pinball/modes/right_orbit/config/right_orbit.yaml.
2026-01-03 15:08:07,337 : INFO : ConfigProcessor : Loading config: /Users/samhughes/Desktop/Hollow-Knight-Pinball/modes/right_orbit/config/right_orbit.yaml
2026-01-03 15:08:07,337 : INFO : ConfigProcessor : Config file cache created: /var/folders/k0/j_dpx55x4kndbs36pl2nt9l00000gn/T/522fc819f659907ecbd91e12554f307a.mpf_cache
2026-01-03 15:08:07,337 : INFO : ConfigProcessor : Loading config from file /Users/samhughes/Desktop/Hollow-Knight-Pinball/modes/slingshots/config/slingshots.yaml.
2026-01-03 15:08:07,338 : INFO : ConfigProcessor : Loading config: /Users/samhughes/Desktop/Hollow-Knight-Pinball/modes/slingshots/config/slingshots.yaml
2026-01-03 15:08:07,339 : INFO : ConfigProcessor : Config file cache created: /var/folders/k0/j_dpx55x4kndbs36pl2nt9l00000gn/T/05e9cee2d62266bbcd3eb3df28f11ba0.mpf_cache
2026-01-03 15:08:07,339 : INFO : ConfigProcessor : Loading config from file /Users/samhughes/Desktop/Hollow-Knight-Pinball/modes/lanes/config/lanes.yaml.
2026-01-03 15:08:07,340 : INFO : ConfigProcessor : Loading config: /Users/samhughes/Desktop/Hollow-Knight-Pinball/modes/lanes/config/lanes.yaml
2026-01-03 15:08:07,340 : INFO : ConfigProcessor : Config file cache created: /var/folders/k0/j_dpx55x4kndbs36pl2nt9l00000gn/T/a751b7622f38b4d73d2da25b66d734b1.mpf_cache
2026-01-03 15:08:07,340 : INFO : ConfigProcessor : Loading config from file /Users/samhughes/Desktop/Hollow-Knight-Pinball/modes/vuk/config/vuk.yaml.
2026-01-03 15:08:07,340 : INFO : ConfigProcessor : Loading config: /Users/samhughes/Desktop/Hollow-Knight-Pinball/modes/vuk/config/vuk.yaml
2026-01-03 15:08:07,340 : INFO : ConfigProcessor : Config file cache created: /var/folders/k0/j_dpx55x4kndbs36pl2nt9l00000gn/T/515d12d22bfc89771946156b9f4733e7.mpf_cache
2026-01-03 15:08:07,341 : INFO : ConfigProcessor : Loading config from file /Users/samhughes/Desktop/Hollow-Knight-Pinball/modes/ramp/config/ramp.yaml.
2026-01-03 15:08:07,341 : INFO : ConfigProcessor : Loading config: /Users/samhughes/Desktop/Hollow-Knight-Pinball/modes/ramp/config/ramp.yaml
2026-01-03 15:08:07,341 : INFO : ConfigProcessor : Config file cache created: /var/folders/k0/j_dpx55x4kndbs36pl2nt9l00000gn/T/3db5df4db04e3e0d951f803bb6fa84e6.mpf_cache
2026-01-03 15:08:07,341 : INFO : ConfigProcessor : Loading config from file /Users/samhughes/Desktop/Hollow-Knight-Pinball/modes/left_orbit/config/left_orbit.yaml.
2026-01-03 15:08:07,342 : INFO : ConfigProcessor : Loading config: /Users/samhughes/Desktop/Hollow-Knight-Pinball/modes/left_orbit/config/left_orbit.yaml
2026-01-03 15:08:07,342 : INFO : ConfigProcessor : Config file cache created: /var/folders/k0/j_dpx55x4kndbs36pl2nt9l00000gn/T/3572cafb19834c572118c1dfbec55588.mpf_cache
2026-01-03 15:08:07,342 : INFO : ConfigProcessor : Loading config from file /Users/samhughes/Desktop/Hollow-Knight-Pinball/modes/lane_to_pop/config/lane_to_pop.yaml.
2026-01-03 15:08:07,343 : INFO : ConfigProcessor : Loading config: /Users/samhughes/Desktop/Hollow-Knight-Pinball/modes/lane_to_pop/config/lane_to_pop.yaml
2026-01-03 15:08:07,343 : INFO : ConfigProcessor : Config file cache created: /var/folders/k0/j_dpx55x4kndbs36pl2nt9l00000gn/T/39b20d9bce0c2f44f75a85f57a0d45f4.mpf_cache
2026-01-03 15:08:07,343 : INFO : ConfigProcessor : Loading config from file /Users/samhughes/Desktop/Hollow-Knight-Pinball/modes/saucer/config/saucer.yaml.
2026-01-03 15:08:07,344 : INFO : ConfigProcessor : Loading config: /Users/samhughes/Desktop/Hollow-Knight-Pinball/modes/saucer/config/saucer.yaml
2026-01-03 15:08:07,344 : INFO : ConfigProcessor : Config file cache created: /var/folders/k0/j_dpx55x4kndbs36pl2nt9l00000gn/T/189edcb2679eb1788c8ca3be3e29f2f1.mpf_cache
2026-01-03 15:08:07,344 : INFO : ConfigProcessor : Loading config from file /Users/samhughes/Desktop/Hollow-Knight-Pinball/modes/targets/config/targets.yaml.
2026-01-03 15:08:07,345 : INFO : ConfigProcessor : Loading config: /Users/samhughes/Desktop/Hollow-Knight-Pinball/modes/targets/config/targets.yaml
2026-01-03 15:08:07,346 : INFO : ConfigProcessor : Config file cache created: /var/folders/k0/j_dpx55x4kndbs36pl2nt9l00000gn/T/f00019ffccce993d2850c9d82b9dc44e.mpf_cache
2026-01-03 15:08:07,346 : INFO : ConfigProcessor : Loading config from file /Users/samhughes/Desktop/Hollow-Knight-Pinball/modes/pop_bumper/config/pop_bumper.yaml.
2026-01-03 15:08:07,346 : INFO : ConfigProcessor : Loading config: /Users/samhughes/Desktop/Hollow-Knight-Pinball/modes/pop_bumper/config/pop_bumper.yaml
2026-01-03 15:08:07,346 : INFO : ConfigProcessor : Config file cache created: /var/folders/k0/j_dpx55x4kndbs36pl2nt9l00000gn/T/14560612c17bb039b05632d29f192033.mpf_cache
2026-01-03 15:08:07,346 : INFO : ConfigProcessor : Loading config from file /Users/samhughes/Desktop/Hollow-Knight-Pinball/modes/dirtmouth/config/dirtmouth.yaml.
2026-01-03 15:08:07,348 : INFO : ConfigProcessor : Loading config: /Users/samhughes/Desktop/Hollow-Knight-Pinball/modes/dirtmouth/config/dirtmouth.yaml
2026-01-03 15:08:07,348 : INFO : ConfigProcessor : Config file cache created: /var/folders/k0/j_dpx55x4kndbs36pl2nt9l00000gn/T/1b88d79160cc8850354d058f9a270569.mpf_cache
2026-01-03 15:08:07,348 : INFO : ConfigProcessor : Loading config from file /Users/samhughes/Desktop/Hollow-Knight-Pinball/modes/false_knight_controller/config/false_knight_controller.yaml.
2026-01-03 15:08:07,349 : INFO : ConfigProcessor : Loading config: /Users/samhughes/Desktop/Hollow-Knight-Pinball/modes/false_knight_controller/config/false_knight_controller.yaml
2026-01-03 15:08:07,349 : INFO : ConfigProcessor : Config file cache created: /var/folders/k0/j_dpx55x4kndbs36pl2nt9l00000gn/T/db143814423fb474166c86cac053d40c.mpf_cache
2026-01-03 15:08:07,349 : INFO : ConfigProcessor : Loading config from file /Users/samhughes/Desktop/Hollow-Knight-Pinball/modes/frogotten_crossroads/config/frogotten_crossroads.yaml.
2026-01-03 15:08:07,350 : INFO : ConfigProcessor : Loading config: /Users/samhughes/Desktop/Hollow-Knight-Pinball/modes/frogotten_crossroads/config/frogotten_crossroads.yaml
2026-01-03 15:08:07,350 : INFO : ConfigProcessor : Config file cache created: /var/folders/k0/j_dpx55x4kndbs36pl2nt9l00000gn/T/77ecd758607ea296c19f456a8642983d.mpf_cache
2026-01-03 15:08:07,351 : INFO : ConfigProcessor : Loading config from file /Users/samhughes/Desktop/Hollow-Knight-Pinball/modes/travel_dirtmouth_to_frogotten_crossroads/config/travel_dirtmouth_to_frogotten_crossroads.yaml.
2026-01-03 15:08:07,354 : INFO : ConfigProcessor : Loading config: /Users/samhughes/Desktop/Hollow-Knight-Pinball/modes/travel_dirtmouth_to_frogotten_crossroads/config/travel_dirtmouth_to_frogotten_crossroads.yaml
2026-01-03 15:08:07,354 : INFO : ConfigProcessor : Config file cache created: /var/folders/k0/j_dpx55x4kndbs36pl2nt9l00000gn/T/7c3641fae2b7003d26f031771405f733.mpf_cache
2026-01-03 15:08:07,354 : INFO : ConfigProcessor : Loading config from file /Users/samhughes/Desktop/Hollow-Knight-Pinball/modes/carousel_mode_select/config/carousel_mode_select.yaml.
2026-01-03 15:08:07,355 : INFO : ConfigProcessor : Loading config: /Users/samhughes/Desktop/Hollow-Knight-Pinball/modes/carousel_mode_select/config/carousel_mode_select.yaml
2026-01-03 15:08:07,355 : INFO : ConfigProcessor : Config file cache created: /var/folders/k0/j_dpx55x4kndbs36pl2nt9l00000gn/T/fb7f263f29c0f8af46e6dfce6099ce86.mpf_cache
2026-01-03 15:08:07,356 : INFO : ConfigProcessor : Loading config from file /Users/samhughes/Desktop/Hollow-Knight-Pinball/modes/mask_controller/config/mask_controller.yaml.
2026-01-03 15:08:07,357 : INFO : ConfigProcessor : Loading config: /Users/samhughes/Desktop/Hollow-Knight-Pinball/modes/mask_controller/config/mask_controller.yaml
2026-01-03 15:08:07,358 : INFO : ConfigProcessor : Config file cache created: /var/folders/k0/j_dpx55x4kndbs36pl2nt9l00000gn/T/8ec02d334e515a6774c1da6355f69b0a.mpf_cache
2026-01-03 15:08:07,360 : INFO : Machine : Mission Pinball Framework Core Engine v0.80.0.dev11
2026-01-03 15:08:07,360 : INFO : Machine : Command line arguments: {'no_load_cache': False, 'create_config_cache': True, 'bcp': True, 'configfile': ['config.yaml'], 'force_assets_load': False, 'platform_integration_test': False, 'jsonlogging': False, 'logfile': 'logs/2026-01-03-15-08-07-mpf-Mac.lan.log', 'pause': False, 'production': False, 'text_ui': True, 'loglevel': 15, 'consoleloglevel': 20, 'force_platform': 'smart_virtual', 'syslog_address': None, 'full_logfile_path': '/Users/samhughes/Desktop/Hollow-Knight-Pinball/logs/2026-01-03-15-08-07-mpf-Mac.lan.log'}
2026-01-03 15:08:07,360 : INFO : Machine : MPF path: /Users/samhughes/mpf/lib/python3.13/site-packages/mpf
2026-01-03 15:08:07,360 : INFO : Machine : Machine path: /Users/samhughes/Desktop/Hollow-Knight-Pinball
2026-01-03 15:08:07,360 : INFO : Machine : Platform: darwin
2026-01-03 15:08:07,360 : INFO : Machine : Python executable location: /Users/samhughes/mpf/bin/python3.13
2026-01-03 15:08:07,360 : INFO : Machine : Python version: 3.13.2 (64-bit)
2026-01-03 15:08:07,360 : INFO : Machine : Initializing MPF...
2026-01-03 15:08:07,477 : INFO : EventManager : Event: ======'machine_var_credits_string'====== Args={'value': 'FREE PLAY', 'prev_value': None, 'change': True}
2026-01-03 15:08:07,485 : INFO : EventManager : Event: ======'machine_var_master_volume'====== Args={'value': 0.5, 'prev_value': None, 'change': True}
2026-01-03 15:08:07,485 : INFO : EventManager : Event: ======'machine_var_player1_score'====== Args={'value': 81940, 'prev_value': None, 'change': True}
2026-01-03 15:08:07,485 : INFO : EventManager : Event: ======'machine_var_mpf_version'====== Args={'value': 'Mission Pinball Framework v0.80.0.dev11', 'prev_value': None, 'change': True}
2026-01-03 15:08:07,485 : INFO : EventManager : Event: ======'machine_var_mpf_extended_version'====== Args={'value': 'Mission Pinball Framework v0.80.0.dev11, Config version:6, Show version: 6, BCP version:1.1', 'prev_value': None, 'change': True}
2026-01-03 15:08:07,485 : INFO : EventManager : Event: ======'machine_var_python_version'====== Args={'value': '3.13.2', 'prev_value': None, 'change': True}
2026-01-03 15:08:07,494 : INFO : EventManager : Event: ======'machine_var_platform'====== Args={'value': 'macOS-15.6.1-arm64-arm-64bit-Mach-O', 'prev_value': None, 'change': True}
2026-01-03 15:08:07,494 : INFO : EventManager : Event: ======'machine_var_platform_system'====== Args={'value': 'Darwin', 'prev_value': None, 'change': True}
2026-01-03 15:08:07,494 : INFO : EventManager : Event: ======'machine_var_platform_release'====== Args={'value': '24.6.0', 'prev_value': None, 'change': True}
2026-01-03 15:08:07,494 : INFO : EventManager : Event: ======'machine_var_platform_version'====== Args={'value': 'Darwin Kernel Version 24.6.0: Mon Jul 14 11:29:54 PDT 2025; root:xnu-11417.140.69~1/RELEASE_ARM64_T8122', 'prev_value': None, 'change': True}
2026-01-03 15:08:07,494 : INFO : EventManager : Event: ======'machine_var_platform_machine'====== Args={'value': 'arm64', 'prev_value': None, 'change': True}
2026-01-03 15:08:07,494 : INFO : EventManager : Event: ======'machine_var_log_file_path'====== Args={'value': '/Users/samhughes/Desktop/Hollow-Knight-Pinball/logs/2026-01-03-15-08-07-mpf-Mac.lan.log', 'prev_value': None, 'change': True}
2026-01-03 15:08:07,494 : INFO : EventManager : Event: ======'init_phase_1'====== Args={}
2026-01-03 15:08:07,503 : INFO : EventManager : Event: ======'init_phase_2'====== Args={}
2026-01-03 15:08:07,503 : INFO : SwitchController : Found active switch: (1002, <Platform.SmartVirtual>) <switch.s_trough_1>
2026-01-03 15:08:07,503 : INFO : SwitchController : Found active switch: (1003, <Platform.SmartVirtual>) <switch.s_trough_2>
2026-01-03 15:08:07,503 : INFO : SwitchController : Found active switch: (1004, <Platform.SmartVirtual>) <switch.s_trough_3>
2026-01-03 15:08:07,505 : INFO : EventManager : Event: ======'bcp_connection_attempt'====== Args={'name': 'local_display', 'host': 'localhost', 'port': 5050}
2026-01-03 15:08:07,506 : INFO : BCPClientSocket : Connecting BCP to 'local_display' at localhost:5050...
2026-01-03 15:08:12,850 : INFO : Machine : Starting the main run loop with active modes: []
2026-01-03 15:08:12,850 : WARNING : Machine : Attract mode is not active, game will not be playable. Please check your attract mode configuration.
2026-01-03 15:08:12,851 : INFO : Machine : Shutting down...
2026-01-03 15:08:12,851 : INFO : EventManager : Event: ======'shutdown'====== Args={}
2026-01-03 15:08:13,855 : INFO : root : MPF run loop ended.
