2026-01-03 16:44:07,943 : INFO : root : Loading config.
2026-01-03 16:44:07,945 : INFO : YamlMultifileConfigLoader : Machine config file #1: config.yaml
2026-01-03 16:44:07,945 : INFO : ConfigProcessor : Loading config from cache: /var/folders/k0/j_dpx55x4kndbs36pl2nt9l00000gn/T/92f7f295141fbdde09e201e7fd0f1349.mpf_cache
2026-01-03 16:44:07,972 : INFO : ConfigProcessor : Loading config from cache: /var/folders/k0/j_dpx55x4kndbs36pl2nt9l00000gn/T/7b77bdcd1da4c54cc720d492bab55a0d.mpf_cache
2026-01-03 16:44:07,972 : INFO : ConfigProcessor : Loading config from cache: /var/folders/k0/j_dpx55x4kndbs36pl2nt9l00000gn/T/501e18c1625d42f1ba9bf53b020c49c5.mpf_cache
2026-01-03 16:44:07,972 : INFO : ConfigProcessor : Loading config from cache: /var/folders/k0/j_dpx55x4kndbs36pl2nt9l00000gn/T/7b77bdcd1da4c54cc720d492bab55a0d.mpf_cache
2026-01-03 16:44:07,972 : INFO : ConfigProcessor : Loading config from cache: /var/folders/k0/j_dpx55x4kndbs36pl2nt9l00000gn/T/dda6f4da00898f9f0a4796a41d9a2ef0.mpf_cache
2026-01-03 16:44:07,973 : INFO : ConfigProcessor : Loading config from cache: /var/folders/k0/j_dpx55x4kndbs36pl2nt9l00000gn/T/522fc819f659907ecbd91e12554f307a.mpf_cache
2026-01-03 16:44:07,973 : INFO : ConfigProcessor : Loading config from cache: /var/folders/k0/j_dpx55x4kndbs36pl2nt9l00000gn/T/05e9cee2d62266bbcd3eb3df28f11ba0.mpf_cache
2026-01-03 16:44:07,973 : INFO : ConfigProcessor : Loading config from cache: /var/folders/k0/j_dpx55x4kndbs36pl2nt9l00000gn/T/a751b7622f38b4d73d2da25b66d734b1.mpf_cache
2026-01-03 16:44:07,974 : INFO : ConfigProcessor : Loading config from cache: /var/folders/k0/j_dpx55x4kndbs36pl2nt9l00000gn/T/515d12d22bfc89771946156b9f4733e7.mpf_cache
2026-01-03 16:44:07,974 : INFO : ConfigProcessor : Loading config from cache: /var/folders/k0/j_dpx55x4kndbs36pl2nt9l00000gn/T/3db5df4db04e3e0d951f803bb6fa84e6.mpf_cache
2026-01-03 16:44:07,974 : INFO : ConfigProcessor : Loading config from cache: /var/folders/k0/j_dpx55x4kndbs36pl2nt9l00000gn/T/3572cafb19834c572118c1dfbec55588.mpf_cache
2026-01-03 16:44:07,975 : INFO : ConfigProcessor : Loading config from cache: /var/folders/k0/j_dpx55x4kndbs36pl2nt9l00000gn/T/39b20d9bce0c2f44f75a85f57a0d45f4.mpf_cache
2026-01-03 16:44:07,976 : INFO : ConfigProcessor : Loading config from cache: /var/folders/k0/j_dpx55x4kndbs36pl2nt9l00000gn/T/189edcb2679eb1788c8ca3be3e29f2f1.mpf_cache
2026-01-03 16:44:07,976 : INFO : ConfigProcessor : Loading config from cache: /var/folders/k0/j_dpx55x4kndbs36pl2nt9l00000gn/T/f00019ffccce993d2850c9d82b9dc44e.mpf_cache
2026-01-03 16:44:07,976 : INFO : ConfigProcessor : Loading config from cache: /var/folders/k0/j_dpx55x4kndbs36pl2nt9l00000gn/T/14560612c17bb039b05632d29f192033.mpf_cache
2026-01-03 16:44:07,976 : INFO : ConfigProcessor : Loading config from cache: /var/folders/k0/j_dpx55x4kndbs36pl2nt9l00000gn/T/1b88d79160cc8850354d058f9a270569.mpf_cache
2026-01-03 16:44:07,976 : INFO : ConfigProcessor : Loading config from cache: /var/folders/k0/j_dpx55x4kndbs36pl2nt9l00000gn/T/db143814423fb474166c86cac053d40c.mpf_cache
2026-01-03 16:44:07,977 : INFO : ConfigProcessor : Loading config from cache: /var/folders/k0/j_dpx55x4kndbs36pl2nt9l00000gn/T/77ecd758607ea296c19f456a8642983d.mpf_cache
2026-01-03 16:44:07,977 : INFO : ConfigProcessor : Loading config from cache: /var/folders/k0/j_dpx55x4kndbs36pl2nt9l00000gn/T/7c3641fae2b7003d26f031771405f733.mpf_cache
2026-01-03 16:44:07,977 : INFO : ConfigProcessor : Loading config from cache: /var/folders/k0/j_dpx55x4kndbs36pl2nt9l00000gn/T/fb7f263f29c0f8af46e6dfce6099ce86.mpf_cache
2026-01-03 16:44:07,977 : INFO : ConfigProcessor : Loading config from cache: /var/folders/k0/j_dpx55x4kndbs36pl2nt9l00000gn/T/8ec02d334e515a6774c1da6355f69b0a.mpf_cache
2026-01-03 16:44:07,978 : INFO : Machine : Mission Pinball Framework Core Engine v0.80.0.dev11
2026-01-03 16:44:07,978 : INFO : Machine : Command line arguments: {'no_load_cache': False, 'create_config_cache': True, 'bcp': False, 'configfile': ['config.yaml'], 'force_assets_load': False, 'platform_integration_test': False, 'jsonlogging': False, 'logfile': 'logs/2026-01-03-16-44-07-mpf-Mac.lan.log', 'pause': False, 'production': False, 'text_ui': True, 'loglevel': 15, 'consoleloglevel': 20, 'force_platform': None, 'syslog_address': None, 'full_logfile_path': '/Users/samhughes/Desktop/Hollow-Knight-Pinball/logs/2026-01-03-16-44-07-mpf-Mac.lan.log'}
2026-01-03 16:44:07,978 : INFO : Machine : MPF path: /Users/samhughes/mpf/lib/python3.13/site-packages/mpf
2026-01-03 16:44:07,978 : INFO : Machine : Machine path: /Users/samhughes/Desktop/Hollow-Knight-Pinball
2026-01-03 16:44:07,978 : INFO : Machine : Platform: darwin
2026-01-03 16:44:07,978 : INFO : Machine : Python executable location: /Users/samhughes/mpf/bin/python3.13
2026-01-03 16:44:07,978 : INFO : Machine : Python version: 3.13.2 (64-bit)
2026-01-03 16:44:07,978 : INFO : Machine : Initializing MPF...
2026-01-03 16:44:08,010 : INFO : OPP : Connecting to /dev/cu.usbmodem4E7B377B48001 at 115200bps
2026-01-03 16:44:08,034 : INFO : OPP : Could not set /dev/cu.usbmodem4E7B377B48001 to low latency mode: Low latency not supported on this platform
2026-01-03 16:44:08,058 : INFO : OPP : Init of OPP board 0 done
2026-01-03 16:44:08,058 : INFO : OPP : Connecting to /dev/cu.usbmodem5678485D30001 at 115200bps
2026-01-03 16:44:08,078 : INFO : OPP : Could not set /dev/cu.usbmodem5678485D30001 to low latency mode: Low latency not supported on this platform
2026-01-03 16:44:08,102 : INFO : OPP : Init of OPP board 1 done
2026-01-03 16:44:08,102 : INFO : EventManager : Event: ======'machine_var_credits_string'====== Args={'value': 'FREE PLAY', 'prev_value': None, 'change': True}
2026-01-03 16:44:08,110 : INFO : EventManager : Event: ======'machine_var_master_volume'====== Args={'value': 0.5, 'prev_value': None, 'change': True}
2026-01-03 16:44:08,110 : INFO : EventManager : Event: ======'machine_var_player1_score'====== Args={'value': 81940, 'prev_value': None, 'change': True}
2026-01-03 16:44:08,110 : INFO : EventManager : Event: ======'machine_var_mpf_version'====== Args={'value': 'Mission Pinball Framework v0.80.0.dev11', 'prev_value': None, 'change': True}
2026-01-03 16:44:08,110 : INFO : EventManager : Event: ======'machine_var_mpf_extended_version'====== Args={'value': 'Mission Pinball Framework v0.80.0.dev11, Config version:6, Show version: 6, BCP version:1.1', 'prev_value': None, 'change': True}
2026-01-03 16:44:08,111 : INFO : EventManager : Event: ======'machine_var_python_version'====== Args={'value': '3.13.2', 'prev_value': None, 'change': True}
2026-01-03 16:44:08,119 : INFO : EventManager : Event: ======'machine_var_platform'====== Args={'value': 'macOS-15.6.1-arm64-arm-64bit-Mach-O', 'prev_value': None, 'change': True}
2026-01-03 16:44:08,119 : INFO : EventManager : Event: ======'machine_var_platform_system'====== Args={'value': 'Darwin', 'prev_value': None, 'change': True}
2026-01-03 16:44:08,119 : INFO : EventManager : Event: ======'machine_var_platform_release'====== Args={'value': '24.6.0', 'prev_value': None, 'change': True}
2026-01-03 16:44:08,119 : INFO : EventManager : Event: ======'machine_var_platform_version'====== Args={'value': 'Darwin Kernel Version 24.6.0: Mon Jul 14 11:29:54 PDT 2025; root:xnu-11417.140.69~1/RELEASE_ARM64_T8122', 'prev_value': None, 'change': True}
2026-01-03 16:44:08,119 : INFO : EventManager : Event: ======'machine_var_platform_machine'====== Args={'value': 'arm64', 'prev_value': None, 'change': True}
2026-01-03 16:44:08,119 : INFO : EventManager : Event: ======'machine_var_log_file_path'====== Args={'value': '/Users/samhughes/Desktop/Hollow-Knight-Pinball/logs/2026-01-03-16-44-07-mpf-Mac.lan.log', 'prev_value': None, 'change': True}
2026-01-03 16:44:08,119 : INFO : EventManager : Event: ======'init_phase_1'====== Args={}
2026-01-03 16:44:08,130 : INFO : EventManager : Event: ======'init_phase_2'====== Args={}
2026-01-03 16:44:08,132 : INFO : ball_device.bd_trough : BCH: Initial count: 0
2026-01-03 16:44:08,132 : INFO : ball_device.bd_trough : State: idle
2026-01-03 16:44:08,132 : INFO : ball_device.bd_plunger : BCH: Initial count: 0
2026-01-03 16:44:08,132 : INFO : ball_device.bd_plunger : State: idle
2026-01-03 16:44:08,139 : INFO : EventManager : Event: ======'init_phase_3'====== Args={}
2026-01-03 16:44:08,140 : INFO : EventManager : Event: ======'init_phase_4'====== Args={}
2026-01-03 16:44:08,140 : INFO : BallController : Initial balls found: 0
2026-01-03 16:44:08,140 : INFO : EventManager : Event: ======'machine_var_audits_events_game_ended'====== Args={'value': 6, 'prev_value': None, 'change': True}
2026-01-03 16:44:08,140 : INFO : EventManager : Event: ======'machine_var_audits_events_game_started'====== Args={'value': 173, 'prev_value': None, 'change': True}
2026-01-03 16:44:08,140 : INFO : EventManager : Event: ======'machine_var_audits_missing_switches_s_back_left_target'====== Args={'value': 45, 'prev_value': None, 'change': True}
2026-01-03 16:44:08,140 : INFO : EventManager : Event: ======'machine_var_audits_missing_switches_s_back_middle_left_target'====== Args={'value': 1, 'prev_value': None, 'change': True}
2026-01-03 16:44:08,140 : INFO : EventManager : Event: ======'machine_var_audits_missing_switches_s_back_middle_right_target'====== Args={'value': 1, 'prev_value': None, 'change': True}
2026-01-03 16:44:08,140 : INFO : EventManager : Event: ======'machine_var_audits_missing_switches_s_back_right_target'====== Args={'value': 135, 'prev_value': None, 'change': True}
2026-01-03 16:44:08,140 : INFO : EventManager : Event: ======'machine_var_audits_missing_switches_s_bottom_right_slingshot'====== Args={'value': 132, 'prev_value': None, 'change': True}
2026-01-03 16:44:08,140 : INFO : EventManager : Event: ======'machine_var_audits_missing_switches_s_front_left_target'====== Args={'value': 1, 'prev_value': None, 'change': True}
2026-01-03 16:44:08,140 : INFO : EventManager : Event: ======'machine_var_audits_missing_switches_s_front_middle_target'====== Args={'value': 1, 'prev_value': None, 'change': True}
2026-01-03 16:44:08,140 : INFO : EventManager : Event: ======'machine_var_audits_missing_switches_s_front_right_target'====== Args={'value': 2, 'prev_value': None, 'change': True}
2026-01-03 16:44:08,141 : INFO : EventManager : Event: ======'machine_var_audits_missing_switches_s_lane_to_pop'====== Args={'value': 5, 'prev_value': None, 'change': True}
2026-01-03 16:44:08,141 : INFO : EventManager : Event: ======'machine_var_audits_missing_switches_s_left_inlane'====== Args={'value': 1, 'prev_value': None, 'change': True}
2026-01-03 16:44:08,141 : INFO : EventManager : Event: ======'machine_var_audits_missing_switches_s_left_orbit'====== Args={'value': 1, 'prev_value': None, 'change': True}
2026-01-03 16:44:08,141 : INFO : EventManager : Event: ======'machine_var_audits_missing_switches_s_left_outlane'====== Args={'value': 142, 'prev_value': None, 'change': True}
2026-01-03 16:44:08,141 : INFO : EventManager : Event: ======'machine_var_audits_missing_switches_s_right_orbit'====== Args={'value': 27, 'prev_value': None, 'change': True}
2026-01-03 16:44:08,141 : INFO : EventManager : Event: ======'machine_var_audits_missing_switches_s_right_outlane'====== Args={'value': 142, 'prev_value': None, 'change': True}
2026-01-03 16:44:08,141 : INFO : EventManager : Event: ======'machine_var_audits_missing_switches_s_start'====== Args={'value': 4, 'prev_value': None, 'change': True}
2026-01-03 16:44:08,141 : INFO : EventManager : Event: ======'machine_var_audits_missing_switches_s_top_left_slingshot'====== Args={'value': 1, 'prev_value': None, 'change': True}
2026-01-03 16:44:08,141 : INFO : EventManager : Event: ======'machine_var_audits_missing_switches_s_top_right_slingshot'====== Args={'value': 130, 'prev_value': None, 'change': True}
2026-01-03 16:44:08,141 : INFO : EventManager : Event: ======'machine_var_audits_missing_switches_s_trough_1'====== Args={'value': 136, 'prev_value': None, 'change': True}
2026-01-03 16:44:08,141 : INFO : EventManager : Event: ======'machine_var_audits_missing_switches_s_trough_2'====== Args={'value': 160, 'prev_value': None, 'change': True}
2026-01-03 16:44:08,141 : INFO : EventManager : Event: ======'machine_var_audits_missing_switches_s_trough_3'====== Args={'value': 158, 'prev_value': None, 'change': True}
2026-01-03 16:44:08,141 : INFO : EventManager : Event: ======'machine_var_audits_player_score'====== Args={'value': {'average': 36284, 'top': [173500, 81940, 45000, 15000, 15000, 15000, 15000, 15000, 15000, 15000], 'total': 12}, 'prev_value': None, 'change': True}
2026-01-03 16:44:08,141 : INFO : EventManager : Event: ======'machine_var_audits_shots_back_left_target'====== Args={'value': 7, 'prev_value': None, 'change': True}
2026-01-03 16:44:08,141 : INFO : EventManager : Event: ======'machine_var_audits_shots_back_middle_left_target_mask'====== Args={'value': 1, 'prev_value': None, 'change': True}
2026-01-03 16:44:08,141 : INFO : EventManager : Event: ======'machine_var_audits_shots_back_middle_right_target'====== Args={'value': 5, 'prev_value': None, 'change': True}
2026-01-03 16:44:08,141 : INFO : EventManager : Event: ======'machine_var_audits_shots_back_middle_right_target_mask'====== Args={'value': 1, 'prev_value': None, 'change': True}
2026-01-03 16:44:08,141 : INFO : EventManager : Event: ======'machine_var_audits_shots_back_right_target'====== Args={'value': 2, 'prev_value': None, 'change': True}
2026-01-03 16:44:08,141 : INFO : EventManager : Event: ======'machine_var_audits_shots_bakc_middle_left_target'====== Args={'value': 4, 'prev_value': None, 'change': True}
2026-01-03 16:44:08,141 : INFO : EventManager : Event: ======'machine_var_audits_shots_bottom_left_slingshot'====== Args={'value': 3, 'prev_value': None, 'change': True}
2026-01-03 16:44:08,141 : INFO : EventManager : Event: ======'machine_var_audits_shots_front_left_target'====== Args={'value': 7, 'prev_value': None, 'change': True}
2026-01-03 16:44:08,141 : INFO : EventManager : Event: ======'machine_var_audits_shots_front_left_target_mask'====== Args={'value': 1, 'prev_value': None, 'change': True}
2026-01-03 16:44:08,141 : INFO : EventManager : Event: ======'machine_var_audits_shots_front_middle_target'====== Args={'value': 9, 'prev_value': None, 'change': True}
2026-01-03 16:44:08,141 : INFO : EventManager : Event: ======'machine_var_audits_shots_front_middle_target_mask'====== Args={'value': 1, 'prev_value': None, 'change': True}
2026-01-03 16:44:08,141 : INFO : EventManager : Event: ======'machine_var_audits_shots_front_right_target'====== Args={'value': 9, 'prev_value': None, 'change': True}
2026-01-03 16:44:08,141 : INFO : EventManager : Event: ======'machine_var_audits_shots_front_right_target_mask'====== Args={'value': 3, 'prev_value': None, 'change': True}
2026-01-03 16:44:08,141 : INFO : EventManager : Event: ======'machine_var_audits_shots_lane_to_pop'====== Args={'value': 102, 'prev_value': None, 'change': True}
2026-01-03 16:44:08,141 : INFO : EventManager : Event: ======'machine_var_audits_shots_left_inlane'====== Args={'value': 9, 'prev_value': None, 'change': True}
2026-01-03 16:44:08,141 : INFO : EventManager : Event: ======'machine_var_audits_shots_left_orbit'====== Args={'value': 187, 'prev_value': None, 'change': True}
2026-01-03 16:44:08,141 : INFO : EventManager : Event: ======'machine_var_audits_shots_left_orbit_mask'====== Args={'value': 9, 'prev_value': None, 'change': True}
2026-01-03 16:44:08,141 : INFO : EventManager : Event: ======'machine_var_audits_shots_left_orbit_travel_dirtmouth_to_frogotten_crossroads'====== Args={'value': 96, 'prev_value': None, 'change': True}
2026-01-03 16:44:08,141 : INFO : EventManager : Event: ======'machine_var_audits_shots_left_outlane'====== Args={'value': 5, 'prev_value': None, 'change': True}
2026-01-03 16:44:08,141 : INFO : EventManager : Event: ======'machine_var_audits_shots_pop_bumper'====== Args={'value': 27, 'prev_value': None, 'change': True}
2026-01-03 16:44:08,141 : INFO : EventManager : Event: ======'machine_var_audits_shots_ramp'====== Args={'value': 81, 'prev_value': None, 'change': True}
2026-01-03 16:44:08,141 : INFO : EventManager : Event: ======'machine_var_audits_shots_ramp_mask'====== Args={'value': 3, 'prev_value': None, 'change': True}
2026-01-03 16:44:08,141 : INFO : EventManager : Event: ======'machine_var_audits_shots_ramp_travel_dirtmouth_to_frogotten_crossroads'====== Args={'value': 10, 'prev_value': None, 'change': True}
2026-01-03 16:44:08,141 : INFO : EventManager : Event: ======'machine_var_audits_shots_right_inlane'====== Args={'value': 15, 'prev_value': None, 'change': True}
2026-01-03 16:44:08,141 : INFO : EventManager : Event: ======'machine_var_audits_shots_right_orbit'====== Args={'value': 267, 'prev_value': None, 'change': True}
2026-01-03 16:44:08,141 : INFO : EventManager : Event: ======'machine_var_audits_shots_right_orbit_travel_dirtmouth_to_frogotten_crossroads'====== Args={'value': 44, 'prev_value': None, 'change': True}
2026-01-03 16:44:08,141 : INFO : EventManager : Event: ======'machine_var_audits_shots_right_outlane'====== Args={'value': 12, 'prev_value': None, 'change': True}
2026-01-03 16:44:08,141 : INFO : EventManager : Event: ======'machine_var_audits_shots_saucer'====== Args={'value': 40, 'prev_value': None, 'change': True}
2026-01-03 16:44:08,141 : INFO : EventManager : Event: ======'machine_var_audits_shots_saucer_dirtmouth'====== Args={'value': 21, 'prev_value': None, 'change': True}
2026-01-03 16:44:08,141 : INFO : EventManager : Event: ======'machine_var_audits_shots_saucer_frogotten_crossroads'====== Args={'value': 4, 'prev_value': None, 'change': True}
2026-01-03 16:44:08,141 : INFO : EventManager : Event: ======'machine_var_audits_shots_saucer_mask'====== Args={'value': 1, 'prev_value': None, 'change': True}
2026-01-03 16:44:08,141 : INFO : EventManager : Event: ======'machine_var_audits_shots_top_left_slingshot'====== Args={'value': 2, 'prev_value': None, 'change': True}
2026-01-03 16:44:08,141 : INFO : EventManager : Event: ======'machine_var_audits_shots_top_right_slingshot'====== Args={'value': 6, 'prev_value': None, 'change': True}
2026-01-03 16:44:08,141 : INFO : EventManager : Event: ======'machine_var_audits_shots_vuk'====== Args={'value': 321, 'prev_value': None, 'change': True}
2026-01-03 16:44:08,141 : INFO : EventManager : Event: ======'machine_var_audits_shots_vuk_dirtmouth'====== Args={'value': 196, 'prev_value': None, 'change': True}
2026-01-03 16:44:08,141 : INFO : EventManager : Event: ======'machine_var_audits_shots_vuk_frogotten_crossroads'====== Args={'value': 45, 'prev_value': None, 'change': True}
2026-01-03 16:44:08,141 : INFO : EventManager : Event: ======'machine_var_audits_switches_s_back_left_target'====== Args={'value': 7, 'prev_value': None, 'change': True}
2026-01-03 16:44:08,141 : INFO : EventManager : Event: ======'machine_var_audits_switches_s_back_middle_left_target'====== Args={'value': 5, 'prev_value': None, 'change': True}
2026-01-03 16:44:08,141 : INFO : EventManager : Event: ======'machine_var_audits_switches_s_back_middle_right_target'====== Args={'value': 6, 'prev_value': None, 'change': True}
2026-01-03 16:44:08,141 : INFO : EventManager : Event: ======'machine_var_audits_switches_s_back_right_target'====== Args={'value': 3, 'prev_value': None, 'change': True}
2026-01-03 16:44:08,141 : INFO : EventManager : Event: ======'machine_var_audits_switches_s_bottom_left_slingshot'====== Args={'value': 29, 'prev_value': None, 'change': True}
2026-01-03 16:44:08,141 : INFO : EventManager : Event: ======'machine_var_audits_switches_s_bottom_right_slingshot'====== Args={'value': 26, 'prev_value': None, 'change': True}
2026-01-03 16:44:08,141 : INFO : EventManager : Event: ======'machine_var_audits_switches_s_front_left_target'====== Args={'value': 7, 'prev_value': None, 'change': True}
2026-01-03 16:44:08,141 : INFO : EventManager : Event: ======'machine_var_audits_switches_s_front_middle_target'====== Args={'value': 10, 'prev_value': None, 'change': True}
2026-01-03 16:44:08,141 : INFO : EventManager : Event: ======'machine_var_audits_switches_s_front_right_target'====== Args={'value': 10, 'prev_value': None, 'change': True}
2026-01-03 16:44:08,141 : INFO : EventManager : Event: ======'machine_var_audits_switches_s_lane_to_pop'====== Args={'value': 104, 'prev_value': None, 'change': True}
2026-01-03 16:44:08,141 : INFO : EventManager : Event: ======'machine_var_audits_switches_s_left_flipper'====== Args={'value': 183, 'prev_value': None, 'change': True}
2026-01-03 16:44:08,141 : INFO : EventManager : Event: ======'machine_var_audits_switches_s_left_inlane'====== Args={'value': 10, 'prev_value': None, 'change': True}
2026-01-03 16:44:08,141 : INFO : EventManager : Event: ======'machine_var_audits_switches_s_left_orbit'====== Args={'value': 189, 'prev_value': None, 'change': True}
2026-01-03 16:44:08,141 : INFO : EventManager : Event: ======'machine_var_audits_switches_s_left_outlane'====== Args={'value': 6, 'prev_value': None, 'change': True}
2026-01-03 16:44:08,142 : INFO : EventManager : Event: ======'machine_var_audits_switches_s_plunger_lane'====== Args={'value': 351, 'prev_value': None, 'change': True}
2026-01-03 16:44:08,142 : INFO : EventManager : Event: ======'machine_var_audits_switches_s_pop_bumper'====== Args={'value': 27, 'prev_value': None, 'change': True}
2026-01-03 16:44:08,142 : INFO : EventManager : Event: ======'machine_var_audits_switches_s_ramp'====== Args={'value': 83, 'prev_value': None, 'change': True}
2026-01-03 16:44:08,142 : INFO : EventManager : Event: ======'machine_var_audits_switches_s_right_flipper'====== Args={'value': 300, 'prev_value': None, 'change': True}
2026-01-03 16:44:08,142 : INFO : EventManager : Event: ======'machine_var_audits_switches_s_right_inlane'====== Args={'value': 16, 'prev_value': None, 'change': True}
2026-01-03 16:44:08,142 : INFO : EventManager : Event: ======'machine_var_audits_switches_s_right_orbit'====== Args={'value': 301, 'prev_value': None, 'change': True}
2026-01-03 16:44:08,142 : INFO : EventManager : Event: ======'machine_var_audits_switches_s_right_outlane'====== Args={'value': 13, 'prev_value': None, 'change': True}
2026-01-03 16:44:08,142 : INFO : EventManager : Event: ======'machine_var_audits_switches_s_saucer'====== Args={'value': 47, 'prev_value': None, 'change': True}
2026-01-03 16:44:08,142 : INFO : EventManager : Event: ======'machine_var_audits_switches_s_start'====== Args={'value': 63, 'prev_value': None, 'change': True}
2026-01-03 16:44:08,142 : INFO : EventManager : Event: ======'machine_var_audits_switches_s_top_left_slingshot'====== Args={'value': 23, 'prev_value': None, 'change': True}
2026-01-03 16:44:08,142 : INFO : EventManager : Event: ======'machine_var_audits_switches_s_top_right_slingshot'====== Args={'value': 25, 'prev_value': None, 'change': True}
2026-01-03 16:44:08,142 : INFO : EventManager : Event: ======'machine_var_audits_switches_s_trough_1'====== Args={'value': 68, 'prev_value': None, 'change': True}
2026-01-03 16:44:08,142 : INFO : EventManager : Event: ======'machine_var_audits_switches_s_trough_2'====== Args={'value': 9, 'prev_value': None, 'change': True}
2026-01-03 16:44:08,142 : INFO : EventManager : Event: ======'machine_var_audits_switches_s_trough_3'====== Args={'value': 52, 'prev_value': None, 'change': True}
2026-01-03 16:44:08,142 : INFO : EventManager : Event: ======'machine_var_audits_switches_s_vuk'====== Args={'value': 341, 'prev_value': None, 'change': True}
2026-01-03 16:44:08,142 : INFO : EventManager : Event: ======'init_phase_5'====== Args={}
2026-01-03 16:44:08,143 : INFO : EventManager : Event: ======'init_done'====== Args={}
2026-01-03 16:44:08,143 : INFO : EventManager : Event: ======'machine_reset_phase_1'====== Args={}
2026-01-03 16:44:08,144 : INFO : EventManager : Event: ======'machine_reset_phase_2'====== Args={}
2026-01-03 16:44:08,144 : INFO : EventManager : Event: ======'machine_reset_phase_3'====== Args={}
2026-01-03 16:44:08,144 : INFO : EventManager : Event: ======'reset_complete'====== Args={}
2026-01-03 16:44:08,144 : INFO : EventManager : Event: ======'mode_attract_will_start'====== Args={}
2026-01-03 16:44:08,144 : INFO : Timer.attract_carousel_timer : Starting Timer.
2026-01-03 16:44:08,144 : INFO : EventManager : Event: ======'timer_attract_carousel_timer_started'====== Args={'ticks': 0, 'ticks_remaining': 1}
2026-01-03 16:44:08,144 : INFO : EventManager : Event: ======'timer_attract_carousel_timer_tick'====== Args={'ticks': 0, 'ticks_remaining': 1}
2026-01-03 16:44:08,144 : INFO : EventManager : Event: ======'mode_attract_starting'====== Args={}
2026-01-03 16:44:08,144 : INFO : Mode.attract : Started. Priority: 10
2026-01-03 16:44:08,144 : INFO : EventManager : Event: ======'modes_active_modes_changed'====== Args={}
2026-01-03 16:44:08,144 : INFO : EventManager : Event: ======'mode_attract_started'====== Args={}
2026-01-03 16:44:08,144 : INFO : EventManager : Event: ======'collecting_balls_complete'====== Args={}
2026-01-03 16:44:08,144 : INFO : EventManager : Event: ======'carousel_item_highlighted'====== Args={'carousel': 'attract', 'direction': None, 'item': 'title'}
2026-01-03 16:44:08,144 : INFO : Machine : Starting the main run loop with active modes: [<Mode.attract>]
2026-01-03 16:44:08,619 : INFO : BcpServer : New client connected.
2026-01-03 16:44:15,411 : INFO : Machine : Shutting down...
2026-01-03 16:44:15,411 : INFO : EventManager : Event: ======'shutdown'====== Args={}
2026-01-03 16:44:15,414 : ERROR : OPP : Stop called on serial connection /dev/cu.usbmodem4E7B377B48001
2026-01-03 16:44:15,416 : ERROR : OPP : Stop called on serial connection /dev/cu.usbmodem5678485D30001
2026-01-03 16:44:15,418 : INFO : root : MPF run loop ended.
